Archive member included to satisfy reference by file (symbol)

/Applications/SEGGER Embedded Studio for ARM 4.52c/lib/libc_v7em_fpv4_sp_d16_hard_t_le_eabi.a(libc_asm.o)
                              build/teltron_light_server_client_nrf52832_xxAA_s132_7.0.1_Release/obj/rtt_input.o (__aeabi_uldivmod)
/Applications/SEGGER Embedded Studio for ARM 4.52c/lib/libc_v7em_fpv4_sp_d16_hard_t_le_eabi.a(libc2.o)
                              build/teltron_light_server_client_nrf52832_xxAA_s132_7.0.1_Release/obj/mesh_mem_stdlib.o (malloc)
/Applications/SEGGER Embedded Studio for ARM 4.52c/lib/libc_v7em_fpv4_sp_d16_hard_t_le_eabi.a(libc2_asm.o)
                              build/teltron_light_server_client_nrf52832_xxAA_s132_7.0.1_Release/obj/transport.o (memcpy)
/Applications/SEGGER Embedded Studio for ARM 4.52c/lib/libc_v7em_fpv4_sp_d16_hard_t_le_eabi.a(libc.o)
                              /Applications/SEGGER Embedded Studio for ARM 4.52c/lib/libc_v7em_fpv4_sp_d16_hard_t_le_eabi.a(libc2.o) (__heap_lock)
/Applications/SEGGER Embedded Studio for ARM 4.52c/lib/libdebugio_v7em_fpv4_sp_d16_hard_t_le_eabi.a(libdebugio.o)
                              build/teltron_light_server_client_nrf52832_xxAA_s132_7.0.1_Release/obj/thumb_crt0.o (debug_fopen)
/Applications/SEGGER Embedded Studio for ARM 4.52c/lib/libdebugio_mempoll_v7em_fpv4_sp_d16_hard_t_le_eabi.a(mempoll_debug_operations.o)
                              /Applications/SEGGER Embedded Studio for ARM 4.52c/lib/libdebugio_v7em_fpv4_sp_d16_hard_t_le_eabi.a(libdebugio.o) (__do_debug_operation)
/Applications/SEGGER Embedded Studio for ARM 4.52c/lib/libdebugio_mempoll_v7em_fpv4_sp_d16_hard_t_le_eabi.a(do_nv_debug_operation.o)
                              /Applications/SEGGER Embedded Studio for ARM 4.52c/lib/libdebugio_v7em_fpv4_sp_d16_hard_t_le_eabi.a(libdebugio.o) (__do_nvdebug_operation)
/Applications/SEGGER Embedded Studio for ARM 4.52c/lib/libm_v7em_fpv4_sp_d16_hard_t_le_eabi.a(libm_asm.o)
                              /Applications/SEGGER Embedded Studio for ARM 4.52c/lib/libc_v7em_fpv4_sp_d16_hard_t_le_eabi.a(libc2.o) (__aeabi_dadd)
/Applications/SEGGER Embedded Studio for ARM 4.52c/lib/libm_v7em_fpv4_sp_d16_hard_t_le_eabi.a(libm2.o)
                              /Applications/SEGGER Embedded Studio for ARM 4.52c/lib/libvfprintf_v7em_fpv4_sp_d16_hard_t_le_eabi.o (frexp)

Discarded input sections

 .text          0x0000000000000000        0x0 build/teltron_light_server_client_nrf52832_xxAA_s132_7.0.1_Release/obj/main.o
 .data          0x0000000000000000        0x0 build/teltron_light_server_client_nrf52832_xxAA_s132_7.0.1_Release/obj/main.o
 .bss           0x0000000000000000        0x0 build/teltron_light_server_client_nrf52832_xxAA_s132_7.0.1_Release/obj/main.o
 .text          0x0000000000000000        0x0 build/teltron_light_server_client_nrf52832_xxAA_s132_7.0.1_Release/obj/mesh_provisionee.o
 .data          0x0000000000000000        0x0 build/teltron_light_server_client_nrf52832_xxAA_s132_7.0.1_Release/obj/mesh_provisionee.o
 .bss           0x0000000000000000        0x0 build/teltron_light_server_client_nrf52832_xxAA_s132_7.0.1_Release/obj/mesh_provisionee.o
 .text.mesh_provisionee_prov_listen_stop
                0x0000000000000000        0xc build/teltron_light_server_client_nrf52832_xxAA_s132_7.0.1_Release/obj/mesh_provisionee.o
 .text          0x0000000000000000        0x0 build/teltron_light_server_client_nrf52832_xxAA_s132_7.0.1_Release/obj/rtt_input.o
 .data          0x0000000000000000        0x0 build/teltron_light_server_client_nrf52832_xxAA_s132_7.0.1_Release/obj/rtt_input.o
 .bss           0x0000000000000000        0x0 build/teltron_light_server_client_nrf52832_xxAA_s132_7.0.1_Release/obj/rtt_input.o
 .text.rtt_input_disable
                0x0000000000000000       0x28 build/teltron_light_server_client_nrf52832_xxAA_s132_7.0.1_Release/obj/rtt_input.o
 .text          0x0000000000000000        0x0 build/teltron_light_server_client_nrf52832_xxAA_s132_7.0.1_Release/obj/simple_hal.o
 .data          0x0000000000000000        0x0 build/teltron_light_server_client_nrf52832_xxAA_s132_7.0.1_Release/obj/simple_hal.o
 .bss           0x0000000000000000        0x0 build/teltron_light_server_client_nrf52832_xxAA_s132_7.0.1_Release/obj/simple_hal.o
 .text.hal_led_pin_get
                0x0000000000000000       0x18 build/teltron_light_server_client_nrf52832_xxAA_s132_7.0.1_Release/obj/simple_hal.o
 .text.hal_led_pin_set
                0x0000000000000000       0x18 build/teltron_light_server_client_nrf52832_xxAA_s132_7.0.1_Release/obj/simple_hal.o
 .text          0x0000000000000000        0x0 build/teltron_light_server_client_nrf52832_xxAA_s132_7.0.1_Release/obj/mesh_app_utils.o
 .data          0x0000000000000000        0x0 build/teltron_light_server_client_nrf52832_xxAA_s132_7.0.1_Release/obj/mesh_app_utils.o
 .bss           0x0000000000000000        0x0 build/teltron_light_server_client_nrf52832_xxAA_s132_7.0.1_Release/obj/mesh_app_utils.o
[...]
Memory Configuration

Name             Origin             Length             Attributes
UNPLACED_SECTIONS 0x0000000100000000 0x0000000000000000 xw
RAM              0x0000000020000000 0x000000000000f000 xw
FLASH            0x0000000000000000 0x0000000000078000 xw
*default*        0x0000000000000000 0xffffffffffffffff

Linker script and memory map

                0x0000000000000000                __vfprintf = __vfprintf_int
                0x0000000000000000                __vfscanf = __vfscanf_int
                0x0000000020000000                __RAM_segment_start__ = 0x20000000
                0x000000002000f000                __RAM_segment_end__ = 0x2000f000
                0x000000000000f000                __RAM_segment_size__ = 0xf000
                0x0000000000000000                __FLASH_segment_start__ = 0x0
                0x0000000000078000                __FLASH_segment_end__ = 0x78000
                0x0000000000078000                __FLASH_segment_size__ = 0x78000
                0x0000000000000400                __HEAPSIZE__ = 0x400
                0x0000000000000000                __STACKSIZE_PROCESS__ = 0x0
                0x0000000000000800                __STACKSIZE__ = 0x800
                0x0000000020000000                __reserved_ram_load_start__ = 0x20000000

.reserved_ram   0x0000000020000000     0x2df0
                0x0000000020000000                __reserved_ram_start__ = .
 *(.reserved_ram .reserved_ram.*)
                0x0000000020002df0                . = MAX (((__reserved_ram_start__ + 0x20002df0) - 0x20000000), .)
 *fill*         0x0000000020000000     0x2df0 
                0x0000000020002df0                __reserved_ram_end__ = (__reserved_ram_start__ + SIZEOF (.reserved_ram))
                0x0000000000002df0                __reserved_ram_size__ = SIZEOF (.reserved_ram)
                0x0000000020002df0                __reserved_ram_load_end__ = __reserved_ram_end__
                0x0000000000000001                . = ASSERT (((__reserved_ram_start__ == __reserved_ram_end__) || ((__reserved_ram_end__ - __RAM_segment_start__) <= __RAM_segment_size__)), error: .reserved_ram is too large to fit in RAM memory segment)
                0x0000000020002df0                __vectors_ram_load_start__ = 0x20002df0

.vectors_ram    0x0000000020002df0        0x0
                0x0000000020002df0                __vectors_ram_start__ = .
                0x0000000020002df0                __app_ram_start__ = __vectors_ram_start__
 *(.vectors_ram .vectors_ram.*)
                0x0000000020002df0                __vectors_ram_end__ = (__vectors_ram_start__ + SIZEOF (.vectors_ram))
                0x0000000000000000                __vectors_ram_size__ = SIZEOF (.vectors_ram)
                0x0000000020002df0                __vectors_ram_load_end__ = __vectors_ram_end__
                0x0000000000000001                . = ASSERT (((__vectors_ram_start__ == __vectors_ram_end__) || ((__vectors_ram_end__ - __RAM_segment_start__) <= __RAM_segment_size__)), error: .vectors_ram is too large to fit in RAM memory segment)
                0x0000000000000001                . = ASSERT ((__reserved_ram_end__ <= __vectors_ram_start__), error: section .reserved_ram overlaps absolute placed section .vectors_ram)
                0x0000000020002df0                __nrf_sections_run_load_start__ = ALIGN (__vectors_ram_end__, 0x4)

.nrf_sections_run
                0x0000000020002df0        0x0
                0x0000000020002df0                __nrf_sections_run_start__ = .
                0x0000000020002df0                __start_nrf_sections_run = __nrf_sections_run_start__
 *(.nrf_sections_run .nrf_sections_run.*)
                0x0000000020002df0                __nrf_sections_run_end__ = (__nrf_sections_run_start__ + SIZEOF (.nrf_sections_run))
                0x0000000000000000                __nrf_sections_run_size__ = SIZEOF (.nrf_sections_run)
                0x0000000020002df0                __nrf_sections_run_load_end__ = __nrf_sections_run_end__
                0x0000000000000001                . = ASSERT (((__nrf_sections_run_start__ == __nrf_sections_run_end__) || ((__nrf_sections_run_end__ - __RAM_segment_start__) <= __RAM_segment_size__)), error: .nrf_sections_run is too large to fit in RAM memory segment)
                0x0000000000000000                __reserved_flash_load_start__ = 0x0

.reserved_flash
                0x0000000000000000    0x26000
                0x0000000000000000                __reserved_flash_start__ = .
 *(.reserved_flash .reserved_flash.*)
                0x0000000000026000                . = MAX (((__reserved_flash_start__ + 0x26000) - 0x0), .)
 *fill*         0x0000000000000000    0x26000 
                0x0000000000026000                __reserved_flash_end__ = (__reserved_flash_start__ + SIZEOF (.reserved_flash))
                0x0000000000026000                __reserved_flash_size__ = SIZEOF (.reserved_flash)
                0x0000000000026000                __reserved_flash_load_end__ = __reserved_flash_end__
                0x0000000000000001                . = ASSERT (((__reserved_flash_start__ == __reserved_flash_end__) || ((__reserved_flash_end__ - __FLASH_segment_start__) <= __FLASH_segment_size__)), error: .reserved_flash is too large to fit in FLASH memory segment)
                0x0000000000026000                __vectors_load_start__ = 0x26000

.vectors        0x0000000000026000      0x200
                0x0000000000026000                __vectors_start__ = .
 *(.vectors .vectors.*)
 .vectors       0x0000000000026000      0x200 build/teltron_light_server_client_nrf52832_xxAA_s132_7.0.1_Release/obj/ses_startup_nrf52.o
                0x0000000000026000                _vectors
                0x0000000000026200                __vectors_end__ = (__vectors_start__ + SIZEOF (.vectors))
                0x0000000000000200                __vectors_size__ = SIZEOF (.vectors)
                0x0000000000026200                __vectors_load_end__ = __vectors_end__
                0x0000000000000001                . = ASSERT (((__vectors_start__ == __vectors_end__) || ((__vectors_end__ - __FLASH_segment_start__) <= __FLASH_segment_size__)), error: .vectors is too large to fit in FLASH memory segment)
                0x0000000000000001                . = ASSERT ((__reserved_flash_end__ <= __vectors_start__), error: section .reserved_flash overlaps absolute placed section .vectors)
                0x0000000000026200                __init_load_start__ = ALIGN (__vectors_end__, 0x4)

.init           0x0000000000026200      0x1a0
                0x0000000000026200                __init_start__ = .
 *(.init .init.*)
 .init          0x0000000000026200      0x154 build/teltron_light_server_client_nrf52832_xxAA_s132_7.0.1_Release/obj/thumb_crt0.o
                0x0000000000026200                _start
                0x00000000000262b0                exit
 .init          0x0000000000026354       0x18 build/teltron_light_server_client_nrf52832_xxAA_s132_7.0.1_Release/obj/ses_startup_nrf52.o
                0x0000000000026354                NMI_Handler
                0x0000000000026356                HardFault_Handler
                0x0000000000026358                MemoryManagement_Handler
                0x000000000002635a                BusFault_Handler
                0x000000000002635c                UsageFault_Handler
                0x000000000002635e                SVC_Handler
                0x0000000000026360                DebugMon_Handler
                0x0000000000026362                PendSV_Handler
                0x0000000000026364                SysTick_Handler
                0x0000000000026366                SPIM0_SPIS0_TWIM0_TWIS0_SPI0_TWI0_IRQHandler
                0x0000000000026366                UARTE0_UART0_IRQHandler
                0x0000000000026366                TIMER4_IRQHandler
                0x0000000000026366                I2S_IRQHandler
                0x0000000000026366                SWI4_EGU4_IRQHandler
                0x0000000000026366                TIMER0_IRQHandler
                0x0000000000026366                Dummy_Handler
                0x0000000000026366                TIMER1_IRQHandler
                0x0000000000026366                PWM2_IRQHandler
                0x0000000000026366                ECB_IRQHandler
                0x0000000000026366                SPIM1_SPIS1_TWIM1_TWIS1_SPI1_TWI1_IRQHandler
                0x0000000000026366                SAADC_IRQHandler
                0x0000000000026366                CCM_AAR_IRQHandler
                0x0000000000026366                WDT_IRQHandler
                0x0000000000026366                SWI5_EGU5_IRQHandler
                0x0000000000026366                RNG_IRQHandler
                0x0000000000026366                RTC2_IRQHandler
                0x0000000000026366                PWM0_IRQHandler
                0x0000000000026366                SWI3_EGU3_IRQHandler
                0x0000000000026366                SWI1_EGU1_IRQHandler
                0x0000000000026366                SPIM2_SPIS2_SPI2_IRQHandler
                0x0000000000026366                NFCT_IRQHandler
                0x0000000000026366                MWU_IRQHandler
                0x0000000000026366                COMP_LPCOMP_IRQHandler
                0x0000000000026366                RTC0_IRQHandler
                0x0000000000026366                PWM1_IRQHandler
                0x0000000000026366                POWER_CLOCK_IRQHandler
                0x0000000000026366                RADIO_IRQHandler
                0x0000000000026366                PDM_IRQHandler
                0x0000000000026366                TEMP_IRQHandler
                0x0000000000026366                TIMER3_IRQHandler
                0x0000000000026366                FPU_IRQHandler
                0x0000000000026368                nRFInitialize
 .init          0x000000000002636c       0x34 build/teltron_light_server_client_nrf52832_xxAA_s132_7.0.1_Release/obj/ses_startup_nrf_common.o
                0x000000000002636c                Reset_Handler
                0x0000000000026370                afterInitialize
                0x00000000000263a0                __init_end__ = (__init_start__ + SIZEOF (.init))
                0x00000000000001a0                __init_size__ = SIZEOF (.init)
                0x00000000000263a0                __init_load_end__ = __init_end__
                0x0000000000000001                . = ASSERT (((__init_start__ == __init_end__) || ((__init_end__ - __FLASH_segment_start__) <= __FLASH_segment_size__)), error: .init is too large to fit in FLASH memory segment)
                0x00000000000263a0                __init_rodata_load_start__ = ALIGN (__init_end__, 0x4)

.init_rodata    0x00000000000263a0        0x0
                0x00000000000263a0                __init_rodata_start__ = .
 *(.init_rodata .init_rodata.*)
                0x00000000000263a0                __init_rodata_end__ = (__init_rodata_start__ + SIZEOF (.init_rodata))
                0x0000000000000000                __init_rodata_size__ = SIZEOF (.init_rodata)
                0x00000000000263a0                __init_rodata_load_end__ = __init_rodata_end__
                0x0000000000000001                . = ASSERT (((__init_rodata_start__ == __init_rodata_end__) || ((__init_rodata_end__ - __FLASH_segment_start__) <= __FLASH_segment_size__)), error: .init_rodata is too large to fit in FLASH memory segment)
                0x00000000000263a0                __text_load_start__ = ALIGN (__init_rodata_end__, 0x4)

.text           0x00000000000263a0    0x17f7a
                0x00000000000263a0                __text_start__ = .
 *(.text .text.* .glue_7t .glue_7 .gnu.linkonce.t.* .gcc_except_table .ARM.extab* .gnu.linkonce.armextab.*)
 .glue_7        0x00000000000263a0        0x0 linker stubs
 .glue_7t       0x00000000000263a0        0x0 linker stubs
 .text.sd_app_evt_wait
                0x00000000000263a0        0x4 build/teltron_light_server_client_nrf52832_xxAA_s132_7.0.1_Release/obj/main.o
 .text.app_gen_level_client_transaction_status_cb
                0x00000000000263a4       0xb0 build/teltron_light_server_client_nrf52832_xxAA_s132_7.0.1_Release/obj/main.o
 .text.button_event_handler
                0x0000000000026454      0x32c build/teltron_light_server_client_nrf52832_xxAA_s132_7.0.1_Release/obj/main.o
 .text.models_init_cb
                0x0000000000026780       0x94 build/teltron_light_server_client_nrf52832_xxAA_s132_7.0.1_Release/obj/main.o
 .text.config_server_evt_cb
                0x0000000000026814       0x5c build/teltron_light_server_client_nrf52832_xxAA_s132_7.0.1_Release/obj/main.o
 .text.device_identification_start_cb
                0x0000000000026870       0x22 build/teltron_light_server_client_nrf52832_xxAA_s132_7.0.1_Release/obj/main.o
 .text.provisioning_aborted_cb
                0x0000000000026892        0x4 build/teltron_light_server_client_nrf52832_xxAA_s132_7.0.1_Release/obj/main.o
 *fill*         0x0000000000026896        0x2 
 .text.unicast_address_print
                0x0000000000026898       0x4c build/teltron_light_server_client_nrf52832_xxAA_s132_7.0.1_Release/obj/main.o
 .text.provisioning_complete_cb
                0x00000000000268e4       0x68 build/teltron_light_server_client_nrf52832_xxAA_s132_7.0.1_Release/obj/main.o
 .text.app_gen_level_client_publish_interval_cb
                0x000000000002694c       0x40 build/teltron_light_server_client_nrf52832_xxAA_s132_7.0.1_Release/obj/main.o
 .text.app_generic_level_client_status_cb
                0x000000000002698c       0x88 build/teltron_light_server_client_nrf52832_xxAA_s132_7.0.1_Release/obj/main.o
 .text.rtt_input_handler
                0x0000000000026a14       0x54 build/teltron_light_server_client_nrf52832_xxAA_s132_7.0.1_Release/obj/main.o
 .text.startup.main
                0x0000000000026a68      0x1bc build/teltron_light_server_client_nrf52832_xxAA_s132_7.0.1_Release/obj/main.o
                0x0000000000026a68                main
 .text.sd_ble_cfg_set
                0x0000000000026c24        0x4 build/teltron_light_server_client_nrf52832_xxAA_s132_7.0.1_Release/obj/mesh_provisionee.o
 .text.sd_state_evt_handler
                0x0000000000026c28       0xcc build/teltron_light_server_client_nrf52832_xxAA_s132_7.0.1_Release/obj/mesh_provisionee.o
 .text.mesh_evt_handler
                0x0000000000026cf4       0x2c build/teltron_light_server_client_nrf52832_xxAA_s132_7.0.1_Release/obj/mesh_provisionee.o
 .text.provisionee_start
                0x0000000000026d20       0x30 build/teltron_light_server_client_nrf52832_xxAA_s132_7.0.1_Release/obj/mesh_provisionee.o
 .text.prov_evt_handler
                0x0000000000026d50       0xbc build/teltron_light_server_client_nrf52832_xxAA_s132_7.0.1_Release/obj/mesh_provisionee.o
 .text.mesh_provisionee_prov_start
                0x0000000000026e0c       0x94 build/teltron_light_server_client_nrf52832_xxAA_s132_7.0.1_Release/obj/mesh_provisionee.o
                0x0000000000026e0c                mesh_provisionee_prov_start
 .text.timeout_handler
                0x0000000000026ea0       0x1c build/teltron_light_server_client_nrf52832_xxAA_s132_7.0.1_Release/obj/rtt_input.o
                0x0000000000026ea0                timeout_handler
 .text.rtt_input_enable
                0x0000000000026ebc       0x6c build/teltron_light_server_client_nrf52832_xxAA_s132_7.0.1_Release/obj/rtt_input.o
                0x0000000000026ebc                rtt_input_enable
 .text.led_timeout_handler
                0x0000000000026f28       0x54 build/teltron_light_server_client_nrf52832_xxAA_s132_7.0.1_Release/obj/simple_hal.o
 .text.hal_led_mask_set
                0x0000000000026f7c       0x12 build/teltron_light_server_client_nrf52832_xxAA_s132_7.0.1_Release/obj/simple_hal.o
                0x0000000000026f7c                hal_led_mask_set
 *fill*         0x0000000000026f8e        0x2 
 .text.hal_led_blink_ms
                0x0000000000026f90       0x64 build/teltron_light_server_client_nrf52832_xxAA_s132_7.0.1_Release/obj/simple_hal.o
                0x0000000000026f90                hal_led_blink_ms
 .text.hal_led_blink_stop
                0x0000000000026ff4       0x20 build/teltron_light_server_client_nrf52832_xxAA_s132_7.0.1_Release/obj/simple_hal.o
                0x0000000000026ff4                hal_led_blink_stop
 .text.hal_leds_init
                0x0000000000027014       0x58 build/teltron_light_server_client_nrf52832_xxAA_s132_7.0.1_Release/obj/simple_hal.o
                0x0000000000027014                hal_leds_init
 .text.hal_buttons_init
                0x000000000002706c       0x50 build/teltron_light_server_client_nrf52832_xxAA_s132_7.0.1_Release/obj/simple_hal.o
                0x000000000002706c                hal_buttons_init
 .text.GPIOTE_IRQHandler
                0x00000000000270bc       0x64 build/teltron_light_server_client_nrf52832_xxAA_s132_7.0.1_Release/obj/simple_hal.o
                0x00000000000270bc                GPIOTE_IRQHandler
 .text.mesh_app_uuid_print
                0x0000000000027120       0xe0 build/teltron_light_server_client_nrf52832_xxAA_s132_7.0.1_Release/obj/mesh_app_utils.o
                0x0000000000027120                mesh_app_uuid_print
 .text.sd_ble_gap_adv_set_configure
                0x0000000000027200        0x4 build/teltron_light_server_client_nrf52832_xxAA_s132_7.0.1_Release/obj/mesh_adv.o
 .text.sd_ble_gap_adv_start
                0x0000000000027204        0x4 build/teltron_light_server_client_nrf52832_xxAA_s132_7.0.1_Release/obj/mesh_adv.o
 .text.sd_ble_gap_adv_stop
                0x0000000000027208        0x4 build/teltron_light_server_client_nrf52832_xxAA_s132_7.0.1_Release/obj/mesh_adv.o
 .text.mesh_adv_data_set
                0x000000000002720c       0xe4 build/teltron_light_server_client_nrf52832_xxAA_s132_7.0.1_Release/obj/mesh_adv.o
                0x000000000002720c                mesh_adv_data_set
 .text.mesh_adv_params_set
                0x00000000000272f0       0x28 build/teltron_light_server_client_nrf52832_xxAA_s132_7.0.1_Release/obj/mesh_adv.o
                0x00000000000272f0                mesh_adv_params_set
 .text.mesh_adv_start
                0x0000000000027318       0x20 build/teltron_light_server_client_nrf52832_xxAA_s132_7.0.1_Release/obj/mesh_adv.o
                0x0000000000027318                mesh_adv_start
 .text.mesh_adv_stop
                0x0000000000027338       0x1c build/teltron_light_server_client_nrf52832_xxAA_s132_7.0.1_Release/obj/mesh_adv.o
                0x0000000000027338                mesh_adv_stop
 .text.sd_ble_gap_disconnect
                0x0000000000027354        0x4 build/teltron_light_server_client_nrf52832_xxAA_s132_7.0.1_Release/obj/ble_softdevice_support.o
 .text.sd_ble_gap_ppcp_set
                0x0000000000027358        0x4 build/teltron_light_server_client_nrf52832_xxAA_s132_7.0.1_Release/obj/ble_softdevice_support.o
 .text.sd_ble_gap_device_name_set
                0x000000000002735c        0x4 build/teltron_light_server_client_nrf52832_xxAA_s132_7.0.1_Release/obj/ble_softdevice_support.o
 .text.sd_ble_cfg_set
                0x0000000000027360        0x4 build/teltron_light_server_client_nrf52832_xxAA_s132_7.0.1_Release/obj/ble_softdevice_support.o
 .text.conn_params_error_handler
                0x0000000000027364        0x4 build/teltron_light_server_client_nrf52832_xxAA_s132_7.0.1_Release/obj/ble_softdevice_support.o
 .text.on_sd_evt
                0x0000000000027368        0x4 build/teltron_light_server_client_nrf52832_xxAA_s132_7.0.1_Release/obj/ble_softdevice_support.o
 .text.on_conn_params_evt
                0x000000000002736c       0x5c build/teltron_light_server_client_nrf52832_xxAA_s132_7.0.1_Release/obj/ble_softdevice_support.o
 .text.ble_stack_init
                0x00000000000273c8       0x50 build/teltron_light_server_client_nrf52832_xxAA_s132_7.0.1_Release/obj/ble_softdevice_support.o
                0x00000000000273c8                ble_stack_init
 .text.gap_params_init
                0x0000000000027418       0x3c build/teltron_light_server_client_nrf52832_xxAA_s132_7.0.1_Release/obj/ble_softdevice_support.o
                0x0000000000027418                gap_params_init
 .text.conn_params_init
                0x0000000000027454       0x58 build/teltron_light_server_client_nrf52832_xxAA_s132_7.0.1_Release/obj/ble_softdevice_support.o
                0x0000000000027454                conn_params_init
 .text._weak_handler
                0x00000000000274ac        0x4 build/teltron_light_server_client_nrf52832_xxAA_s132_7.0.1_Release/obj/nrf_mesh_weak.o
                0x00000000000274ac                prov_provisioner_oob_use
                0x00000000000274ac                nrf_mesh_dfu_jump_to_bootloader
                0x00000000000274ac                nrf_mesh_dfu_rx
                0x00000000000274ac                prov_provisioner_provision
                0x00000000000274ac                nrf_mesh_dfu_bank_info_get
                0x00000000000274ac                prov_provisioner_oob_pubkey
                0x00000000000274ac                nrf_mesh_dfu_request
                0x00000000000274ac                nrf_mesh_dfu_bank_flash
                0x00000000000274ac                nrf_mesh_dfu_enable
                0x00000000000274ac                _weak_handler
                0x00000000000274ac                nrf_mesh_dfu_relay
                0x00000000000274ac                nrf_mesh_dfu_abort
                0x00000000000274ac                mesh_flash_op_execute
                0x00000000000274ac                prov_provisionee_init
                0x00000000000274ac                nrf_mesh_dfu_state_get
                0x00000000000274ac                prov_provisioner_shared_secret
                0x00000000000274ac                prov_provisioner_auth_data
                0x00000000000274ac                prov_bearer_adv_packet_in
                0x00000000000274ac                nrf_mesh_dfu_init
 .text.app_error_fault_handler
                0x00000000000274b0      0x140 build/teltron_light_server_client_nrf52832_xxAA_s132_7.0.1_Release/obj/app_error_weak.o
                0x00000000000274b0                app_error_fault_handler
 .text.mesh_assertion_handler
                0x00000000000275f0       0x20 build/teltron_light_server_client_nrf52832_xxAA_s132_7.0.1_Release/obj/assertion_handler_weak.o
                0x00000000000275f0                mesh_assertion_handler
 .text.nrf_mesh_configure_device_uuid_set
                0x0000000000027610       0x18 build/teltron_light_server_client_nrf52832_xxAA_s132_7.0.1_Release/obj/nrf_mesh_configure.o
                0x0000000000027610                nrf_mesh_configure_device_uuid_set
 .text.nrf_mesh_configure_device_uuid_reset
                0x0000000000027628       0x34 build/teltron_light_server_client_nrf52832_xxAA_s132_7.0.1_Release/obj/nrf_mesh_configure.o
                0x0000000000027628                nrf_mesh_configure_device_uuid_reset
 .text.nrf_mesh_configure_device_uuid_get
                0x000000000002765c        0x8 build/teltron_light_server_client_nrf52832_xxAA_s132_7.0.1_Release/obj/nrf_mesh_configure.o
                0x000000000002765c                nrf_mesh_configure_device_uuid_get
 .text.msg_cache_init
                0x0000000000027664       0x24 build/teltron_light_server_client_nrf52832_xxAA_s132_7.0.1_Release/obj/msg_cache.o
                0x0000000000027664                msg_cache_init
 .text.msg_cache_entry_exists
                0x0000000000027688       0x3c build/teltron_light_server_client_nrf52832_xxAA_s132_7.0.1_Release/obj/msg_cache.o
                0x0000000000027688                msg_cache_entry_exists
 .text.msg_cache_entry_add
                0x00000000000276c4       0x30 build/teltron_light_server_client_nrf52832_xxAA_s132_7.0.1_Release/obj/msg_cache.o
                0x00000000000276c4                msg_cache_entry_add
 .text.transport_sar_first_seq_num_get
                0x00000000000276f4       0x12 build/teltron_light_server_client_nrf52832_xxAA_s132_7.0.1_Release/obj/transport.o
 *fill*         0x0000000000027706        0x2 
 .text.control_packet_callback_get
                0x0000000000027708       0x40 build/teltron_light_server_client_nrf52832_xxAA_s132_7.0.1_Release/obj/transport.o
 .text.tx_complete
                0x0000000000027748       0x2c build/teltron_light_server_client_nrf52832_xxAA_s132_7.0.1_Release/obj/transport.o
 .text.block_ack_full
                0x0000000000027774       0x1a build/teltron_light_server_client_nrf52832_xxAA_s132_7.0.1_Release/obj/transport.o
 .text.upper_trs_packet_encrypt
                0x000000000002778e       0x86 build/teltron_light_server_client_nrf52832_xxAA_s132_7.0.1_Release/obj/transport.o
 .text.sar_ctx_alloc
                0x0000000000027814       0xcc build/teltron_light_server_client_nrf52832_xxAA_s132_7.0.1_Release/obj/transport.o
 .text.sar_ctx_free
                0x00000000000278e0       0x3a build/teltron_light_server_client_nrf52832_xxAA_s132_7.0.1_Release/obj/transport.o
 .text.sar_ctx_tx_complete
                0x000000000002791a       0x34 build/teltron_light_server_client_nrf52832_xxAA_s132_7.0.1_Release/obj/transport.o
 .text.transport_metadata_validate
                0x000000000002794e       0x54 build/teltron_light_server_client_nrf52832_xxAA_s132_7.0.1_Release/obj/transport.o
 *fill*         0x00000000000279a2        0x2 
 .text.test_transport_decrypt
                0x00000000000279a4       0x64 build/teltron_light_server_client_nrf52832_xxAA_s132_7.0.1_Release/obj/transport.o
 .text.replay_list_add
                0x0000000000027a08       0x4c build/teltron_light_server_client_nrf52832_xxAA_s132_7.0.1_Release/obj/transport.o
 .text.upper_transport_access_packet_in
                0x0000000000027a54      0x17c build/teltron_light_server_client_nrf52832_xxAA_s132_7.0.1_Release/obj/transport.o
 .text.trs_packet_header_build
                0x0000000000027bd0       0x82 build/teltron_light_server_client_nrf52832_xxAA_s132_7.0.1_Release/obj/transport.o
 .text.trs_sar_packet_out
                0x0000000000027c52      0x10c build/teltron_light_server_client_nrf52832_xxAA_s132_7.0.1_Release/obj/transport.o
 *fill*         0x0000000000027d5e        0x2 
 .text.tx_retry_timer_reset
                0x0000000000027d60       0x3c build/teltron_light_server_client_nrf52832_xxAA_s132_7.0.1_Release/obj/transport.o
 .text.segmented_packet_tx
                0x0000000000027d9c      0x124 build/teltron_light_server_client_nrf52832_xxAA_s132_7.0.1_Release/obj/transport.o
 .text.sar_ctx_cancel
                0x0000000000027ec0       0xbc build/teltron_light_server_client_nrf52832_xxAA_s132_7.0.1_Release/obj/transport.o
 .text.abort_timeout
                0x0000000000027f7c        0x8 build/teltron_light_server_client_nrf52832_xxAA_s132_7.0.1_Release/obj/transport.o
 .text.retry_timeout
                0x0000000000027f84       0x4c build/teltron_light_server_client_nrf52832_xxAA_s132_7.0.1_Release/obj/transport.o
 .text.transport_control_packet_in
                0x0000000000027fd0      0x184 build/teltron_light_server_client_nrf52832_xxAA_s132_7.0.1_Release/obj/transport.o
 .text.unsegmented_packet_tx
                0x0000000000028154       0x7c build/teltron_light_server_client_nrf52832_xxAA_s132_7.0.1_Release/obj/transport.o
 .text.transport_init
                0x00000000000281d0       0x84 build/teltron_light_server_client_nrf52832_xxAA_s132_7.0.1_Release/obj/transport.o
                0x00000000000281d0                transport_init
 .text.transport_enable
                0x0000000000028254        0x4 build/teltron_light_server_client_nrf52832_xxAA_s132_7.0.1_Release/obj/transport.o
                0x0000000000028254                transport_enable
 .text.transport_tx
                0x0000000000028258       0xf0 build/teltron_light_server_client_nrf52832_xxAA_s132_7.0.1_Release/obj/transport.o
                0x0000000000028258                transport_tx
 .text.transport_control_tx
                0x0000000000028348       0xdc build/teltron_light_server_client_nrf52832_xxAA_s132_7.0.1_Release/obj/transport.o
                0x0000000000028348                transport_control_tx
 .text.sar_ack_send
                0x0000000000028424       0xe8 build/teltron_light_server_client_nrf52832_xxAA_s132_7.0.1_Release/obj/transport.o
 .text.ack_timeout
                0x000000000002850c       0x30 build/teltron_light_server_client_nrf52832_xxAA_s132_7.0.1_Release/obj/transport.o
 .text.transport_packet_in
                0x000000000002853c      0x47c build/teltron_light_server_client_nrf52832_xxAA_s132_7.0.1_Release/obj/transport.o
                0x000000000002853c                transport_packet_in
 .text.transport_sar_process
                0x00000000000289b8       0x68 build/teltron_light_server_client_nrf52832_xxAA_s132_7.0.1_Release/obj/transport.o
 .text.transport_control_packet_consumer_add
                0x0000000000028a20       0x64 build/teltron_light_server_client_nrf52832_xxAA_s132_7.0.1_Release/obj/transport.o
                0x0000000000028a20                transport_control_packet_consumer_add
 .text.event_handle
                0x0000000000028a84       0x54 build/teltron_light_server_client_nrf52832_xxAA_s132_7.0.1_Release/obj/event.o
                0x0000000000028a84                event_handle
 .text.event_handler_add
                0x0000000000028ad8       0x20 build/teltron_light_server_client_nrf52832_xxAA_s132_7.0.1_Release/obj/event.o
                0x0000000000028ad8                event_handler_add
 .text.event_handler_remove
                0x0000000000028af8       0x34 build/teltron_light_server_client_nrf52832_xxAA_s132_7.0.1_Release/obj/event.o
                0x0000000000028af8                event_handler_remove
 .text.m_index_increment
                0x0000000000028b2c       0x1e build/teltron_light_server_client_nrf52832_xxAA_s132_7.0.1_Release/obj/packet_buffer.o
 .text.m_get_next_packet
                0x0000000000028b4a       0x1e build/teltron_light_server_client_nrf52832_xxAA_s132_7.0.1_Release/obj/packet_buffer.o
 .text.packet_buffer_init
                0x0000000000028b68       0xa8 build/teltron_light_server_client_nrf52832_xxAA_s132_7.0.1_Release/obj/packet_buffer.o
                0x0000000000028b68                packet_buffer_init
 .text.packet_buffer_flush
                0x0000000000028c10       0x50 build/teltron_light_server_client_nrf52832_xxAA_s132_7.0.1_Release/obj/packet_buffer.o
                0x0000000000028c10                packet_buffer_flush
 .text.packet_buffer_reserve
                0x0000000000028c60       0xa2 build/teltron_light_server_client_nrf52832_xxAA_s132_7.0.1_Release/obj/packet_buffer.o
                0x0000000000028c60                packet_buffer_reserve
 .text.packet_buffer_commit
                0x0000000000028d02       0x62 build/teltron_light_server_client_nrf52832_xxAA_s132_7.0.1_Release/obj/packet_buffer.o
                0x0000000000028d02                packet_buffer_commit
 .text.packet_buffer_pop
                0x0000000000028d64       0x5a build/teltron_light_server_client_nrf52832_xxAA_s132_7.0.1_Release/obj/packet_buffer.o
                0x0000000000028d64                packet_buffer_pop
 .text.packet_buffer_can_pop
                0x0000000000028dbe       0x34 build/teltron_light_server_client_nrf52832_xxAA_s132_7.0.1_Release/obj/packet_buffer.o
                0x0000000000028dbe                packet_buffer_can_pop
 .text.packet_buffer_packets_ready_to_pop
                0x0000000000028df2       0x36 build/teltron_light_server_client_nrf52832_xxAA_s132_7.0.1_Release/obj/packet_buffer.o
                0x0000000000028df2                packet_buffer_packets_ready_to_pop
 .text.packet_buffer_free
                0x0000000000028e28       0x74 build/teltron_light_server_client_nrf52832_xxAA_s132_7.0.1_Release/obj/packet_buffer.o
                0x0000000000028e28                packet_buffer_free
 .text.packet_buffer_is_empty
                0x0000000000028e9c       0x28 build/teltron_light_server_client_nrf52832_xxAA_s132_7.0.1_Release/obj/packet_buffer.o
                0x0000000000028e9c                packet_buffer_is_empty
 .text.get_last_page
                0x0000000000028ec4       0x14 build/teltron_light_server_client_nrf52832_xxAA_s132_7.0.1_Release/obj/flash_manager_defrag.o
 .text.defrag_on_end
                0x0000000000028ed8       0x1c build/teltron_light_server_client_nrf52832_xxAA_s132_7.0.1_Release/obj/flash_manager_defrag.o
 .text.execute_procedure_step
                0x0000000000028ef4       0x70 build/teltron_light_server_client_nrf52832_xxAA_s132_7.0.1_Release/obj/flash_manager_defrag.o
 .text.get_next_entry
                0x0000000000028f64       0x38 build/teltron_light_server_client_nrf52832_xxAA_s132_7.0.1_Release/obj/flash_manager_defrag.o
 .text.get_next_data_entry
                0x0000000000028f9c       0x26 build/teltron_light_server_client_nrf52832_xxAA_s132_7.0.1_Release/obj/flash_manager_defrag.o
 *fill*         0x0000000000028fc2        0x2 
 .text.on_flash_op_end
                0x0000000000028fc4       0x2c build/teltron_light_server_client_nrf52832_xxAA_s132_7.0.1_Release/obj/flash_manager_defrag.o
 .text.check_for_invalid_entries
                0x0000000000028ff0       0x38 build/teltron_light_server_client_nrf52832_xxAA_s132_7.0.1_Release/obj/flash_manager_defrag.o
 .text.erase_recovery_area
                0x0000000000029028       0x34 build/teltron_light_server_client_nrf52832_xxAA_s132_7.0.1_Release/obj/flash_manager_defrag.o
 .text.flash.constprop.0
                0x000000000002905c       0x24 build/teltron_light_server_client_nrf52832_xxAA_s132_7.0.1_Release/obj/flash_manager_defrag.o
 .text.invalidate_duplicate_entries
                0x0000000000029080       0xa8 build/teltron_light_server_client_nrf52832_xxAA_s132_7.0.1_Release/obj/flash_manager_defrag.o
 .text.seal_storage_page
                0x0000000000029128       0x50 build/teltron_light_server_client_nrf52832_xxAA_s132_7.0.1_Release/obj/flash_manager_defrag.o
 .text.copy_metadata
                0x0000000000029178       0x3c build/teltron_light_server_client_nrf52832_xxAA_s132_7.0.1_Release/obj/flash_manager_defrag.o
 .text.write_defrag_start_pointer
                0x00000000000291b4       0x20 build/teltron_light_server_client_nrf52832_xxAA_s132_7.0.1_Release/obj/flash_manager_defrag.o
 .text.write_back
                0x00000000000291d4       0x28 build/teltron_light_server_client_nrf52832_xxAA_s132_7.0.1_Release/obj/flash_manager_defrag.o
 .text.post_process
                0x00000000000291fc       0x40 build/teltron_light_server_client_nrf52832_xxAA_s132_7.0.1_Release/obj/flash_manager_defrag.o
 .text.backup_entries
                0x000000000002923c       0xd8 build/teltron_light_server_client_nrf52832_xxAA_s132_7.0.1_Release/obj/flash_manager_defrag.o
 .text.erase_source
                0x0000000000029314       0x34 build/teltron_light_server_client_nrf52832_xxAA_s132_7.0.1_Release/obj/flash_manager_defrag.o
 .text.flash_manager_defrag_init
                0x0000000000029348       0xec build/teltron_light_server_client_nrf52832_xxAA_s132_7.0.1_Release/obj/flash_manager_defrag.o
                0x0000000000029348                flash_manager_defrag_init
 .text.flash_manager_defragging
                0x0000000000029434       0x38 build/teltron_light_server_client_nrf52832_xxAA_s132_7.0.1_Release/obj/flash_manager_defrag.o
                0x0000000000029434                flash_manager_defragging
 .text.flash_manager_defrag_is_running
                0x000000000002946c       0x10 build/teltron_light_server_client_nrf52832_xxAA_s132_7.0.1_Release/obj/flash_manager_defrag.o
                0x000000000002946c                flash_manager_defrag_is_running
 .text.flash_manager_defrag
                0x000000000002947c       0x44 build/teltron_light_server_client_nrf52832_xxAA_s132_7.0.1_Release/obj/flash_manager_defrag.o
                0x000000000002947c                flash_manager_defrag
 .text.flash_manager_defrag_recovery_page_get
                0x00000000000294c0        0xc build/teltron_light_server_client_nrf52832_xxAA_s132_7.0.1_Release/obj/flash_manager_defrag.o
                0x00000000000294c0                flash_manager_defrag_recovery_page_get
 .text.fifo_init
                0x00000000000294cc       0x34 build/teltron_light_server_client_nrf52832_xxAA_s132_7.0.1_Release/obj/fifo.o
                0x00000000000294cc                fifo_init
 .text.fifo_pop
                0x0000000000029500       0x52 build/teltron_light_server_client_nrf52832_xxAA_s132_7.0.1_Release/obj/fifo.o
                0x0000000000029500                fifo_pop
 *fill*         0x0000000000029552        0x2 
 .text.wait_for_ready
                0x0000000000029554       0x10 build/teltron_light_server_client_nrf52832_xxAA_s132_7.0.1_Release/obj/nrf_flash.o
 .text.nrf_flash_erase
                0x0000000000029564       0x50 build/teltron_light_server_client_nrf52832_xxAA_s132_7.0.1_Release/obj/nrf_flash.o
                0x0000000000029564                nrf_flash_erase
 .text.nrf_flash_write
                0x00000000000295b4       0x58 build/teltron_light_server_client_nrf52832_xxAA_s132_7.0.1_Release/obj/nrf_flash.o
                0x00000000000295b4                nrf_flash_write
 .text.iv_timeout_limit_passed
                0x000000000002960c       0x18 build/teltron_light_server_client_nrf52832_xxAA_s132_7.0.1_Release/obj/net_state.o
 .text.seqnum_block_legacy_setter
                0x0000000000029624       0x3c build/teltron_light_server_client_nrf52832_xxAA_s132_7.0.1_Release/obj/net_state.o
 .text.iv_index_legacy_setter
                0x0000000000029660       0x3c build/teltron_light_server_client_nrf52832_xxAA_s132_7.0.1_Release/obj/net_state.o
 .text.seqnum_block_getter
                0x000000000002969c       0x24 build/teltron_light_server_client_nrf52832_xxAA_s132_7.0.1_Release/obj/net_state.o
 .text.seqnum_block_setter
                0x00000000000296c0       0x34 build/teltron_light_server_client_nrf52832_xxAA_s132_7.0.1_Release/obj/net_state.o
 .text.iv_index_getter
                0x00000000000296f4       0x24 build/teltron_light_server_client_nrf52832_xxAA_s132_7.0.1_Release/obj/net_state.o
 .text.iv_index_setter
                0x0000000000029718       0x34 build/teltron_light_server_client_nrf52832_xxAA_s132_7.0.1_Release/obj/net_state.o
 .text.seqnum_block_deleter
                0x000000000002974c       0x24 build/teltron_light_server_client_nrf52832_xxAA_s132_7.0.1_Release/obj/net_state.o
 .text.iv_index_deleter
                0x0000000000029770       0x24 build/teltron_light_server_client_nrf52832_xxAA_s132_7.0.1_Release/obj/net_state.o
 .text.iv_index_notify
                0x0000000000029794       0x30 build/teltron_light_server_client_nrf52832_xxAA_s132_7.0.1_Release/obj/net_state.o
 .text.persist_completed_notify
                0x00000000000297c4       0x2c build/teltron_light_server_client_nrf52832_xxAA_s132_7.0.1_Release/obj/net_state.o
 .text.seqnum_block_allocate
                0x00000000000297f0       0x58 build/teltron_light_server_client_nrf52832_xxAA_s132_7.0.1_Release/obj/net_state.o
 .text.iv_index_store
                0x0000000000029848       0x44 build/teltron_light_server_client_nrf52832_xxAA_s132_7.0.1_Release/obj/net_state.o
 .text.net_state_reset
                0x000000000002988c       0x3c build/teltron_light_server_client_nrf52832_xxAA_s132_7.0.1_Release/obj/net_state.o
                0x000000000002988c                net_state_reset
 .text.net_state_init
                0x00000000000298c8       0x48 build/teltron_light_server_client_nrf52832_xxAA_s132_7.0.1_Release/obj/net_state.o
                0x00000000000298c8                net_state_init
 .text.net_state_enable
                0x0000000000029910       0xc4 build/teltron_light_server_client_nrf52832_xxAA_s132_7.0.1_Release/obj/net_state.o
                0x0000000000029910                net_state_enable
 .text.net_state_is_seqnum_block_ready
                0x00000000000299d4       0x14 build/teltron_light_server_client_nrf52832_xxAA_s132_7.0.1_Release/obj/net_state.o
                0x00000000000299d4                net_state_is_seqnum_block_ready
 .text.net_state_iv_update_start
                0x00000000000299e8       0x40 build/teltron_light_server_client_nrf52832_xxAA_s132_7.0.1_Release/obj/net_state.o
                0x00000000000299e8                net_state_iv_update_start
 .text.iv_update_trigger_if_pending
                0x0000000000029a28       0x5c build/teltron_light_server_client_nrf52832_xxAA_s132_7.0.1_Release/obj/net_state.o
 .text.iv_update_timer_handler
                0x0000000000029a84       0x9c build/teltron_light_server_client_nrf52832_xxAA_s132_7.0.1_Release/obj/net_state.o
 .text.mesh_evt_handler
                0x0000000000029b20       0x88 build/teltron_light_server_client_nrf52832_xxAA_s132_7.0.1_Release/obj/net_state.o
 .text.net_state_seqnum_alloc
                0x0000000000029ba8       0x74 build/teltron_light_server_client_nrf52832_xxAA_s132_7.0.1_Release/obj/net_state.o
                0x0000000000029ba8                net_state_seqnum_alloc
 .text.net_state_iv_index_lock
                0x0000000000029c1c       0x3c build/teltron_light_server_client_nrf52832_xxAA_s132_7.0.1_Release/obj/net_state.o
                0x0000000000029c1c                net_state_iv_index_lock
 .text.net_state_key_refresh_phase_changed
                0x0000000000029c58       0x20 build/teltron_light_server_client_nrf52832_xxAA_s132_7.0.1_Release/obj/net_state.o
                0x0000000000029c58                net_state_key_refresh_phase_changed
 .text.net_state_beacon_iv_index_get
                0x0000000000029c78        0xc build/teltron_light_server_client_nrf52832_xxAA_s132_7.0.1_Release/obj/net_state.o
                0x0000000000029c78                net_state_beacon_iv_index_get
 .text.net_state_tx_iv_index_get
                0x0000000000029c84       0x14 build/teltron_light_server_client_nrf52832_xxAA_s132_7.0.1_Release/obj/net_state.o
                0x0000000000029c84                net_state_tx_iv_index_get
 .text.net_state_rx_iv_index_get
                0x0000000000029c98       0x18 build/teltron_light_server_client_nrf52832_xxAA_s132_7.0.1_Release/obj/net_state.o
                0x0000000000029c98                net_state_rx_iv_index_get
 .text.net_state_iv_update_get
                0x0000000000029cb0        0xc build/teltron_light_server_client_nrf52832_xxAA_s132_7.0.1_Release/obj/net_state.o
                0x0000000000029cb0                net_state_iv_update_get
 .text.net_state_iv_index_set
                0x0000000000029cbc       0x44 build/teltron_light_server_client_nrf52832_xxAA_s132_7.0.1_Release/obj/net_state.o
                0x0000000000029cbc                net_state_iv_index_set
 .text.send_end_events
                0x0000000000029d00       0x84 build/teltron_light_server_client_nrf52832_xxAA_s132_7.0.1_Release/obj/mesh_flash.o
 .text.flash_op_action_prepare
                0x0000000000029d84       0x78 build/teltron_light_server_client_nrf52832_xxAA_s132_7.0.1_Release/obj/mesh_flash.o
 .text.flash_op_schedule
                0x0000000000029dfc       0x20 build/teltron_light_server_client_nrf52832_xxAA_s132_7.0.1_Release/obj/mesh_flash.o
 .text.flash_op_start
                0x0000000000029e1c      0x138 build/teltron_light_server_client_nrf52832_xxAA_s132_7.0.1_Release/obj/mesh_flash.o
 .text.mesh_flash_init
                0x0000000000029f54       0x7c build/teltron_light_server_client_nrf52832_xxAA_s132_7.0.1_Release/obj/mesh_flash.o
                0x0000000000029f54                mesh_flash_init
 .text.mesh_flash_user_callback_set
                0x0000000000029fd0       0x20 build/teltron_light_server_client_nrf52832_xxAA_s132_7.0.1_Release/obj/mesh_flash.o
                0x0000000000029fd0                mesh_flash_user_callback_set
 .text.mesh_flash_op_push
                0x0000000000029ff0      0x118 build/teltron_light_server_client_nrf52832_xxAA_s132_7.0.1_Release/obj/mesh_flash.o
                0x0000000000029ff0                mesh_flash_op_push
 .text.mesh_flash_set_suspended
                0x000000000002a108       0x70 build/teltron_light_server_client_nrf52832_xxAA_s132_7.0.1_Release/obj/mesh_flash.o
                0x000000000002a108                mesh_flash_set_suspended
 .text.nrf_mesh_address_type_get
                0x000000000002a178       0x10 build/teltron_light_server_client_nrf52832_xxAA_s132_7.0.1_Release/obj/nrf_mesh_utils.o
                0x000000000002a178                nrf_mesh_address_type_get
 .text.sd_softdevice_is_enabled
                0x000000000002a188        0x4 build/teltron_light_server_client_nrf52832_xxAA_s132_7.0.1_Release/obj/nrf_mesh.o
 .text.packet_in
                0x000000000002a18c       0x48 build/teltron_light_server_client_nrf52832_xxAA_s132_7.0.1_Release/obj/nrf_mesh.o
 .text.scanner_packet_process_cb
                0x000000000002a1d4       0x8c build/teltron_light_server_client_nrf52832_xxAA_s132_7.0.1_Release/obj/nrf_mesh.o
 .text.nrf_mesh_enabled_be_cb
                0x000000000002a260       0x50 build/teltron_light_server_client_nrf52832_xxAA_s132_7.0.1_Release/obj/nrf_mesh.o
 .text.bearer_stopped_cb
                0x000000000002a2b0       0x30 build/teltron_light_server_client_nrf52832_xxAA_s132_7.0.1_Release/obj/nrf_mesh.o
 .text.config_stable_catch
                0x000000000002a2e0       0x24 build/teltron_light_server_client_nrf52832_xxAA_s132_7.0.1_Release/obj/nrf_mesh.o
 .text.nrf_mesh_init
                0x000000000002a304       0xdc build/teltron_light_server_client_nrf52832_xxAA_s132_7.0.1_Release/obj/nrf_mesh.o
                0x000000000002a304                nrf_mesh_init
 .text.nrf_mesh_enable
                0x000000000002a3e0       0x90 build/teltron_light_server_client_nrf52832_xxAA_s132_7.0.1_Release/obj/nrf_mesh.o
                0x000000000002a3e0                nrf_mesh_enable
 .text.nrf_mesh_disable
                0x000000000002a470       0x2c build/teltron_light_server_client_nrf52832_xxAA_s132_7.0.1_Release/obj/nrf_mesh.o
                0x000000000002a470                nrf_mesh_disable
 .text.nrf_mesh_packet_send
                0x000000000002a49c        0x4 build/teltron_light_server_client_nrf52832_xxAA_s132_7.0.1_Release/obj/nrf_mesh.o
                0x000000000002a49c                nrf_mesh_packet_send
 .text.nrf_mesh_evt_handler_add
                0x000000000002a4a0        0x4 build/teltron_light_server_client_nrf52832_xxAA_s132_7.0.1_Release/obj/nrf_mesh.o
                0x000000000002a4a0                nrf_mesh_evt_handler_add
 .text.nrf_mesh_evt_handler_remove
                0x000000000002a4a4        0x4 build/teltron_light_server_client_nrf52832_xxAA_s132_7.0.1_Release/obj/nrf_mesh.o
                0x000000000002a4a4                nrf_mesh_evt_handler_remove
 .text.nrf_mesh_on_sd_evt
                0x000000000002a4a8        0xa build/teltron_light_server_client_nrf52832_xxAA_s132_7.0.1_Release/obj/nrf_mesh.o
                0x000000000002a4a8                nrf_mesh_on_sd_evt
 .text.nrf_mesh_subnet_added
                0x000000000002a4b2        0x4 build/teltron_light_server_client_nrf52832_xxAA_s132_7.0.1_Release/obj/nrf_mesh.o
                0x000000000002a4b2                nrf_mesh_subnet_added
 *fill*         0x000000000002a4b6        0x2 
 .text.nrf_mesh_unique_token_get
                0x000000000002a4b8       0x18 build/teltron_light_server_client_nrf52832_xxAA_s132_7.0.1_Release/obj/nrf_mesh.o
                0x000000000002a4b8                nrf_mesh_unique_token_get
 .text.queue_init
                0x000000000002a4d0       0x14 build/teltron_light_server_client_nrf52832_xxAA_s132_7.0.1_Release/obj/queue.o
                0x000000000002a4d0                queue_init
 .text.queue_push
                0x000000000002a4e4       0x34 build/teltron_light_server_client_nrf52832_xxAA_s132_7.0.1_Release/obj/queue.o
                0x000000000002a4e4                queue_push
 .text.queue_pop
                0x000000000002a518       0x2a build/teltron_light_server_client_nrf52832_xxAA_s132_7.0.1_Release/obj/queue.o
                0x000000000002a518                queue_pop
 .text.queue_peek
                0x000000000002a542       0x10 build/teltron_light_server_client_nrf52832_xxAA_s132_7.0.1_Release/obj/queue.o
                0x000000000002a542                queue_peek
 .text.sd_power_reset_reason_clr
                0x000000000002a552        0x4 build/teltron_light_server_client_nrf52832_xxAA_s132_7.0.1_Release/obj/hal.o
 .text.sd_power_gpregret_set
                0x000000000002a556        0x4 build/teltron_light_server_client_nrf52832_xxAA_s132_7.0.1_Release/obj/hal.o
 .text.sd_power_gpregret_clr
                0x000000000002a55a        0x4 build/teltron_light_server_client_nrf52832_xxAA_s132_7.0.1_Release/obj/hal.o
 *fill*         0x000000000002a55e        0x2 
 .text.hal_device_reset
                0x000000000002a560       0x40 build/teltron_light_server_client_nrf52832_xxAA_s132_7.0.1_Release/obj/hal.o
                0x000000000002a560                hal_device_reset
 .text.hal_lfclk_ppm_get
                0x000000000002a5a0       0x14 build/teltron_light_server_client_nrf52832_xxAA_s132_7.0.1_Release/obj/hal.o
                0x000000000002a5a0                hal_lfclk_ppm_get
 .text.hal_irq_active_get
                0x000000000002a5b4       0x10 build/teltron_light_server_client_nrf52832_xxAA_s132_7.0.1_Release/obj/hal.o
                0x000000000002a5b4                hal_irq_active_get
 .text.hal_irq_is_enabled
                0x000000000002a5c4       0x30 build/teltron_light_server_client_nrf52832_xxAA_s132_7.0.1_Release/obj/hal.o
                0x000000000002a5c4                hal_irq_is_enabled
 .text.sd_ecb_block_encrypt
                0x000000000002a5f4        0x4 build/teltron_light_server_client_nrf52832_xxAA_s132_7.0.1_Release/obj/aes_cmac.o
 .text.utils_xor.constprop.0
                0x000000000002a5f8       0x20 build/teltron_light_server_client_nrf52832_xxAA_s132_7.0.1_Release/obj/aes_cmac.o
 .text.aes_cmac
                0x000000000002a618      0x11e build/teltron_light_server_client_nrf52832_xxAA_s132_7.0.1_Release/obj/aes_cmac.o
                0x000000000002a618                aes_cmac
 *fill*         0x000000000002a736        0x2 
 .text.add_evt  0x000000000002a738       0x4c build/teltron_light_server_client_nrf52832_xxAA_s132_7.0.1_Release/obj/timer_scheduler.o
 .text.remove_evt
                0x000000000002a784       0x50 build/teltron_light_server_client_nrf52832_xxAA_s132_7.0.1_Release/obj/timer_scheduler.o
 .text.timer_cb
                0x000000000002a7d4        0xc build/teltron_light_server_client_nrf52832_xxAA_s132_7.0.1_Release/obj/timer_scheduler.o
 .text.setup_timeout.isra.0
                0x000000000002a7e0       0x1c build/teltron_light_server_client_nrf52832_xxAA_s132_7.0.1_Release/obj/timer_scheduler.o
 .text.flag_event_cb
                0x000000000002a7fc       0x98 build/teltron_light_server_client_nrf52832_xxAA_s132_7.0.1_Release/obj/timer_scheduler.o
 .text.timer_sch_init
                0x000000000002a894       0x28 build/teltron_light_server_client_nrf52832_xxAA_s132_7.0.1_Release/obj/timer_scheduler.o
                0x000000000002a894                timer_sch_init
 .text.timer_sch_schedule
                0x000000000002a8bc       0x44 build/teltron_light_server_client_nrf52832_xxAA_s132_7.0.1_Release/obj/timer_scheduler.o
                0x000000000002a8bc                timer_sch_schedule
 .text.timer_sch_abort
                0x000000000002a900       0x2e build/teltron_light_server_client_nrf52832_xxAA_s132_7.0.1_Release/obj/timer_scheduler.o
                0x000000000002a900                timer_sch_abort
 .text.timer_sch_reschedule
                0x000000000002a92e       0x38 build/teltron_light_server_client_nrf52832_xxAA_s132_7.0.1_Release/obj/timer_scheduler.o
                0x000000000002a92e                timer_sch_reschedule
 .text.timer_init
                0x000000000002a966       0x1a build/teltron_light_server_client_nrf52832_xxAA_s132_7.0.1_Release/obj/timer.o
                0x000000000002a966                timer_init
 .text.timer_now
                0x000000000002a980       0x48 build/teltron_light_server_client_nrf52832_xxAA_s132_7.0.1_Release/obj/timer.o
                0x000000000002a980                timer_now
 .text.nrf_mesh_timer_tail_handle
                0x000000000002a9c8       0x34 build/teltron_light_server_client_nrf52832_xxAA_s132_7.0.1_Release/obj/timer.o
                0x000000000002a9c8                nrf_mesh_timer_tail_handle
 .text.nrf_mesh_timer_ovfw_handle
                0x000000000002a9fc       0x98 build/teltron_light_server_client_nrf52832_xxAA_s132_7.0.1_Release/obj/timer.o
                0x000000000002a9fc                nrf_mesh_timer_ovfw_handle
 .text.timer_start
                0x000000000002aa94       0xac build/teltron_light_server_client_nrf52832_xxAA_s132_7.0.1_Release/obj/timer.o
                0x000000000002aa94                timer_start
 .text.timer_stop
                0x000000000002ab40       0x30 build/teltron_light_server_client_nrf52832_xxAA_s132_7.0.1_Release/obj/timer.o
                0x000000000002ab40                timer_stop
 .text.sd_rand_application_bytes_available_get
                0x000000000002ab70        0x4 build/teltron_light_server_client_nrf52832_xxAA_s132_7.0.1_Release/obj/rand.o
 .text.sd_rand_application_vector_get
                0x000000000002ab74        0x4 build/teltron_light_server_client_nrf52832_xxAA_s132_7.0.1_Release/obj/rand.o
 .text.rand_prng_get
                0x000000000002ab78       0x24 build/teltron_light_server_client_nrf52832_xxAA_s132_7.0.1_Release/obj/rand.o
                0x000000000002ab78                rand_prng_get
 .text.rand_hw_rng_get
                0x000000000002ab9c       0x44 build/teltron_light_server_client_nrf52832_xxAA_s132_7.0.1_Release/obj/rand.o
                0x000000000002ab9c                rand_hw_rng_get
 .text.rand_prng_seed
                0x000000000002abe0       0x34 build/teltron_light_server_client_nrf52832_xxAA_s132_7.0.1_Release/obj/rand.o
                0x000000000002abe0                rand_prng_seed
 .text.mesh_opt_init
                0x000000000002ac14        0x2 build/teltron_light_server_client_nrf52832_xxAA_s132_7.0.1_Release/obj/mesh_opt.o
                0x000000000002ac14                mesh_opt_init
 *fill*         0x000000000002ac16        0x2 
 .text.mesh_opt_clear
                0x000000000002ac18       0xa0 build/teltron_light_server_client_nrf52832_xxAA_s132_7.0.1_Release/obj/mesh_opt.o
                0x000000000002ac18                mesh_opt_clear
 .text.sd_radio_session_open
                0x000000000002acb8        0x4 build/teltron_light_server_client_nrf52832_xxAA_s132_7.0.1_Release/obj/timeslot.o
 .text.sd_radio_session_close
                0x000000000002acbc        0x4 build/teltron_light_server_client_nrf52832_xxAA_s132_7.0.1_Release/obj/timeslot.o
 .text.sd_radio_request
                0x000000000002acc0        0x4 build/teltron_light_server_client_nrf52832_xxAA_s132_7.0.1_Release/obj/timeslot.o
 .text.end_timer_handler
                0x000000000002acc4       0x28 build/teltron_light_server_client_nrf52832_xxAA_s132_7.0.1_Release/obj/timeslot.o
 .text.get_end_time.isra.0
                0x000000000002acec       0x20 build/teltron_light_server_client_nrf52832_xxAA_s132_7.0.1_Release/obj/timeslot.o
 .text.on_ts_begin.constprop.0
                0x000000000002ad0c       0x48 build/teltron_light_server_client_nrf52832_xxAA_s132_7.0.1_Release/obj/timeslot.o
 .text.handle_extend_end.constprop.0
                0x000000000002ad54       0x88 build/teltron_light_server_client_nrf52832_xxAA_s132_7.0.1_Release/obj/timeslot.o
 .text.radio_signal_callback
                0x000000000002addc      0x12c build/teltron_light_server_client_nrf52832_xxAA_s132_7.0.1_Release/obj/timeslot.o
 .text.timeslot_sd_event_handler
                0x000000000002af08       0x60 build/teltron_light_server_client_nrf52832_xxAA_s132_7.0.1_Release/obj/timeslot.o
                0x000000000002af08                timeslot_sd_event_handler
 .text.timeslot_init
                0x000000000002af68       0x50 build/teltron_light_server_client_nrf52832_xxAA_s132_7.0.1_Release/obj/timeslot.o
                0x000000000002af68                timeslot_init
 .text.timeslot_start
                0x000000000002afb8       0x44 build/teltron_light_server_client_nrf52832_xxAA_s132_7.0.1_Release/obj/timeslot.o
                0x000000000002afb8                timeslot_start
 .text.timeslot_end_is_pending
                0x000000000002affc       0x28 build/teltron_light_server_client_nrf52832_xxAA_s132_7.0.1_Release/obj/timeslot.o
                0x000000000002affc                timeslot_end_is_pending
 .text.timeslot_length_get
                0x000000000002b024        0xc build/teltron_light_server_client_nrf52832_xxAA_s132_7.0.1_Release/obj/timeslot.o
                0x000000000002b024                timeslot_length_get
 .text.timeslot_remaining_time_get
                0x000000000002b030       0x24 build/teltron_light_server_client_nrf52832_xxAA_s132_7.0.1_Release/obj/timeslot.o
                0x000000000002b030                timeslot_remaining_time_get
 .text.timeslot_is_in_ts
                0x000000000002b054        0xc build/teltron_light_server_client_nrf52832_xxAA_s132_7.0.1_Release/obj/timeslot.o
                0x000000000002b054                timeslot_is_in_ts
 .text.timeslot_is_in_cb
                0x000000000002b060        0xc build/teltron_light_server_client_nrf52832_xxAA_s132_7.0.1_Release/obj/timeslot.o
                0x000000000002b060                timeslot_is_in_cb
 .text.timeslot_session_is_active
                0x000000000002b06c       0x10 build/teltron_light_server_client_nrf52832_xxAA_s132_7.0.1_Release/obj/timeslot.o
                0x000000000002b06c                timeslot_session_is_active
 .text.timeslot_trigger
                0x000000000002b07c       0x24 build/teltron_light_server_client_nrf52832_xxAA_s132_7.0.1_Release/obj/timeslot.o
                0x000000000002b07c                timeslot_trigger
 .text.timeslot_stop
                0x000000000002b0a0       0x1c build/teltron_light_server_client_nrf52832_xxAA_s132_7.0.1_Release/obj/timeslot.o
                0x000000000002b0a0                timeslot_stop
 .text.timeslot_restart
                0x000000000002b0bc       0x20 build/teltron_light_server_client_nrf52832_xxAA_s132_7.0.1_Release/obj/timeslot.o
                0x000000000002b0bc                timeslot_restart
 .text.timeslot_state_lock
                0x000000000002b0dc       0x24 build/teltron_light_server_client_nrf52832_xxAA_s132_7.0.1_Release/obj/timeslot.o
                0x000000000002b0dc                timeslot_state_lock
 .text.timer_mut_unlock
                0x000000000002b100       0x10 build/teltron_light_server_client_nrf52832_xxAA_s132_7.0.1_Release/obj/timeslot_timer.o
 .text.ts_timer_order_cb
                0x000000000002b110       0x64 build/teltron_light_server_client_nrf52832_xxAA_s132_7.0.1_Release/obj/timeslot_timer.o
                0x000000000002b110                ts_timer_order_cb
 .text.ts_timer_now
                0x000000000002b174       0x40 build/teltron_light_server_client_nrf52832_xxAA_s132_7.0.1_Release/obj/timeslot_timer.o
                0x000000000002b174                ts_timer_now
 .text.ts_timer_event_handler
                0x000000000002b1b4       0x6c build/teltron_light_server_client_nrf52832_xxAA_s132_7.0.1_Release/obj/timeslot_timer.o
                0x000000000002b1b4                ts_timer_event_handler
 .text.ts_timer_to_device_time
                0x000000000002b220        0xc build/teltron_light_server_client_nrf52832_xxAA_s132_7.0.1_Release/obj/timeslot_timer.o
                0x000000000002b220                ts_timer_to_device_time
 .text.ts_timer_on_ts_begin
                0x000000000002b22c       0x64 build/teltron_light_server_client_nrf52832_xxAA_s132_7.0.1_Release/obj/timeslot_timer.o
                0x000000000002b22c                ts_timer_on_ts_begin
 .text.ts_timer_on_ts_end
                0x000000000002b290       0x48 build/teltron_light_server_client_nrf52832_xxAA_s132_7.0.1_Release/obj/timeslot_timer.o
                0x000000000002b290                ts_timer_on_ts_end
 .text.trigger_event_handler
                0x000000000002b2d8       0x1c build/teltron_light_server_client_nrf52832_xxAA_s132_7.0.1_Release/obj/bearer_event.o
 .text.bearer_event_init
                0x000000000002b2f4       0x58 build/teltron_light_server_client_nrf52832_xxAA_s132_7.0.1_Release/obj/bearer_event.o
                0x000000000002b2f4                bearer_event_init
 .text.bearer_event_start
                0x000000000002b34c       0x44 build/teltron_light_server_client_nrf52832_xxAA_s132_7.0.1_Release/obj/bearer_event.o
                0x000000000002b34c                bearer_event_start
 .text.bearer_event_critical_section_begin
                0x000000000002b390       0x80 build/teltron_light_server_client_nrf52832_xxAA_s132_7.0.1_Release/obj/bearer_event.o
                0x000000000002b390                bearer_event_critical_section_begin
 .text.bearer_event_critical_section_end
                0x000000000002b410       0x60 build/teltron_light_server_client_nrf52832_xxAA_s132_7.0.1_Release/obj/bearer_event.o
                0x000000000002b410                bearer_event_critical_section_end
 .text.bearer_event_flag_add
                0x000000000002b470       0x3c build/teltron_light_server_client_nrf52832_xxAA_s132_7.0.1_Release/obj/bearer_event.o
                0x000000000002b470                bearer_event_flag_add
 .text.bearer_event_flag_set
                0x000000000002b4ac       0x44 build/teltron_light_server_client_nrf52832_xxAA_s132_7.0.1_Release/obj/bearer_event.o
                0x000000000002b4ac                bearer_event_flag_set
 .text.bearer_event_sequential_add
                0x000000000002b4f0       0x2e build/teltron_light_server_client_nrf52832_xxAA_s132_7.0.1_Release/obj/bearer_event.o
                0x000000000002b4f0                bearer_event_sequential_add
 *fill*         0x000000000002b51e        0x2 
 .text.bearer_event_sequential_post
                0x000000000002b520       0x44 build/teltron_light_server_client_nrf52832_xxAA_s132_7.0.1_Release/obj/bearer_event.o
                0x000000000002b520                bearer_event_sequential_post
 .text.bearer_event_sequential_pending
                0x000000000002b564       0x10 build/teltron_light_server_client_nrf52832_xxAA_s132_7.0.1_Release/obj/bearer_event.o
                0x000000000002b564                bearer_event_sequential_pending
 .text.bearer_event_handler
                0x000000000002b574       0xec build/teltron_light_server_client_nrf52832_xxAA_s132_7.0.1_Release/obj/bearer_event.o
                0x000000000002b574                bearer_event_handler
 .text.QDEC_IRQHandler
                0x000000000002b660        0x4 build/teltron_light_server_client_nrf52832_xxAA_s132_7.0.1_Release/obj/bearer_event.o
                0x000000000002b660                QDEC_IRQHandler
 .text.bearer_event_in_correct_irq_priority
                0x000000000002b664       0x74 build/teltron_light_server_client_nrf52832_xxAA_s132_7.0.1_Release/obj/bearer_event.o
                0x000000000002b664                bearer_event_in_correct_irq_priority
 .text.sd_ecb_block_encrypt
                0x000000000002b6d8        0x4 build/teltron_light_server_client_nrf52832_xxAA_s132_7.0.1_Release/obj/enc.o
 .text.enc_aes_encrypt
                0x000000000002b6dc       0x5a build/teltron_light_server_client_nrf52832_xxAA_s132_7.0.1_Release/obj/enc.o
                0x000000000002b6dc                enc_aes_encrypt
 .text.enc_aes_cmac
                0x000000000002b736        0x4 build/teltron_light_server_client_nrf52832_xxAA_s132_7.0.1_Release/obj/enc.o
                0x000000000002b736                enc_aes_cmac
 .text.enc_aes_ccm_encrypt
                0x000000000002b73a        0x4 build/teltron_light_server_client_nrf52832_xxAA_s132_7.0.1_Release/obj/enc.o
                0x000000000002b73a                enc_aes_ccm_encrypt
 .text.enc_aes_ccm_decrypt
                0x000000000002b73e        0x4 build/teltron_light_server_client_nrf52832_xxAA_s132_7.0.1_Release/obj/enc.o
                0x000000000002b73e                enc_aes_ccm_decrypt
 .text.enc_nonce_generate
                0x000000000002b742       0xc6 build/teltron_light_server_client_nrf52832_xxAA_s132_7.0.1_Release/obj/enc.o
                0x000000000002b742                enc_nonce_generate
 .text.enc_s1   0x000000000002b808       0x2c build/teltron_light_server_client_nrf52832_xxAA_s132_7.0.1_Release/obj/enc.o
                0x000000000002b808                enc_s1
 .text.enc_k1   0x000000000002b834       0x42 build/teltron_light_server_client_nrf52832_xxAA_s132_7.0.1_Release/obj/enc.o
                0x000000000002b834                enc_k1
 *fill*         0x000000000002b876        0x2 
 .text.enc_k2   0x000000000002b878       0xc8 build/teltron_light_server_client_nrf52832_xxAA_s132_7.0.1_Release/obj/enc.o
                0x000000000002b878                enc_k2
 .text.enc_k3   0x000000000002b940       0x5c build/teltron_light_server_client_nrf52832_xxAA_s132_7.0.1_Release/obj/enc.o
                0x000000000002b940                enc_k3
 .text.enc_k4   0x000000000002b99c       0x54 build/teltron_light_server_client_nrf52832_xxAA_s132_7.0.1_Release/obj/enc.o
                0x000000000002b99c                enc_k4
 .text.allocate_packet
                0x000000000002b9f0       0x6e build/teltron_light_server_client_nrf52832_xxAA_s132_7.0.1_Release/obj/network.o
 *fill*         0x000000000002ba5e        0x2 
 .text.network_init
                0x000000000002ba60       0x1c build/teltron_light_server_client_nrf52832_xxAA_s132_7.0.1_Release/obj/network.o
                0x000000000002ba60                network_init
 .text.network_enable
                0x000000000002ba7c        0xe build/teltron_light_server_client_nrf52832_xxAA_s132_7.0.1_Release/obj/network.o
                0x000000000002ba7c                network_enable
 .text.network_packet_alloc
                0x000000000002ba8a       0x42 build/teltron_light_server_client_nrf52832_xxAA_s132_7.0.1_Release/obj/network.o
                0x000000000002ba8a                network_packet_alloc
 .text.network_packet_send
                0x000000000002bacc       0xc8 build/teltron_light_server_client_nrf52832_xxAA_s132_7.0.1_Release/obj/network.o
                0x000000000002bacc                network_packet_send
 .text.network_packet_in
                0x000000000002bb94      0x284 build/teltron_light_server_client_nrf52832_xxAA_s132_7.0.1_Release/obj/network.o
                0x000000000002bb94                network_packet_in
 .text.nonce_type_get
                0x000000000002be18       0x16 build/teltron_light_server_client_nrf52832_xxAA_s132_7.0.1_Release/obj/net_packet.o
 .text.header_transfuscate
                0x000000000002be2e       0x5a build/teltron_light_server_client_nrf52832_xxAA_s132_7.0.1_Release/obj/net_packet.o
 .text.try_decrypt
                0x000000000002be88      0x168 build/teltron_light_server_client_nrf52832_xxAA_s132_7.0.1_Release/obj/net_packet.o
 .text.net_packet_decrypt
                0x000000000002bff0       0x94 build/teltron_light_server_client_nrf52832_xxAA_s132_7.0.1_Release/obj/net_packet.o
                0x000000000002bff0                net_packet_decrypt
 .text.net_packet_encrypt
                0x000000000002c084       0x7e build/teltron_light_server_client_nrf52832_xxAA_s132_7.0.1_Release/obj/net_packet.o
                0x000000000002c084                net_packet_encrypt
 .text.net_packet_header_set
                0x000000000002c102       0xaa build/teltron_light_server_client_nrf52832_xxAA_s132_7.0.1_Release/obj/net_packet.o
                0x000000000002c102                net_packet_header_set
 .text.net_packet_payload_len_get
                0x000000000002c1ac       0x10 build/teltron_light_server_client_nrf52832_xxAA_s132_7.0.1_Release/obj/net_packet.o
                0x000000000002c1ac                net_packet_payload_len_get
 .text.net_packet_from_payload
                0x000000000002c1bc        0x4 build/teltron_light_server_client_nrf52832_xxAA_s132_7.0.1_Release/obj/net_packet.o
                0x000000000002c1bc                net_packet_from_payload
 .text.net_packet_payload_get
                0x000000000002c1c0        0x4 build/teltron_light_server_client_nrf52832_xxAA_s132_7.0.1_Release/obj/net_packet.o
                0x000000000002c1c0                net_packet_payload_get
 .text.net_packet_obfuscation_start_get
                0x000000000002c1c4        0x4 build/teltron_light_server_client_nrf52832_xxAA_s132_7.0.1_Release/obj/net_packet.o
                0x000000000002c1c4                net_packet_obfuscation_start_get
 .text.stage_get_available
                0x000000000002c1c8       0x24 build/teltron_light_server_client_nrf52832_xxAA_s132_7.0.1_Release/obj/msqueue.o
 .text.msq_get  0x000000000002c1ec       0x38 build/teltron_light_server_client_nrf52832_xxAA_s132_7.0.1_Release/obj/msqueue.o
                0x000000000002c1ec                msq_get
 .text.msq_move
                0x000000000002c224       0x2e build/teltron_light_server_client_nrf52832_xxAA_s132_7.0.1_Release/obj/msqueue.o
                0x000000000002c224                msq_move
 .text.msq_reset
                0x000000000002c252       0x20 build/teltron_light_server_client_nrf52832_xxAA_s132_7.0.1_Release/obj/msqueue.o
                0x000000000002c252                msq_reset
 .text.msq_init
                0x000000000002c272       0x48 build/teltron_light_server_client_nrf52832_xxAA_s132_7.0.1_Release/obj/msqueue.o
                0x000000000002c272                msq_init
 .text.msq_available
                0x000000000002c2ba       0x26 build/teltron_light_server_client_nrf52832_xxAA_s132_7.0.1_Release/obj/msqueue.o
                0x000000000002c2ba                msq_available
 .text.nrf_mesh_keygen_aid
                0x000000000002c2e0       0x12 build/teltron_light_server_client_nrf52832_xxAA_s132_7.0.1_Release/obj/nrf_mesh_keygen.o
                0x000000000002c2e0                nrf_mesh_keygen_aid
 .text.nrf_mesh_keygen_network_secmat
                0x000000000002c2f2       0x22 build/teltron_light_server_client_nrf52832_xxAA_s132_7.0.1_Release/obj/nrf_mesh_keygen.o
                0x000000000002c2f2                nrf_mesh_keygen_network_secmat
 .text.nrf_mesh_keygen_beacon_secmat
                0x000000000002c314       0x50 build/teltron_light_server_client_nrf52832_xxAA_s132_7.0.1_Release/obj/nrf_mesh_keygen.o
                0x000000000002c314                nrf_mesh_keygen_beacon_secmat
 .text.nrf_mesh_keygen_identitykey
                0x000000000002c364       0x4c build/teltron_light_server_client_nrf52832_xxAA_s132_7.0.1_Release/obj/nrf_mesh_keygen.o
                0x000000000002c364                nrf_mesh_keygen_identitykey
 .text.nrf_mesh_keygen_virtual_address
                0x000000000002c3b0       0x50 build/teltron_light_server_client_nrf52832_xxAA_s132_7.0.1_Release/obj/nrf_mesh_keygen.o
                0x000000000002c3b0                nrf_mesh_keygen_virtual_address
 .text.erase_at
                0x000000000002c400       0x14 build/teltron_light_server_client_nrf52832_xxAA_s132_7.0.1_Release/obj/cache.o
 .text.cache_init
                0x000000000002c414       0x1e build/teltron_light_server_client_nrf52832_xxAA_s132_7.0.1_Release/obj/cache.o
                0x000000000002c414                cache_init
 .text.cache_has_elem
                0x000000000002c432       0x40 build/teltron_light_server_client_nrf52832_xxAA_s132_7.0.1_Release/obj/cache.o
                0x000000000002c432                cache_has_elem
 .text.cache_put
                0x000000000002c472       0x30 build/teltron_light_server_client_nrf52832_xxAA_s132_7.0.1_Release/obj/cache.o
                0x000000000002c472                cache_put
 .text.list_insert
                0x000000000002c4a2       0x1c build/teltron_light_server_client_nrf52832_xxAA_s132_7.0.1_Release/obj/list.o
 .text.list_add
                0x000000000002c4be       0x42 build/teltron_light_server_client_nrf52832_xxAA_s132_7.0.1_Release/obj/list.o
                0x000000000002c4be                list_add
 .text.list_remove
                0x000000000002c500       0x3a build/teltron_light_server_client_nrf52832_xxAA_s132_7.0.1_Release/obj/list.o
                0x000000000002c500                list_remove
 .text.list_compare_add
                0x000000000002c53a       0x56 build/teltron_light_server_client_nrf52832_xxAA_s132_7.0.1_Release/obj/list.o
                0x000000000002c53a                list_compare_add
 .text.log_callback_rtt
                0x000000000002c590       0x2c build/teltron_light_server_client_nrf52832_xxAA_s132_7.0.1_Release/obj/log.o
                0x000000000002c590                log_callback_rtt
 .text.log_init
                0x000000000002c5bc       0x1c build/teltron_light_server_client_nrf52832_xxAA_s132_7.0.1_Release/obj/log.o
                0x000000000002c5bc                log_init
 .text.log_vprintf
                0x000000000002c5d8       0x1c build/teltron_light_server_client_nrf52832_xxAA_s132_7.0.1_Release/obj/log.o
                0x000000000002c5d8                log_vprintf
 .text.log_printf
                0x000000000002c5f4       0x18 build/teltron_light_server_client_nrf52832_xxAA_s132_7.0.1_Release/obj/log.o
                0x000000000002c5f4                log_printf
 .text.get_area_end
                0x000000000002c60c        0xc build/teltron_light_server_client_nrf52832_xxAA_s132_7.0.1_Release/obj/flash_manager.o
 .text.handle_matches_filter
                0x000000000002c618       0x26 build/teltron_light_server_client_nrf52832_xxAA_s132_7.0.1_Release/obj/flash_manager.o
 .text.flash_area_is_blank
                0x000000000002c63e       0x2a build/teltron_light_server_client_nrf52832_xxAA_s132_7.0.1_Release/obj/flash_manager.o
 .text.get_packet_buffer
                0x000000000002c668       0x20 build/teltron_light_server_client_nrf52832_xxAA_s132_7.0.1_Release/obj/flash_manager.o
 .text.flash    0x000000000002c688       0x1c build/teltron_light_server_client_nrf52832_xxAA_s132_7.0.1_Release/obj/flash_manager.o
 .text.free_packet_buffer
                0x000000000002c6a4       0x3c build/teltron_light_server_client_nrf52832_xxAA_s132_7.0.1_Release/obj/flash_manager.o
 .text.reserve_action_buffer
                0x000000000002c6e0       0x24 build/teltron_light_server_client_nrf52832_xxAA_s132_7.0.1_Release/obj/flash_manager.o
 .text.commit_action_buffer
                0x000000000002c704       0x18 build/teltron_light_server_client_nrf52832_xxAA_s132_7.0.1_Release/obj/flash_manager.o
 .text.schedule_processing
                0x000000000002c71c        0xc build/teltron_light_server_client_nrf52832_xxAA_s132_7.0.1_Release/obj/flash_manager.o
 .text.get_next_entry
                0x000000000002c728       0x38 build/teltron_light_server_client_nrf52832_xxAA_s132_7.0.1_Release/obj/flash_manager.o
 .text.get_last_entry.isra.0
                0x000000000002c760       0x30 build/teltron_light_server_client_nrf52832_xxAA_s132_7.0.1_Release/obj/flash_manager.o
 .text.process_action_queue
                0x000000000002c790      0x3f4 build/teltron_light_server_client_nrf52832_xxAA_s132_7.0.1_Release/obj/flash_manager.o
 .text.flash_op_ended_callback
                0x000000000002cb84       0x24 build/teltron_light_server_client_nrf52832_xxAA_s132_7.0.1_Release/obj/flash_manager.o
 .text.flash_manager_init
                0x000000000002cba8       0x68 build/teltron_light_server_client_nrf52832_xxAA_s132_7.0.1_Release/obj/flash_manager.o
                0x000000000002cba8                flash_manager_init
 .text.flash_manager_entries_read
                0x000000000002cc10       0xf6 build/teltron_light_server_client_nrf52832_xxAA_s132_7.0.1_Release/obj/flash_manager.o
                0x000000000002cc10                flash_manager_entries_read
 .text.flash_manager_entry_count_get
                0x000000000002cd06       0x20 build/teltron_light_server_client_nrf52832_xxAA_s132_7.0.1_Release/obj/flash_manager.o
                0x000000000002cd06                flash_manager_entry_count_get
 .text.flash_manager_entry_alloc
                0x000000000002cd26       0x72 build/teltron_light_server_client_nrf52832_xxAA_s132_7.0.1_Release/obj/flash_manager.o
                0x000000000002cd26                flash_manager_entry_alloc
 .text.flash_manager_entry_commit
                0x000000000002cd98       0x2c build/teltron_light_server_client_nrf52832_xxAA_s132_7.0.1_Release/obj/flash_manager.o
                0x000000000002cd98                flash_manager_entry_commit
 .text.flash_manager_entry_invalidate
                0x000000000002cdc4       0x4e build/teltron_light_server_client_nrf52832_xxAA_s132_7.0.1_Release/obj/flash_manager.o
                0x000000000002cdc4                flash_manager_entry_invalidate
 *fill*         0x000000000002ce12        0x2 
 .text.flash_manager_add
                0x000000000002ce14      0x26c build/teltron_light_server_client_nrf52832_xxAA_s132_7.0.1_Release/obj/flash_manager.o
                0x000000000002ce14                flash_manager_add
 .text.flash_manager_is_stable
                0x000000000002d080       0x20 build/teltron_light_server_client_nrf52832_xxAA_s132_7.0.1_Release/obj/flash_manager.o
                0x000000000002d080                flash_manager_is_stable
 .text.flash_manager_on_defrag_end
                0x000000000002d0a0       0x4c build/teltron_light_server_client_nrf52832_xxAA_s132_7.0.1_Release/obj/flash_manager.o
                0x000000000002d0a0                flash_manager_on_defrag_end
 .text.flash_manager_recovery_page_get
                0x000000000002d0ec        0x4 build/teltron_light_server_client_nrf52832_xxAA_s132_7.0.1_Release/obj/flash_manager.o
                0x000000000002d0ec                flash_manager_recovery_page_get
 .text.flash_manager_action_queue_empty_cb_set
                0x000000000002d0f0       0x1c build/teltron_light_server_client_nrf52832_xxAA_s132_7.0.1_Release/obj/flash_manager.o
                0x000000000002d0f0                flash_manager_action_queue_empty_cb_set
 .text.utils_xor
                0x000000000002d10c       0x14 build/teltron_light_server_client_nrf52832_xxAA_s132_7.0.1_Release/obj/ccm_soft.o
 .text.sd_ecb_block_encrypt
                0x000000000002d120        0x4 build/teltron_light_server_client_nrf52832_xxAA_s132_7.0.1_Release/obj/ccm_soft.o
 .text.ccm_soft_crypt
                0x000000000002d124       0x4e build/teltron_light_server_client_nrf52832_xxAA_s132_7.0.1_Release/obj/ccm_soft.o
 .text.ccm_soft_authenticate_blocks
                0x000000000002d172       0x6a build/teltron_light_server_client_nrf52832_xxAA_s132_7.0.1_Release/obj/ccm_soft.o
 .text.ccm_soft_authenticate
                0x000000000002d1dc       0x9e build/teltron_light_server_client_nrf52832_xxAA_s132_7.0.1_Release/obj/ccm_soft.o
 .text.ccm_soft_encrypt
                0x000000000002d27a       0x74 build/teltron_light_server_client_nrf52832_xxAA_s132_7.0.1_Release/obj/ccm_soft.o
                0x000000000002d27a                ccm_soft_encrypt
 .text.ccm_soft_decrypt
                0x000000000002d2ee       0xc6 build/teltron_light_server_client_nrf52832_xxAA_s132_7.0.1_Release/obj/ccm_soft.o
                0x000000000002d2ee                ccm_soft_decrypt
 .text.transport_sar_first_seq_num_get
                0x000000000002d3b4       0x12 build/teltron_light_server_client_nrf52832_xxAA_s132_7.0.1_Release/obj/replay_cache.o
 *fill*         0x000000000002d3c6        0x2 
 .text.iv_index_get.isra.0
                0x000000000002d3c8       0x34 build/teltron_light_server_client_nrf52832_xxAA_s132_7.0.1_Release/obj/replay_cache.o
 .text.evt_handler
                0x000000000002d3fc       0x70 build/teltron_light_server_client_nrf52832_xxAA_s132_7.0.1_Release/obj/replay_cache.o
 .text.entry_add
                0x000000000002d46c       0x98 build/teltron_light_server_client_nrf52832_xxAA_s132_7.0.1_Release/obj/replay_cache.o
 .text.seqauth_is_new
                0x000000000002d504       0x64 build/teltron_light_server_client_nrf52832_xxAA_s132_7.0.1_Release/obj/replay_cache.o
 .text.replay_cache_enable
                0x000000000002d568       0x10 build/teltron_light_server_client_nrf52832_xxAA_s132_7.0.1_Release/obj/replay_cache.o
                0x000000000002d568                replay_cache_enable
 .text.replay_cache_add
                0x000000000002d578        0x6 build/teltron_light_server_client_nrf52832_xxAA_s132_7.0.1_Release/obj/replay_cache.o
                0x000000000002d578                replay_cache_add
 *fill*         0x000000000002d57e        0x2 
 .text.replay_cache_seqauth_add
                0x000000000002d580       0x5c build/teltron_light_server_client_nrf52832_xxAA_s132_7.0.1_Release/obj/replay_cache.o
                0x000000000002d580                replay_cache_seqauth_add
 .text.replay_cache_has_elem
                0x000000000002d5dc       0x54 build/teltron_light_server_client_nrf52832_xxAA_s132_7.0.1_Release/obj/replay_cache.o
                0x000000000002d5dc                replay_cache_has_elem
 .text.replay_cache_has_seqauth
                0x000000000002d630       0x6c build/teltron_light_server_client_nrf52832_xxAA_s132_7.0.1_Release/obj/replay_cache.o
                0x000000000002d630                replay_cache_has_seqauth
 .text.replay_cache_is_seqauth_last
                0x000000000002d69c       0x9c build/teltron_light_server_client_nrf52832_xxAA_s132_7.0.1_Release/obj/replay_cache.o
                0x000000000002d69c                replay_cache_is_seqauth_last
 .text.replay_cache_clear
                0x000000000002d738       0x18 build/teltron_light_server_client_nrf52832_xxAA_s132_7.0.1_Release/obj/replay_cache.o
                0x000000000002d738                replay_cache_clear
 .text.replay_cache_init
                0x000000000002d750       0x14 build/teltron_light_server_client_nrf52832_xxAA_s132_7.0.1_Release/obj/replay_cache.o
                0x000000000002d750                replay_cache_init
 .text.beacon_packet_in.part.0
                0x000000000002d764       0xd0 build/teltron_light_server_client_nrf52832_xxAA_s132_7.0.1_Release/obj/beacon.o
 .text.beacon_packet_in
                0x000000000002d834       0x26 build/teltron_light_server_client_nrf52832_xxAA_s132_7.0.1_Release/obj/beacon.o
 .text.beacon_create
                0x000000000002d85a       0x4c build/teltron_light_server_client_nrf52832_xxAA_s132_7.0.1_Release/obj/beacon.o
                0x000000000002d85a                beacon_create
 *fill*         0x000000000002d8a6        0x2 
 .text.entry_get
                0x000000000002d8a8       0x78 build/teltron_light_server_client_nrf52832_xxAA_s132_7.0.1_Release/obj/flash_manager_internal.o
                0x000000000002d8a8                entry_get
 .text.core_tx_complete_cb_set
                0x000000000002d920        0xc build/teltron_light_server_client_nrf52832_xxAA_s132_7.0.1_Release/obj/core_tx.o
                0x000000000002d920                core_tx_complete_cb_set
 .text.core_tx_packet_alloc
                0x000000000002d92c       0xa8 build/teltron_light_server_client_nrf52832_xxAA_s132_7.0.1_Release/obj/core_tx.o
                0x000000000002d92c                core_tx_packet_alloc
 .text.core_tx_packet_send
                0x000000000002d9d4       0x4c build/teltron_light_server_client_nrf52832_xxAA_s132_7.0.1_Release/obj/core_tx.o
                0x000000000002d9d4                core_tx_packet_send
 .text.core_tx_packet_discard
                0x000000000002da20       0x40 build/teltron_light_server_client_nrf52832_xxAA_s132_7.0.1_Release/obj/core_tx.o
                0x000000000002da20                core_tx_packet_discard
 .text.core_tx_complete
                0x000000000002da60       0x34 build/teltron_light_server_client_nrf52832_xxAA_s132_7.0.1_Release/obj/core_tx.o
                0x000000000002da60                core_tx_complete
 .text.core_tx_bearer_add
                0x000000000002da94       0x74 build/teltron_light_server_client_nrf52832_xxAA_s132_7.0.1_Release/obj/core_tx.o
                0x000000000002da94                core_tx_bearer_add
 .text.hb_pub_deleter
                0x000000000002db08       0x28 build/teltron_light_server_client_nrf52832_xxAA_s132_7.0.1_Release/obj/heartbeat.o
 .text.hb_pub_getter
                0x000000000002db30       0x3c build/teltron_light_server_client_nrf52832_xxAA_s132_7.0.1_Release/obj/heartbeat.o
 .text.heartbeat_opcode_handle
                0x000000000002db6c       0x88 build/teltron_light_server_client_nrf52832_xxAA_s132_7.0.1_Release/obj/heartbeat.o
 .text.hb_pub_setter
                0x000000000002dbf4       0xd0 build/teltron_light_server_client_nrf52832_xxAA_s132_7.0.1_Release/obj/heartbeat.o
 .text.heartbeat_subscription_timer_cb
                0x000000000002dcc4       0x3c build/teltron_light_server_client_nrf52832_xxAA_s132_7.0.1_Release/obj/heartbeat.o
 .text.heartbeat_publish
                0x000000000002dd00       0xa4 build/teltron_light_server_client_nrf52832_xxAA_s132_7.0.1_Release/obj/heartbeat.o
 .text.on_feature_update
                0x000000000002dda4       0x34 build/teltron_light_server_client_nrf52832_xxAA_s132_7.0.1_Release/obj/heartbeat.o
 .text.heartbeat_relay_listener_cb
                0x000000000002ddd8       0x1c build/teltron_light_server_client_nrf52832_xxAA_s132_7.0.1_Release/obj/heartbeat.o
 .text.heartbeat_proxy_listener_cb
                0x000000000002ddf4       0x14 build/teltron_light_server_client_nrf52832_xxAA_s132_7.0.1_Release/obj/heartbeat.o
 .text.heartbeat_core_evt_cb
                0x000000000002de08       0x18 build/teltron_light_server_client_nrf52832_xxAA_s132_7.0.1_Release/obj/heartbeat.o
 .text.heartbeat_publication_timer_cb
                0x000000000002de20       0x54 build/teltron_light_server_client_nrf52832_xxAA_s132_7.0.1_Release/obj/heartbeat.o
 .text.heartbeat_init
                0x000000000002de74       0x58 build/teltron_light_server_client_nrf52832_xxAA_s132_7.0.1_Release/obj/heartbeat.o
                0x000000000002de74                heartbeat_init
 .text.heartbeat_subscription_set
                0x000000000002decc       0xd0 build/teltron_light_server_client_nrf52832_xxAA_s132_7.0.1_Release/obj/heartbeat.o
                0x000000000002decc                heartbeat_subscription_set
 .text.heartbeat_subscription_get
                0x000000000002df9c        0x8 build/teltron_light_server_client_nrf52832_xxAA_s132_7.0.1_Release/obj/heartbeat.o
                0x000000000002df9c                heartbeat_subscription_get
 .text.heartbeat_publication_get
                0x000000000002dfa4        0x8 build/teltron_light_server_client_nrf52832_xxAA_s132_7.0.1_Release/obj/heartbeat.o
                0x000000000002dfa4                heartbeat_publication_get
 .text.heartbeat_publication_set
                0x000000000002dfac       0x18 build/teltron_light_server_client_nrf52832_xxAA_s132_7.0.1_Release/obj/heartbeat.o
                0x000000000002dfac                heartbeat_publication_set
 .text.heartbeat_public_info_getter_register
                0x000000000002dfc4       0x14 build/teltron_light_server_client_nrf52832_xxAA_s132_7.0.1_Release/obj/heartbeat.o
                0x000000000002dfc4                heartbeat_public_info_getter_register
 .text.beacon_deleter
                0x000000000002dfd8       0x34 build/teltron_light_server_client_nrf52832_xxAA_s132_7.0.1_Release/obj/net_beacon.o
 .text.beacon_getter
                0x000000000002e00c       0x24 build/teltron_light_server_client_nrf52832_xxAA_s132_7.0.1_Release/obj/net_beacon.o
 .text.beacon_setter
                0x000000000002e030       0x5c build/teltron_light_server_client_nrf52832_xxAA_s132_7.0.1_Release/obj/net_beacon.o
 .text.make_network_beacon_packet
                0x000000000002e08c       0x44 build/teltron_light_server_client_nrf52832_xxAA_s132_7.0.1_Release/obj/net_beacon.o
 .text.beacon_tx
                0x000000000002e0d0      0x150 build/teltron_light_server_client_nrf52832_xxAA_s132_7.0.1_Release/obj/net_beacon.o
 .text.tx_complete_cb
                0x000000000002e220        0xe build/teltron_light_server_client_nrf52832_xxAA_s132_7.0.1_Release/obj/net_beacon.o
 .text.beacon_tx_timeout
                0x000000000002e22e        0x4 build/teltron_light_server_client_nrf52832_xxAA_s132_7.0.1_Release/obj/net_beacon.o
 .text.is_valid_beacon_pkt.part.0
                0x000000000002e232       0x30 build/teltron_light_server_client_nrf52832_xxAA_s132_7.0.1_Release/obj/net_beacon.o
 *fill*         0x000000000002e262        0x2 
 .text.net_beacon_init
                0x000000000002e264       0x7c build/teltron_light_server_client_nrf52832_xxAA_s132_7.0.1_Release/obj/net_beacon.o
                0x000000000002e264                net_beacon_init
 .text.net_beacon_enable
                0x000000000002e2e0       0x28 build/teltron_light_server_client_nrf52832_xxAA_s132_7.0.1_Release/obj/net_beacon.o
                0x000000000002e2e0                net_beacon_enable
 .text.net_beacon_state_set
                0x000000000002e308       0x24 build/teltron_light_server_client_nrf52832_xxAA_s132_7.0.1_Release/obj/net_beacon.o
                0x000000000002e308                net_beacon_state_set
 .text.net_beacon_state_get
                0x000000000002e32c       0x24 build/teltron_light_server_client_nrf52832_xxAA_s132_7.0.1_Release/obj/net_beacon.o
                0x000000000002e32c                net_beacon_state_get
 .text.net_beacon_build
                0x000000000002e350       0x24 build/teltron_light_server_client_nrf52832_xxAA_s132_7.0.1_Release/obj/net_beacon.o
                0x000000000002e350                net_beacon_build
 .text.net_beacon_packet_in
                0x000000000002e374      0x144 build/teltron_light_server_client_nrf52832_xxAA_s132_7.0.1_Release/obj/net_beacon.o
                0x000000000002e374                net_beacon_packet_in
 .text.file_params_find
                0x000000000002e4b8       0x20 build/teltron_light_server_client_nrf52832_xxAA_s132_7.0.1_Release/obj/mesh_config.o
 .text.listeners_notify
                0x000000000002e4d8       0x50 build/teltron_light_server_client_nrf52832_xxAA_s132_7.0.1_Release/obj/mesh_config.o
 .text.dirty_entries_process
                0x000000000002e528       0xb4 build/teltron_light_server_client_nrf52832_xxAA_s132_7.0.1_Release/obj/mesh_config.o
 .text.entry_flags_get.isra.0
                0x000000000002e5dc       0x1c build/teltron_light_server_client_nrf52832_xxAA_s132_7.0.1_Release/obj/mesh_config.o
 .text.entry_params_find
                0x000000000002e5f8       0x38 build/teltron_light_server_client_nrf52832_xxAA_s132_7.0.1_Release/obj/mesh_config.o
 .text.restore_callback
                0x000000000002e630       0x94 build/teltron_light_server_client_nrf52832_xxAA_s132_7.0.1_Release/obj/mesh_config.o
 .text.mesh_config_init
                0x000000000002e6c4       0x8c build/teltron_light_server_client_nrf52832_xxAA_s132_7.0.1_Release/obj/mesh_config.o
                0x000000000002e6c4                mesh_config_init
 .text.mesh_config_load
                0x000000000002e750        0xc build/teltron_light_server_client_nrf52832_xxAA_s132_7.0.1_Release/obj/mesh_config.o
                0x000000000002e750                mesh_config_load
 .text.mesh_config_is_busy
                0x000000000002e75c       0x6c build/teltron_light_server_client_nrf52832_xxAA_s132_7.0.1_Release/obj/mesh_config.o
                0x000000000002e75c                mesh_config_is_busy
 .text.backend_evt_handler
                0x000000000002e7c8       0x9c build/teltron_light_server_client_nrf52832_xxAA_s132_7.0.1_Release/obj/mesh_config.o
 .text.mesh_config_entry_set
                0x000000000002e864       0x68 build/teltron_light_server_client_nrf52832_xxAA_s132_7.0.1_Release/obj/mesh_config.o
                0x000000000002e864                mesh_config_entry_set
 .text.mesh_config_entry_get
                0x000000000002e8cc       0x3c build/teltron_light_server_client_nrf52832_xxAA_s132_7.0.1_Release/obj/mesh_config.o
                0x000000000002e8cc                mesh_config_entry_get
 .text.mesh_config_entry_delete
                0x000000000002e908       0x4a build/teltron_light_server_client_nrf52832_xxAA_s132_7.0.1_Release/obj/mesh_config.o
                0x000000000002e908                mesh_config_entry_delete
 .text.fsm_event_post_try
                0x000000000002e952       0xaa build/teltron_light_server_client_nrf52832_xxAA_s132_7.0.1_Release/obj/fsm.o
 .text.fsm_init
                0x000000000002e9fc       0x62 build/teltron_light_server_client_nrf52832_xxAA_s132_7.0.1_Release/obj/fsm.o
                0x000000000002e9fc                fsm_init
 .text.fsm_event_post
                0x000000000002ea5e       0x46 build/teltron_light_server_client_nrf52832_xxAA_s132_7.0.1_Release/obj/fsm.o
                0x000000000002ea5e                fsm_event_post
 .text.fsm_is_processing
                0x000000000002eaa4        0xa build/teltron_light_server_client_nrf52832_xxAA_s132_7.0.1_Release/obj/fsm.o
                0x000000000002eaa4                fsm_is_processing
 .text.dummy_event
                0x000000000002eaae        0x2 build/teltron_light_server_client_nrf52832_xxAA_s132_7.0.1_Release/obj/mesh_config_backend.o
 .text.file_get
                0x000000000002eab0       0x34 build/teltron_light_server_client_nrf52832_xxAA_s132_7.0.1_Release/obj/mesh_config_backend.o
 .text.mesh_config_backend_init
                0x000000000002eae4      0x114 build/teltron_light_server_client_nrf52832_xxAA_s132_7.0.1_Release/obj/mesh_config_backend.o
                0x000000000002eae4                mesh_config_backend_init
 .text.mesh_config_backend_store
                0x000000000002ebf8       0x4c build/teltron_light_server_client_nrf52832_xxAA_s132_7.0.1_Release/obj/mesh_config_backend.o
                0x000000000002ebf8                mesh_config_backend_store