Archive member included to satisfy reference by file (symbol)

/Applications/SEGGER Embedded Studio for ARM 4.52c/lib/libc_v7em_fpv4_sp_d16_hard_t_le_eabi.a(libc_asm.o)
                              build/dimming_server_nrf52832_xxAA_s132_7.0.1_Release/obj/app_transition.o (__aeabi_uldivmod)
/Applications/SEGGER Embedded Studio for ARM 4.52c/lib/libc_v7em_fpv4_sp_d16_hard_t_le_eabi.a(libc2.o)
                              build/dimming_server_nrf52832_xxAA_s132_7.0.1_Release/obj/mesh_mem_stdlib.o (malloc)
/Applications/SEGGER Embedded Studio for ARM 4.52c/lib/libc_v7em_fpv4_sp_d16_hard_t_le_eabi.a(libc2_asm.o)
                              build/dimming_server_nrf52832_xxAA_s132_7.0.1_Release/obj/transport.o (memcpy)
/Applications/SEGGER Embedded Studio for ARM 4.52c/lib/libc_v7em_fpv4_sp_d16_hard_t_le_eabi.a(libc.o)
                              /Applications/SEGGER Embedded Studio for ARM 4.52c/lib/libc_v7em_fpv4_sp_d16_hard_t_le_eabi.a(libc2.o) (__heap_lock)
/Applications/SEGGER Embedded Studio for ARM 4.52c/lib/libdebugio_v7em_fpv4_sp_d16_hard_t_le_eabi.a(libdebugio.o)
                              build/dimming_server_nrf52832_xxAA_s132_7.0.1_Release/obj/thumb_crt0.o (debug_fopen)
/Applications/SEGGER Embedded Studio for ARM 4.52c/lib/libdebugio_mempoll_v7em_fpv4_sp_d16_hard_t_le_eabi.a(mempoll_debug_operations.o)
                              /Applications/SEGGER Embedded Studio for ARM 4.52c/lib/libdebugio_v7em_fpv4_sp_d16_hard_t_le_eabi.a(libdebugio.o) (__do_debug_operation)
/Applications/SEGGER Embedded Studio for ARM 4.52c/lib/libdebugio_mempoll_v7em_fpv4_sp_d16_hard_t_le_eabi.a(do_nv_debug_operation.o)
                              /Applications/SEGGER Embedded Studio for ARM 4.52c/lib/libdebugio_v7em_fpv4_sp_d16_hard_t_le_eabi.a(libdebugio.o) (__do_nvdebug_operation)
/Applications/SEGGER Embedded Studio for ARM 4.52c/lib/libm_v7em_fpv4_sp_d16_hard_t_le_eabi.a(libm_asm.o)
                              /Applications/SEGGER Embedded Studio for ARM 4.52c/lib/libc_v7em_fpv4_sp_d16_hard_t_le_eabi.a(libc2.o) (__aeabi_dadd)
/Applications/SEGGER Embedded Studio for ARM 4.52c/lib/libm_v7em_fpv4_sp_d16_hard_t_le_eabi.a(libm2.o)
                              /Applications/SEGGER Embedded Studio for ARM 4.52c/lib/libvfprintf_v7em_fpv4_sp_d16_hard_t_le_eabi.o (frexp)

Discarded input sections

 .text          0x0000000000000000        0x0 build/dimming_server_nrf52832_xxAA_s132_7.0.1_Release/obj/main.o
 .data          0x0000000000000000        0x0 build/dimming_server_nrf52832_xxAA_s132_7.0.1_Release/obj/main.o
 .bss           0x0000000000000000        0x0 build/dimming_server_nrf52832_xxAA_s132_7.0.1_Release/obj/main.o
 .text          0x0000000000000000        0x0 build/dimming_server_nrf52832_xxAA_s132_7.0.1_Release/obj/app_level.o
 .data          0x0000000000000000        0x0 build/dimming_server_nrf52832_xxAA_s132_7.0.1_Release/obj/app_level.o
 .bss           0x0000000000000000        0x0 build/dimming_server_nrf52832_xxAA_s132_7.0.1_Release/obj/app_level.o
 .text          0x0000000000000000        0x0 build/dimming_server_nrf52832_xxAA_s132_7.0.1_Release/obj/app_transition.o
 .data          0x0000000000000000        0x0 build/dimming_server_nrf52832_xxAA_s132_7.0.1_Release/obj/app_transition.o
 .bss           0x0000000000000000        0x0 build/dimming_server_nrf52832_xxAA_s132_7.0.1_Release/obj/app_transition.o
 .text.app_transition_time_complete_check
                0x0000000000000000       0x1e build/dimming_server_nrf52832_xxAA_s132_7.0.1_Release/obj/app_transition.o
 .text          0x0000000000000000        0x0 build/dimming_server_nrf52832_xxAA_s132_7.0.1_Release/obj/mesh_provisionee.o
 .data          0x0000000000000000        0x0 build/dimming_server_nrf52832_xxAA_s132_7.0.1_Release/obj/mesh_provisionee.o
 .bss           0x0000000000000000        0x0 build/dimming_server_nrf52832_xxAA_s132_7.0.1_Release/obj/mesh_provisionee.o
 .text.mesh_provisionee_prov_listen_stop
                0x0000000000000000        0xc build/dimming_server_nrf52832_xxAA_s132_7.0.1_Release/obj/mesh_provisionee.o
 .text          0x0000000000000000        0x0 build/dimming_server_nrf52832_xxAA_s132_7.0.1_Release/obj/rtt_input.o
 .data          0x0000000000000000        0x0 build/dimming_server_nrf52832_xxAA_s132_7.0.1_Release/obj/rtt_input.o
 .bss           0x0000000000000000        0x0 build/dimming_server_nrf52832_xxAA_s132_7.0.1_Release/obj/rtt_input.o
 .text.rtt_input_disable
                0x0000000000000000       0x28 build/dimming_server_nrf52832_xxAA_s132_7.0.1_Release/obj/rtt_input.o
 .text          0x0000000000000000        0x0 build/dimming_server_nrf52832_xxAA_s132_7.0.1_Release/obj/mesh_app_utils.o
 .data          0x0000000000000000        0x0 build/dimming_server_nrf52832_xxAA_s132_7.0.1_Release/obj/mesh_app_utils.o
 .bss           0x0000000000000000        0x0 build/dimming_server_nrf52832_xxAA_s132_7.0.1_Release/obj/mesh_app_utils.o
[...]
Memory Configuration

Name             Origin             Length             Attributes
UNPLACED_SECTIONS 0x0000000100000000 0x0000000000000000 xw
RAM              0x0000000020000000 0x000000000000f000 xw
FLASH            0x0000000000000000 0x0000000000078000 xw
*default*        0x0000000000000000 0xffffffffffffffff

Linker script and memory map

                0x0000000000000000                __vfprintf = __vfprintf_int
                0x0000000000000000                __vfscanf = __vfscanf_int
                0x0000000020000000                __RAM_segment_start__ = 0x20000000
                0x000000002000f000                __RAM_segment_end__ = 0x2000f000
                0x000000000000f000                __RAM_segment_size__ = 0xf000
                0x0000000000000000                __FLASH_segment_start__ = 0x0
                0x0000000000078000                __FLASH_segment_end__ = 0x78000
                0x0000000000078000                __FLASH_segment_size__ = 0x78000
                0x0000000000000400                __HEAPSIZE__ = 0x400
                0x0000000000000000                __STACKSIZE_PROCESS__ = 0x0
                0x0000000000000800                __STACKSIZE__ = 0x800
                0x0000000020000000                __reserved_ram_load_start__ = 0x20000000

.reserved_ram   0x0000000020000000     0x2df0
                0x0000000020000000                __reserved_ram_start__ = .
 *(.reserved_ram .reserved_ram.*)
                0x0000000020002df0                . = MAX (((__reserved_ram_start__ + 0x20002df0) - 0x20000000), .)
 *fill*         0x0000000020000000     0x2df0 
                0x0000000020002df0                __reserved_ram_end__ = (__reserved_ram_start__ + SIZEOF (.reserved_ram))
                0x0000000000002df0                __reserved_ram_size__ = SIZEOF (.reserved_ram)
                0x0000000020002df0                __reserved_ram_load_end__ = __reserved_ram_end__
                0x0000000000000001                . = ASSERT (((__reserved_ram_start__ == __reserved_ram_end__) || ((__reserved_ram_end__ - __RAM_segment_start__) <= __RAM_segment_size__)), error: .reserved_ram is too large to fit in RAM memory segment)
                0x0000000020002df0                __vectors_ram_load_start__ = 0x20002df0

.vectors_ram    0x0000000020002df0        0x0
                0x0000000020002df0                __vectors_ram_start__ = .
                0x0000000020002df0                __app_ram_start__ = __vectors_ram_start__
 *(.vectors_ram .vectors_ram.*)
                0x0000000020002df0                __vectors_ram_end__ = (__vectors_ram_start__ + SIZEOF (.vectors_ram))
                0x0000000000000000                __vectors_ram_size__ = SIZEOF (.vectors_ram)
                0x0000000020002df0                __vectors_ram_load_end__ = __vectors_ram_end__
                0x0000000000000001                . = ASSERT (((__vectors_ram_start__ == __vectors_ram_end__) || ((__vectors_ram_end__ - __RAM_segment_start__) <= __RAM_segment_size__)), error: .vectors_ram is too large to fit in RAM memory segment)
                0x0000000000000001                . = ASSERT ((__reserved_ram_end__ <= __vectors_ram_start__), error: section .reserved_ram overlaps absolute placed section .vectors_ram)
                0x0000000020002df0                __nrf_sections_run_load_start__ = ALIGN (__vectors_ram_end__, 0x4)

.nrf_sections_run
                0x0000000020002df0        0x0
                0x0000000020002df0                __nrf_sections_run_start__ = .
                0x0000000020002df0                __start_nrf_sections_run = __nrf_sections_run_start__
 *(.nrf_sections_run .nrf_sections_run.*)
                0x0000000020002df0                __nrf_sections_run_end__ = (__nrf_sections_run_start__ + SIZEOF (.nrf_sections_run))
                0x0000000000000000                __nrf_sections_run_size__ = SIZEOF (.nrf_sections_run)
                0x0000000020002df0                __nrf_sections_run_load_end__ = __nrf_sections_run_end__
                0x0000000000000001                . = ASSERT (((__nrf_sections_run_start__ == __nrf_sections_run_end__) || ((__nrf_sections_run_end__ - __RAM_segment_start__) <= __RAM_segment_size__)), error: .nrf_sections_run is too large to fit in RAM memory segment)
                0x0000000000000000                __reserved_flash_load_start__ = 0x0

.reserved_flash
                0x0000000000000000    0x26000
                0x0000000000000000                __reserved_flash_start__ = .
 *(.reserved_flash .reserved_flash.*)
                0x0000000000026000                . = MAX (((__reserved_flash_start__ + 0x26000) - 0x0), .)
 *fill*         0x0000000000000000    0x26000 
                0x0000000000026000                __reserved_flash_end__ = (__reserved_flash_start__ + SIZEOF (.reserved_flash))
                0x0000000000026000                __reserved_flash_size__ = SIZEOF (.reserved_flash)
                0x0000000000026000                __reserved_flash_load_end__ = __reserved_flash_end__
                0x0000000000000001                . = ASSERT (((__reserved_flash_start__ == __reserved_flash_end__) || ((__reserved_flash_end__ - __FLASH_segment_start__) <= __FLASH_segment_size__)), error: .reserved_flash is too large to fit in FLASH memory segment)
                0x0000000000026000                __vectors_load_start__ = 0x26000

.vectors        0x0000000000026000      0x200
                0x0000000000026000                __vectors_start__ = .
 *(.vectors .vectors.*)
 .vectors       0x0000000000026000      0x200 build/dimming_server_nrf52832_xxAA_s132_7.0.1_Release/obj/ses_startup_nrf52.o
                0x0000000000026000                _vectors
                0x0000000000026200                __vectors_end__ = (__vectors_start__ + SIZEOF (.vectors))
                0x0000000000000200                __vectors_size__ = SIZEOF (.vectors)
                0x0000000000026200                __vectors_load_end__ = __vectors_end__
                0x0000000000000001                . = ASSERT (((__vectors_start__ == __vectors_end__) || ((__vectors_end__ - __FLASH_segment_start__) <= __FLASH_segment_size__)), error: .vectors is too large to fit in FLASH memory segment)
                0x0000000000000001                . = ASSERT ((__reserved_flash_end__ <= __vectors_start__), error: section .reserved_flash overlaps absolute placed section .vectors)
                0x0000000000026200                __init_load_start__ = ALIGN (__vectors_end__, 0x4)

.init           0x0000000000026200      0x1a0
                0x0000000000026200                __init_start__ = .
 *(.init .init.*)
 .init          0x0000000000026200      0x154 build/dimming_server_nrf52832_xxAA_s132_7.0.1_Release/obj/thumb_crt0.o
                0x0000000000026200                _start
                0x00000000000262b0                exit
 .init          0x0000000000026354       0x18 build/dimming_server_nrf52832_xxAA_s132_7.0.1_Release/obj/ses_startup_nrf52.o
                0x0000000000026354                NMI_Handler
                0x0000000000026356                HardFault_Handler
                0x0000000000026358                MemoryManagement_Handler
                0x000000000002635a                BusFault_Handler
                0x000000000002635c                UsageFault_Handler
                0x000000000002635e                SVC_Handler
                0x0000000000026360                DebugMon_Handler
                0x0000000000026362                PendSV_Handler
                0x0000000000026364                SysTick_Handler
                0x0000000000026366                SPIM0_SPIS0_TWIM0_TWIS0_SPI0_TWI0_IRQHandler
                0x0000000000026366                UARTE0_UART0_IRQHandler
                0x0000000000026366                TIMER4_IRQHandler
                0x0000000000026366                I2S_IRQHandler
                0x0000000000026366                SWI4_EGU4_IRQHandler
                0x0000000000026366                TIMER0_IRQHandler
                0x0000000000026366                Dummy_Handler
                0x0000000000026366                PWM2_IRQHandler
                0x0000000000026366                ECB_IRQHandler
                0x0000000000026366                SPIM1_SPIS1_TWIM1_TWIS1_SPI1_TWI1_IRQHandler
                0x0000000000026366                SAADC_IRQHandler
                0x0000000000026366                CCM_AAR_IRQHandler
                0x0000000000026366                WDT_IRQHandler
                0x0000000000026366                SWI5_EGU5_IRQHandler
                0x0000000000026366                RNG_IRQHandler
                0x0000000000026366                RTC2_IRQHandler
                0x0000000000026366                PWM0_IRQHandler
                0x0000000000026366                SWI3_EGU3_IRQHandler
                0x0000000000026366                SWI1_EGU1_IRQHandler
                0x0000000000026366                SPIM2_SPIS2_SPI2_IRQHandler
                0x0000000000026366                NFCT_IRQHandler
                0x0000000000026366                MWU_IRQHandler
                0x0000000000026366                COMP_LPCOMP_IRQHandler
                0x0000000000026366                RTC0_IRQHandler
                0x0000000000026366                PWM1_IRQHandler
                0x0000000000026366                POWER_CLOCK_IRQHandler
                0x0000000000026366                RADIO_IRQHandler
                0x0000000000026366                PDM_IRQHandler
                0x0000000000026366                TEMP_IRQHandler
                0x0000000000026366                TIMER3_IRQHandler
                0x0000000000026366                FPU_IRQHandler
                0x0000000000026368                nRFInitialize
 .init          0x000000000002636c       0x34 build/dimming_server_nrf52832_xxAA_s132_7.0.1_Release/obj/ses_startup_nrf_common.o
                0x000000000002636c                Reset_Handler
                0x0000000000026370                afterInitialize
                0x00000000000263a0                __init_end__ = (__init_start__ + SIZEOF (.init))
                0x00000000000001a0                __init_size__ = SIZEOF (.init)
                0x00000000000263a0                __init_load_end__ = __init_end__
                0x0000000000000001                . = ASSERT (((__init_start__ == __init_end__) || ((__init_end__ - __FLASH_segment_start__) <= __FLASH_segment_size__)), error: .init is too large to fit in FLASH memory segment)
                0x00000000000263a0                __init_rodata_load_start__ = ALIGN (__init_end__, 0x4)

.init_rodata    0x00000000000263a0        0x0
                0x00000000000263a0                __init_rodata_start__ = .
 *(.init_rodata .init_rodata.*)
                0x00000000000263a0                __init_rodata_end__ = (__init_rodata_start__ + SIZEOF (.init_rodata))
                0x0000000000000000                __init_rodata_size__ = SIZEOF (.init_rodata)
                0x00000000000263a0                __init_rodata_load_end__ = __init_rodata_end__
                0x0000000000000001                . = ASSERT (((__init_rodata_start__ == __init_rodata_end__) || ((__init_rodata_end__ - __FLASH_segment_start__) <= __FLASH_segment_size__)), error: .init_rodata is too large to fit in FLASH memory segment)
                0x00000000000263a0                __text_load_start__ = ALIGN (__init_rodata_end__, 0x4)

.text           0x00000000000263a0    0x1903e
                0x00000000000263a0                __text_start__ = .
 *(.text .text.* .glue_7t .glue_7 .gnu.linkonce.t.* .gcc_except_table .ARM.extab* .gnu.linkonce.armextab.*)
 .glue_7        0x00000000000263a0        0x0 linker stubs
 .glue_7t       0x00000000000263a0        0x0 linker stubs
 .text.sd_app_evt_wait
                0x00000000000263a0        0x4 build/dimming_server_nrf52832_xxAA_s132_7.0.1_Release/obj/main.o
 .text.app_level_server_get_cb
                0x00000000000263a4        0xc build/dimming_server_nrf52832_xxAA_s132_7.0.1_Release/obj/main.o
 .text.models_init_cb
                0x00000000000263b0       0x64 build/dimming_server_nrf52832_xxAA_s132_7.0.1_Release/obj/main.o
 .text.app_level_server_set_cb
                0x0000000000026414       0x14 build/dimming_server_nrf52832_xxAA_s132_7.0.1_Release/obj/main.o
 .text.node_reset
                0x0000000000026428       0x44 build/dimming_server_nrf52832_xxAA_s132_7.0.1_Release/obj/main.o
 .text.config_server_evt_cb
                0x000000000002646c        0xc build/dimming_server_nrf52832_xxAA_s132_7.0.1_Release/obj/main.o
 .text.unicast_address_print
                0x0000000000026478       0x50 build/dimming_server_nrf52832_xxAA_s132_7.0.1_Release/obj/main.o
 .text.provisioning_complete_cb
                0x00000000000264c8       0x50 build/dimming_server_nrf52832_xxAA_s132_7.0.1_Release/obj/main.o
 .text.app_level_server_transition_cb
                0x0000000000026518       0x48 build/dimming_server_nrf52832_xxAA_s132_7.0.1_Release/obj/main.o
 .text.app_rtt_input_handler
                0x0000000000026560      0x188 build/dimming_server_nrf52832_xxAA_s132_7.0.1_Release/obj/main.o
 .text.startup.main
                0x00000000000266e8      0x198 build/dimming_server_nrf52832_xxAA_s132_7.0.1_Release/obj/main.o
                0x00000000000266e8                main
 .text.app_level_transition_complete_cb
                0x0000000000026880       0x8c build/dimming_server_nrf52832_xxAA_s132_7.0.1_Release/obj/app_level.o
 .text.app_level_transition_tick_cb
                0x000000000002690c       0xc4 build/dimming_server_nrf52832_xxAA_s132_7.0.1_Release/obj/app_level.o
 .text.generic_level_state_get_cb
                0x00000000000269d0       0x78 build/dimming_server_nrf52832_xxAA_s132_7.0.1_Release/obj/app_level.o
 .text.app_level_transition_start_cb
                0x0000000000026a48       0x54 build/dimming_server_nrf52832_xxAA_s132_7.0.1_Release/obj/app_level.o
 .text.app_level_delay_start_cb
                0x0000000000026a9c       0x40 build/dimming_server_nrf52832_xxAA_s132_7.0.1_Release/obj/app_level.o
 .text.generic_level_state_set_cb
                0x0000000000026adc       0xa4 build/dimming_server_nrf52832_xxAA_s132_7.0.1_Release/obj/app_level.o
 .text.generic_level_state_delta_set_cb
                0x0000000000026b80      0x138 build/dimming_server_nrf52832_xxAA_s132_7.0.1_Release/obj/app_level.o
 .text.generic_level_state_move_set_cb
                0x0000000000026cb8       0xbc build/dimming_server_nrf52832_xxAA_s132_7.0.1_Release/obj/app_level.o
 .text.app_level_current_value_publish
                0x0000000000026d74       0x50 build/dimming_server_nrf52832_xxAA_s132_7.0.1_Release/obj/app_level.o
                0x0000000000026d74                app_level_current_value_publish
 .text.app_level_init
                0x0000000000026dc4       0x58 build/dimming_server_nrf52832_xxAA_s132_7.0.1_Release/obj/app_level.o
                0x0000000000026dc4                app_level_init
 .text.app_transition_fsm_action
                0x0000000000026e1c       0x10 build/dimming_server_nrf52832_xxAA_s132_7.0.1_Release/obj/app_transition.o
 .text.app_transition_fsm_guard
                0x0000000000026e2c       0x10 build/dimming_server_nrf52832_xxAA_s132_7.0.1_Release/obj/app_transition.o
 .text.a_transition_tick
                0x0000000000026e3c        0x8 build/dimming_server_nrf52832_xxAA_s132_7.0.1_Release/obj/app_transition.o
 .text.g_set_delay
                0x0000000000026e44        0xa build/dimming_server_nrf52832_xxAA_s132_7.0.1_Release/obj/app_transition.o
 .text.g_set_transition
                0x0000000000026e4e       0x16 build/dimming_server_nrf52832_xxAA_s132_7.0.1_Release/obj/app_transition.o
 .text.transition_timer_cb
                0x0000000000026e64        0xa build/dimming_server_nrf52832_xxAA_s132_7.0.1_Release/obj/app_transition.o
 .text.delay_cb
                0x0000000000026e6e       0x10 build/dimming_server_nrf52832_xxAA_s132_7.0.1_Release/obj/app_transition.o
 .text.g_transition_complete
                0x0000000000026e7e       0x3c build/dimming_server_nrf52832_xxAA_s132_7.0.1_Release/obj/app_transition.o
 .text.a_abort  0x0000000000026eba       0x1c build/dimming_server_nrf52832_xxAA_s132_7.0.1_Release/obj/app_transition.o
 .text.a_transition_complete
                0x0000000000026ed6       0x1c build/dimming_server_nrf52832_xxAA_s132_7.0.1_Release/obj/app_transition.o
 *fill*         0x0000000000026ef2        0x2 
 .text.a_transition_start
                0x0000000000026ef4       0xac build/dimming_server_nrf52832_xxAA_s132_7.0.1_Release/obj/app_transition.o
 .text.a_delay_start
                0x0000000000026fa0       0x28 build/dimming_server_nrf52832_xxAA_s132_7.0.1_Release/obj/app_transition.o
 .text.app_transition_trigger
                0x0000000000026fc8       0x1c build/dimming_server_nrf52832_xxAA_s132_7.0.1_Release/obj/app_transition.o
                0x0000000000026fc8                app_transition_trigger
 .text.app_transition_abort
                0x0000000000026fe4       0x1c build/dimming_server_nrf52832_xxAA_s132_7.0.1_Release/obj/app_transition.o
                0x0000000000026fe4                app_transition_abort
 .text.app_transition_remaining_time_get
                0x0000000000027000       0x32 build/dimming_server_nrf52832_xxAA_s132_7.0.1_Release/obj/app_transition.o
                0x0000000000027000                app_transition_remaining_time_get
 .text.app_transition_elapsed_time_get
                0x0000000000027032       0x28 build/dimming_server_nrf52832_xxAA_s132_7.0.1_Release/obj/app_transition.o
                0x0000000000027032                app_transition_elapsed_time_get
 *fill*         0x000000000002705a        0x2 
 .text.app_transition_init
                0x000000000002705c       0x40 build/dimming_server_nrf52832_xxAA_s132_7.0.1_Release/obj/app_transition.o
                0x000000000002705c                app_transition_init
 .text.sd_ble_cfg_set
                0x000000000002709c        0x4 build/dimming_server_nrf52832_xxAA_s132_7.0.1_Release/obj/mesh_provisionee.o
 .text.sd_state_evt_handler
                0x00000000000270a0       0xcc build/dimming_server_nrf52832_xxAA_s132_7.0.1_Release/obj/mesh_provisionee.o
 .text.mesh_evt_handler
                0x000000000002716c       0x2c build/dimming_server_nrf52832_xxAA_s132_7.0.1_Release/obj/mesh_provisionee.o
 .text.provisionee_start
                0x0000000000027198       0x30 build/dimming_server_nrf52832_xxAA_s132_7.0.1_Release/obj/mesh_provisionee.o
 .text.prov_evt_handler
                0x00000000000271c8       0xbc build/dimming_server_nrf52832_xxAA_s132_7.0.1_Release/obj/mesh_provisionee.o
 .text.mesh_provisionee_prov_start
                0x0000000000027284       0x94 build/dimming_server_nrf52832_xxAA_s132_7.0.1_Release/obj/mesh_provisionee.o
                0x0000000000027284                mesh_provisionee_prov_start
 .text.timeout_handler
                0x0000000000027318       0x1c build/dimming_server_nrf52832_xxAA_s132_7.0.1_Release/obj/rtt_input.o
                0x0000000000027318                timeout_handler
 .text.rtt_input_enable
                0x0000000000027334       0x6c build/dimming_server_nrf52832_xxAA_s132_7.0.1_Release/obj/rtt_input.o
                0x0000000000027334                rtt_input_enable
 .text.mesh_app_uuid_print
                0x00000000000273a0       0xe0 build/dimming_server_nrf52832_xxAA_s132_7.0.1_Release/obj/mesh_app_utils.o
                0x00000000000273a0                mesh_app_uuid_print
 .text.pwm_utils_level_set
                0x0000000000027480       0x3c build/dimming_server_nrf52832_xxAA_s132_7.0.1_Release/obj/pwm_utils.o
                0x0000000000027480                pwm_utils_level_set
 .text.pwm_utils_enable
                0x00000000000274bc       0x78 build/dimming_server_nrf52832_xxAA_s132_7.0.1_Release/obj/pwm_utils.o
                0x00000000000274bc                pwm_utils_enable
 .text.sd_ble_gap_adv_set_configure
                0x0000000000027534        0x4 build/dimming_server_nrf52832_xxAA_s132_7.0.1_Release/obj/mesh_adv.o
 .text.sd_ble_gap_adv_start
                0x0000000000027538        0x4 build/dimming_server_nrf52832_xxAA_s132_7.0.1_Release/obj/mesh_adv.o
 .text.sd_ble_gap_adv_stop
                0x000000000002753c        0x4 build/dimming_server_nrf52832_xxAA_s132_7.0.1_Release/obj/mesh_adv.o
 .text.mesh_adv_data_set
                0x0000000000027540       0xe4 build/dimming_server_nrf52832_xxAA_s132_7.0.1_Release/obj/mesh_adv.o
                0x0000000000027540                mesh_adv_data_set
 .text.mesh_adv_params_set
                0x0000000000027624       0x28 build/dimming_server_nrf52832_xxAA_s132_7.0.1_Release/obj/mesh_adv.o
                0x0000000000027624                mesh_adv_params_set
 .text.mesh_adv_start
                0x000000000002764c       0x20 build/dimming_server_nrf52832_xxAA_s132_7.0.1_Release/obj/mesh_adv.o
                0x000000000002764c                mesh_adv_start
 .text.mesh_adv_stop
                0x000000000002766c       0x1c build/dimming_server_nrf52832_xxAA_s132_7.0.1_Release/obj/mesh_adv.o
                0x000000000002766c                mesh_adv_stop
 .text.sd_ble_gap_disconnect
                0x0000000000027688        0x4 build/dimming_server_nrf52832_xxAA_s132_7.0.1_Release/obj/ble_softdevice_support.o
 .text.sd_ble_gap_ppcp_set
                0x000000000002768c        0x4 build/dimming_server_nrf52832_xxAA_s132_7.0.1_Release/obj/ble_softdevice_support.o
 .text.sd_ble_gap_device_name_set
                0x0000000000027690        0x4 build/dimming_server_nrf52832_xxAA_s132_7.0.1_Release/obj/ble_softdevice_support.o
 .text.sd_ble_cfg_set
                0x0000000000027694        0x4 build/dimming_server_nrf52832_xxAA_s132_7.0.1_Release/obj/ble_softdevice_support.o
 .text.conn_params_error_handler
                0x0000000000027698        0x4 build/dimming_server_nrf52832_xxAA_s132_7.0.1_Release/obj/ble_softdevice_support.o
 .text.on_sd_evt
                0x000000000002769c        0x4 build/dimming_server_nrf52832_xxAA_s132_7.0.1_Release/obj/ble_softdevice_support.o
 .text.on_conn_params_evt
                0x00000000000276a0       0x5c build/dimming_server_nrf52832_xxAA_s132_7.0.1_Release/obj/ble_softdevice_support.o
 .text.ble_stack_init
                0x00000000000276fc       0x50 build/dimming_server_nrf52832_xxAA_s132_7.0.1_Release/obj/ble_softdevice_support.o
                0x00000000000276fc                ble_stack_init
 .text.gap_params_init
                0x000000000002774c       0x3c build/dimming_server_nrf52832_xxAA_s132_7.0.1_Release/obj/ble_softdevice_support.o
                0x000000000002774c                gap_params_init
 .text.conn_params_init
                0x0000000000027788       0x58 build/dimming_server_nrf52832_xxAA_s132_7.0.1_Release/obj/ble_softdevice_support.o
                0x0000000000027788                conn_params_init
 .text._weak_handler
                0x00000000000277e0        0x4 build/dimming_server_nrf52832_xxAA_s132_7.0.1_Release/obj/nrf_mesh_weak.o
                0x00000000000277e0                prov_provisioner_oob_use
                0x00000000000277e0                nrf_mesh_dfu_jump_to_bootloader
                0x00000000000277e0                nrf_mesh_dfu_rx
                0x00000000000277e0                prov_provisioner_provision
                0x00000000000277e0                nrf_mesh_dfu_bank_info_get
                0x00000000000277e0                prov_provisioner_oob_pubkey
                0x00000000000277e0                nrf_mesh_dfu_request
                0x00000000000277e0                nrf_mesh_dfu_bank_flash
                0x00000000000277e0                nrf_mesh_dfu_enable
                0x00000000000277e0                _weak_handler
                0x00000000000277e0                nrf_mesh_dfu_relay
                0x00000000000277e0                nrf_mesh_dfu_abort
                0x00000000000277e0                mesh_flash_op_execute
                0x00000000000277e0                prov_provisionee_init
                0x00000000000277e0                nrf_mesh_dfu_state_get
                0x00000000000277e0                prov_provisioner_shared_secret
                0x00000000000277e0                prov_provisioner_auth_data
                0x00000000000277e0                prov_bearer_adv_packet_in
                0x00000000000277e0                nrf_mesh_dfu_init
 .text.app_error_fault_handler
                0x00000000000277e4      0x140 build/dimming_server_nrf52832_xxAA_s132_7.0.1_Release/obj/app_error_weak.o
                0x00000000000277e4                app_error_fault_handler
 .text.mesh_assertion_handler
                0x0000000000027924       0x20 build/dimming_server_nrf52832_xxAA_s132_7.0.1_Release/obj/assertion_handler_weak.o
                0x0000000000027924                mesh_assertion_handler
 .text.nrf_mesh_configure_device_uuid_set
                0x0000000000027944       0x18 build/dimming_server_nrf52832_xxAA_s132_7.0.1_Release/obj/nrf_mesh_configure.o
                0x0000000000027944                nrf_mesh_configure_device_uuid_set
 .text.nrf_mesh_configure_device_uuid_reset
                0x000000000002795c       0x34 build/dimming_server_nrf52832_xxAA_s132_7.0.1_Release/obj/nrf_mesh_configure.o
                0x000000000002795c                nrf_mesh_configure_device_uuid_reset
 .text.nrf_mesh_configure_device_uuid_get
                0x0000000000027990        0x8 build/dimming_server_nrf52832_xxAA_s132_7.0.1_Release/obj/nrf_mesh_configure.o
                0x0000000000027990                nrf_mesh_configure_device_uuid_get
 .text.msg_cache_init
                0x0000000000027998       0x24 build/dimming_server_nrf52832_xxAA_s132_7.0.1_Release/obj/msg_cache.o
                0x0000000000027998                msg_cache_init
 .text.msg_cache_entry_exists
                0x00000000000279bc       0x3c build/dimming_server_nrf52832_xxAA_s132_7.0.1_Release/obj/msg_cache.o
                0x00000000000279bc                msg_cache_entry_exists
 .text.msg_cache_entry_add
                0x00000000000279f8       0x30 build/dimming_server_nrf52832_xxAA_s132_7.0.1_Release/obj/msg_cache.o
                0x00000000000279f8                msg_cache_entry_add
 .text.transport_sar_first_seq_num_get
                0x0000000000027a28       0x12 build/dimming_server_nrf52832_xxAA_s132_7.0.1_Release/obj/transport.o
 *fill*         0x0000000000027a3a        0x2 
 .text.control_packet_callback_get
                0x0000000000027a3c       0x40 build/dimming_server_nrf52832_xxAA_s132_7.0.1_Release/obj/transport.o
 .text.tx_complete
                0x0000000000027a7c       0x2c build/dimming_server_nrf52832_xxAA_s132_7.0.1_Release/obj/transport.o
 .text.block_ack_full
                0x0000000000027aa8       0x1a build/dimming_server_nrf52832_xxAA_s132_7.0.1_Release/obj/transport.o
 .text.upper_trs_packet_encrypt
                0x0000000000027ac2       0x86 build/dimming_server_nrf52832_xxAA_s132_7.0.1_Release/obj/transport.o
 .text.sar_ctx_alloc
                0x0000000000027b48       0xcc build/dimming_server_nrf52832_xxAA_s132_7.0.1_Release/obj/transport.o
 .text.sar_ctx_free
                0x0000000000027c14       0x3a build/dimming_server_nrf52832_xxAA_s132_7.0.1_Release/obj/transport.o
 .text.sar_ctx_tx_complete
                0x0000000000027c4e       0x34 build/dimming_server_nrf52832_xxAA_s132_7.0.1_Release/obj/transport.o
 .text.transport_metadata_validate
                0x0000000000027c82       0x54 build/dimming_server_nrf52832_xxAA_s132_7.0.1_Release/obj/transport.o
 *fill*         0x0000000000027cd6        0x2 
 .text.test_transport_decrypt
                0x0000000000027cd8       0x64 build/dimming_server_nrf52832_xxAA_s132_7.0.1_Release/obj/transport.o
 .text.replay_list_add
                0x0000000000027d3c       0x4c build/dimming_server_nrf52832_xxAA_s132_7.0.1_Release/obj/transport.o
 .text.upper_transport_access_packet_in
                0x0000000000027d88      0x17c build/dimming_server_nrf52832_xxAA_s132_7.0.1_Release/obj/transport.o
 .text.trs_packet_header_build
                0x0000000000027f04       0x82 build/dimming_server_nrf52832_xxAA_s132_7.0.1_Release/obj/transport.o
 .text.trs_sar_packet_out
                0x0000000000027f86      0x10c build/dimming_server_nrf52832_xxAA_s132_7.0.1_Release/obj/transport.o
 *fill*         0x0000000000028092        0x2 
 .text.tx_retry_timer_reset
                0x0000000000028094       0x3c build/dimming_server_nrf52832_xxAA_s132_7.0.1_Release/obj/transport.o
 .text.segmented_packet_tx
                0x00000000000280d0      0x124 build/dimming_server_nrf52832_xxAA_s132_7.0.1_Release/obj/transport.o
 .text.sar_ctx_cancel
                0x00000000000281f4       0xbc build/dimming_server_nrf52832_xxAA_s132_7.0.1_Release/obj/transport.o
 .text.abort_timeout
                0x00000000000282b0        0x8 build/dimming_server_nrf52832_xxAA_s132_7.0.1_Release/obj/transport.o
 .text.retry_timeout
                0x00000000000282b8       0x4c build/dimming_server_nrf52832_xxAA_s132_7.0.1_Release/obj/transport.o
 .text.transport_control_packet_in
                0x0000000000028304      0x184 build/dimming_server_nrf52832_xxAA_s132_7.0.1_Release/obj/transport.o
 .text.unsegmented_packet_tx
                0x0000000000028488       0x7c build/dimming_server_nrf52832_xxAA_s132_7.0.1_Release/obj/transport.o
 .text.transport_init
                0x0000000000028504       0x84 build/dimming_server_nrf52832_xxAA_s132_7.0.1_Release/obj/transport.o
                0x0000000000028504                transport_init
 .text.transport_enable
                0x0000000000028588        0x4 build/dimming_server_nrf52832_xxAA_s132_7.0.1_Release/obj/transport.o
                0x0000000000028588                transport_enable
 .text.transport_tx
                0x000000000002858c       0xf0 build/dimming_server_nrf52832_xxAA_s132_7.0.1_Release/obj/transport.o
                0x000000000002858c                transport_tx
 .text.transport_control_tx
                0x000000000002867c       0xdc build/dimming_server_nrf52832_xxAA_s132_7.0.1_Release/obj/transport.o
                0x000000000002867c                transport_control_tx
 .text.sar_ack_send
                0x0000000000028758       0xe8 build/dimming_server_nrf52832_xxAA_s132_7.0.1_Release/obj/transport.o
 .text.ack_timeout
                0x0000000000028840       0x30 build/dimming_server_nrf52832_xxAA_s132_7.0.1_Release/obj/transport.o
 .text.transport_packet_in
                0x0000000000028870      0x47c build/dimming_server_nrf52832_xxAA_s132_7.0.1_Release/obj/transport.o
                0x0000000000028870                transport_packet_in
 .text.transport_sar_process
                0x0000000000028cec       0x68 build/dimming_server_nrf52832_xxAA_s132_7.0.1_Release/obj/transport.o
 .text.transport_control_packet_consumer_add
                0x0000000000028d54       0x64 build/dimming_server_nrf52832_xxAA_s132_7.0.1_Release/obj/transport.o
                0x0000000000028d54                transport_control_packet_consumer_add
 .text.event_handle
                0x0000000000028db8       0x54 build/dimming_server_nrf52832_xxAA_s132_7.0.1_Release/obj/event.o
                0x0000000000028db8                event_handle
 .text.event_handler_add
                0x0000000000028e0c       0x20 build/dimming_server_nrf52832_xxAA_s132_7.0.1_Release/obj/event.o
                0x0000000000028e0c                event_handler_add
 .text.event_handler_remove
                0x0000000000028e2c       0x34 build/dimming_server_nrf52832_xxAA_s132_7.0.1_Release/obj/event.o
                0x0000000000028e2c                event_handler_remove
 .text.m_index_increment
                0x0000000000028e60       0x1e build/dimming_server_nrf52832_xxAA_s132_7.0.1_Release/obj/packet_buffer.o
 .text.m_get_next_packet
                0x0000000000028e7e       0x1e build/dimming_server_nrf52832_xxAA_s132_7.0.1_Release/obj/packet_buffer.o
 .text.packet_buffer_init
                0x0000000000028e9c       0xa8 build/dimming_server_nrf52832_xxAA_s132_7.0.1_Release/obj/packet_buffer.o
                0x0000000000028e9c                packet_buffer_init
 .text.packet_buffer_flush
                0x0000000000028f44       0x50 build/dimming_server_nrf52832_xxAA_s132_7.0.1_Release/obj/packet_buffer.o
                0x0000000000028f44                packet_buffer_flush
 .text.packet_buffer_reserve
                0x0000000000028f94       0xa2 build/dimming_server_nrf52832_xxAA_s132_7.0.1_Release/obj/packet_buffer.o
                0x0000000000028f94                packet_buffer_reserve
 .text.packet_buffer_commit
                0x0000000000029036       0x62 build/dimming_server_nrf52832_xxAA_s132_7.0.1_Release/obj/packet_buffer.o
                0x0000000000029036                packet_buffer_commit
 .text.packet_buffer_pop
                0x0000000000029098       0x5a build/dimming_server_nrf52832_xxAA_s132_7.0.1_Release/obj/packet_buffer.o
                0x0000000000029098                packet_buffer_pop
 .text.packet_buffer_can_pop
                0x00000000000290f2       0x34 build/dimming_server_nrf52832_xxAA_s132_7.0.1_Release/obj/packet_buffer.o
                0x00000000000290f2                packet_buffer_can_pop
 .text.packet_buffer_packets_ready_to_pop
                0x0000000000029126       0x36 build/dimming_server_nrf52832_xxAA_s132_7.0.1_Release/obj/packet_buffer.o
                0x0000000000029126                packet_buffer_packets_ready_to_pop
 .text.packet_buffer_free
                0x000000000002915c       0x74 build/dimming_server_nrf52832_xxAA_s132_7.0.1_Release/obj/packet_buffer.o
                0x000000000002915c                packet_buffer_free
 .text.packet_buffer_is_empty
                0x00000000000291d0       0x28 build/dimming_server_nrf52832_xxAA_s132_7.0.1_Release/obj/packet_buffer.o
                0x00000000000291d0                packet_buffer_is_empty
 .text.get_last_page
                0x00000000000291f8       0x14 build/dimming_server_nrf52832_xxAA_s132_7.0.1_Release/obj/flash_manager_defrag.o
 .text.defrag_on_end
                0x000000000002920c       0x1c build/dimming_server_nrf52832_xxAA_s132_7.0.1_Release/obj/flash_manager_defrag.o
 .text.execute_procedure_step
                0x0000000000029228       0x70 build/dimming_server_nrf52832_xxAA_s132_7.0.1_Release/obj/flash_manager_defrag.o
 .text.get_next_entry
                0x0000000000029298       0x38 build/dimming_server_nrf52832_xxAA_s132_7.0.1_Release/obj/flash_manager_defrag.o
 .text.get_next_data_entry
                0x00000000000292d0       0x26 build/dimming_server_nrf52832_xxAA_s132_7.0.1_Release/obj/flash_manager_defrag.o
 *fill*         0x00000000000292f6        0x2 
 .text.on_flash_op_end
                0x00000000000292f8       0x2c build/dimming_server_nrf52832_xxAA_s132_7.0.1_Release/obj/flash_manager_defrag.o
 .text.check_for_invalid_entries
                0x0000000000029324       0x38 build/dimming_server_nrf52832_xxAA_s132_7.0.1_Release/obj/flash_manager_defrag.o
 .text.erase_recovery_area
                0x000000000002935c       0x34 build/dimming_server_nrf52832_xxAA_s132_7.0.1_Release/obj/flash_manager_defrag.o
 .text.flash.constprop.0
                0x0000000000029390       0x24 build/dimming_server_nrf52832_xxAA_s132_7.0.1_Release/obj/flash_manager_defrag.o
 .text.invalidate_duplicate_entries
                0x00000000000293b4       0xa8 build/dimming_server_nrf52832_xxAA_s132_7.0.1_Release/obj/flash_manager_defrag.o
 .text.seal_storage_page
                0x000000000002945c       0x50 build/dimming_server_nrf52832_xxAA_s132_7.0.1_Release/obj/flash_manager_defrag.o
 .text.copy_metadata
                0x00000000000294ac       0x3c build/dimming_server_nrf52832_xxAA_s132_7.0.1_Release/obj/flash_manager_defrag.o
 .text.write_defrag_start_pointer
                0x00000000000294e8       0x20 build/dimming_server_nrf52832_xxAA_s132_7.0.1_Release/obj/flash_manager_defrag.o
 .text.write_back
                0x0000000000029508       0x28 build/dimming_server_nrf52832_xxAA_s132_7.0.1_Release/obj/flash_manager_defrag.o
 .text.post_process
                0x0000000000029530       0x40 build/dimming_server_nrf52832_xxAA_s132_7.0.1_Release/obj/flash_manager_defrag.o
 .text.backup_entries
                0x0000000000029570       0xd8 build/dimming_server_nrf52832_xxAA_s132_7.0.1_Release/obj/flash_manager_defrag.o
 .text.erase_source
                0x0000000000029648       0x34 build/dimming_server_nrf52832_xxAA_s132_7.0.1_Release/obj/flash_manager_defrag.o
 .text.flash_manager_defrag_init
                0x000000000002967c       0xec build/dimming_server_nrf52832_xxAA_s132_7.0.1_Release/obj/flash_manager_defrag.o
                0x000000000002967c                flash_manager_defrag_init
 .text.flash_manager_defragging
                0x0000000000029768       0x38 build/dimming_server_nrf52832_xxAA_s132_7.0.1_Release/obj/flash_manager_defrag.o
                0x0000000000029768                flash_manager_defragging
 .text.flash_manager_defrag_is_running
                0x00000000000297a0       0x10 build/dimming_server_nrf52832_xxAA_s132_7.0.1_Release/obj/flash_manager_defrag.o
                0x00000000000297a0                flash_manager_defrag_is_running
 .text.flash_manager_defrag
                0x00000000000297b0       0x44 build/dimming_server_nrf52832_xxAA_s132_7.0.1_Release/obj/flash_manager_defrag.o
                0x00000000000297b0                flash_manager_defrag
 .text.flash_manager_defrag_recovery_page_get
                0x00000000000297f4        0xc build/dimming_server_nrf52832_xxAA_s132_7.0.1_Release/obj/flash_manager_defrag.o
                0x00000000000297f4                flash_manager_defrag_recovery_page_get
 .text.fifo_init
                0x0000000000029800       0x34 build/dimming_server_nrf52832_xxAA_s132_7.0.1_Release/obj/fifo.o
                0x0000000000029800                fifo_init
 .text.fifo_pop
                0x0000000000029834       0x52 build/dimming_server_nrf52832_xxAA_s132_7.0.1_Release/obj/fifo.o
                0x0000000000029834                fifo_pop
 *fill*         0x0000000000029886        0x2 
 .text.wait_for_ready
                0x0000000000029888       0x10 build/dimming_server_nrf52832_xxAA_s132_7.0.1_Release/obj/nrf_flash.o
 .text.nrf_flash_erase
                0x0000000000029898       0x50 build/dimming_server_nrf52832_xxAA_s132_7.0.1_Release/obj/nrf_flash.o
                0x0000000000029898                nrf_flash_erase
 .text.nrf_flash_write
                0x00000000000298e8       0x58 build/dimming_server_nrf52832_xxAA_s132_7.0.1_Release/obj/nrf_flash.o
                0x00000000000298e8                nrf_flash_write
 .text.iv_timeout_limit_passed
                0x0000000000029940       0x18 build/dimming_server_nrf52832_xxAA_s132_7.0.1_Release/obj/net_state.o
 .text.seqnum_block_legacy_setter
                0x0000000000029958       0x3c build/dimming_server_nrf52832_xxAA_s132_7.0.1_Release/obj/net_state.o
 .text.iv_index_legacy_setter
                0x0000000000029994       0x3c build/dimming_server_nrf52832_xxAA_s132_7.0.1_Release/obj/net_state.o
 .text.seqnum_block_getter
                0x00000000000299d0       0x24 build/dimming_server_nrf52832_xxAA_s132_7.0.1_Release/obj/net_state.o
 .text.seqnum_block_setter
                0x00000000000299f4       0x34 build/dimming_server_nrf52832_xxAA_s132_7.0.1_Release/obj/net_state.o
 .text.iv_index_getter
                0x0000000000029a28       0x24 build/dimming_server_nrf52832_xxAA_s132_7.0.1_Release/obj/net_state.o
 .text.iv_index_setter
                0x0000000000029a4c       0x34 build/dimming_server_nrf52832_xxAA_s132_7.0.1_Release/obj/net_state.o
 .text.seqnum_block_deleter
                0x0000000000029a80       0x24 build/dimming_server_nrf52832_xxAA_s132_7.0.1_Release/obj/net_state.o
 .text.iv_index_deleter
                0x0000000000029aa4       0x24 build/dimming_server_nrf52832_xxAA_s132_7.0.1_Release/obj/net_state.o
 .text.iv_index_notify
                0x0000000000029ac8       0x30 build/dimming_server_nrf52832_xxAA_s132_7.0.1_Release/obj/net_state.o
 .text.persist_completed_notify
                0x0000000000029af8       0x2c build/dimming_server_nrf52832_xxAA_s132_7.0.1_Release/obj/net_state.o
 .text.seqnum_block_allocate
                0x0000000000029b24       0x58 build/dimming_server_nrf52832_xxAA_s132_7.0.1_Release/obj/net_state.o
 .text.iv_index_store
                0x0000000000029b7c       0x44 build/dimming_server_nrf52832_xxAA_s132_7.0.1_Release/obj/net_state.o
 .text.net_state_reset
                0x0000000000029bc0       0x3c build/dimming_server_nrf52832_xxAA_s132_7.0.1_Release/obj/net_state.o
                0x0000000000029bc0                net_state_reset
 .text.net_state_init
                0x0000000000029bfc       0x48 build/dimming_server_nrf52832_xxAA_s132_7.0.1_Release/obj/net_state.o
                0x0000000000029bfc                net_state_init
 .text.net_state_enable
                0x0000000000029c44       0xc4 build/dimming_server_nrf52832_xxAA_s132_7.0.1_Release/obj/net_state.o
                0x0000000000029c44                net_state_enable
 .text.net_state_is_seqnum_block_ready
                0x0000000000029d08       0x14 build/dimming_server_nrf52832_xxAA_s132_7.0.1_Release/obj/net_state.o
                0x0000000000029d08                net_state_is_seqnum_block_ready
 .text.net_state_iv_update_start
                0x0000000000029d1c       0x40 build/dimming_server_nrf52832_xxAA_s132_7.0.1_Release/obj/net_state.o
                0x0000000000029d1c                net_state_iv_update_start
 .text.iv_update_trigger_if_pending
                0x0000000000029d5c       0x5c build/dimming_server_nrf52832_xxAA_s132_7.0.1_Release/obj/net_state.o
 .text.iv_update_timer_handler
                0x0000000000029db8       0x9c build/dimming_server_nrf52832_xxAA_s132_7.0.1_Release/obj/net_state.o
 .text.mesh_evt_handler
                0x0000000000029e54       0x88 build/dimming_server_nrf52832_xxAA_s132_7.0.1_Release/obj/net_state.o
 .text.net_state_seqnum_alloc
                0x0000000000029edc       0x74 build/dimming_server_nrf52832_xxAA_s132_7.0.1_Release/obj/net_state.o
                0x0000000000029edc                net_state_seqnum_alloc
 .text.net_state_iv_index_lock
                0x0000000000029f50       0x3c build/dimming_server_nrf52832_xxAA_s132_7.0.1_Release/obj/net_state.o
                0x0000000000029f50                net_state_iv_index_lock
 .text.net_state_key_refresh_phase_changed
                0x0000000000029f8c       0x20 build/dimming_server_nrf52832_xxAA_s132_7.0.1_Release/obj/net_state.o
                0x0000000000029f8c                net_state_key_refresh_phase_changed
 .text.net_state_beacon_iv_index_get
                0x0000000000029fac        0xc build/dimming_server_nrf52832_xxAA_s132_7.0.1_Release/obj/net_state.o
                0x0000000000029fac                net_state_beacon_iv_index_get
 .text.net_state_tx_iv_index_get
                0x0000000000029fb8       0x14 build/dimming_server_nrf52832_xxAA_s132_7.0.1_Release/obj/net_state.o
                0x0000000000029fb8                net_state_tx_iv_index_get
 .text.net_state_rx_iv_index_get
                0x0000000000029fcc       0x18 build/dimming_server_nrf52832_xxAA_s132_7.0.1_Release/obj/net_state.o
                0x0000000000029fcc                net_state_rx_iv_index_get
 .text.net_state_iv_update_get
                0x0000000000029fe4        0xc build/dimming_server_nrf52832_xxAA_s132_7.0.1_Release/obj/net_state.o
                0x0000000000029fe4                net_state_iv_update_get
 .text.net_state_iv_index_set
                0x0000000000029ff0       0x44 build/dimming_server_nrf52832_xxAA_s132_7.0.1_Release/obj/net_state.o
                0x0000000000029ff0                net_state_iv_index_set
 .text.send_end_events
                0x000000000002a034       0x84 build/dimming_server_nrf52832_xxAA_s132_7.0.1_Release/obj/mesh_flash.o
 .text.flash_op_action_prepare
                0x000000000002a0b8       0x78 build/dimming_server_nrf52832_xxAA_s132_7.0.1_Release/obj/mesh_flash.o
 .text.flash_op_schedule
                0x000000000002a130       0x20 build/dimming_server_nrf52832_xxAA_s132_7.0.1_Release/obj/mesh_flash.o
 .text.flash_op_start
                0x000000000002a150      0x138 build/dimming_server_nrf52832_xxAA_s132_7.0.1_Release/obj/mesh_flash.o
 .text.mesh_flash_init
                0x000000000002a288       0x7c build/dimming_server_nrf52832_xxAA_s132_7.0.1_Release/obj/mesh_flash.o
                0x000000000002a288                mesh_flash_init
 .text.mesh_flash_user_callback_set
                0x000000000002a304       0x20 build/dimming_server_nrf52832_xxAA_s132_7.0.1_Release/obj/mesh_flash.o
                0x000000000002a304                mesh_flash_user_callback_set
 .text.mesh_flash_op_push
                0x000000000002a324      0x118 build/dimming_server_nrf52832_xxAA_s132_7.0.1_Release/obj/mesh_flash.o
                0x000000000002a324                mesh_flash_op_push
 .text.mesh_flash_set_suspended
                0x000000000002a43c       0x70 build/dimming_server_nrf52832_xxAA_s132_7.0.1_Release/obj/mesh_flash.o
                0x000000000002a43c                mesh_flash_set_suspended
 .text.nrf_mesh_address_type_get
                0x000000000002a4ac       0x10 build/dimming_server_nrf52832_xxAA_s132_7.0.1_Release/obj/nrf_mesh_utils.o
                0x000000000002a4ac                nrf_mesh_address_type_get
 .text.sd_softdevice_is_enabled
                0x000000000002a4bc        0x4 build/dimming_server_nrf52832_xxAA_s132_7.0.1_Release/obj/nrf_mesh.o
 .text.packet_in
                0x000000000002a4c0       0x48 build/dimming_server_nrf52832_xxAA_s132_7.0.1_Release/obj/nrf_mesh.o
 .text.scanner_packet_process_cb
                0x000000000002a508       0x8c build/dimming_server_nrf52832_xxAA_s132_7.0.1_Release/obj/nrf_mesh.o
 .text.nrf_mesh_enabled_be_cb
                0x000000000002a594       0x50 build/dimming_server_nrf52832_xxAA_s132_7.0.1_Release/obj/nrf_mesh.o
 .text.bearer_stopped_cb
                0x000000000002a5e4       0x30 build/dimming_server_nrf52832_xxAA_s132_7.0.1_Release/obj/nrf_mesh.o
 .text.config_stable_catch
                0x000000000002a614       0x24 build/dimming_server_nrf52832_xxAA_s132_7.0.1_Release/obj/nrf_mesh.o
 .text.nrf_mesh_init
                0x000000000002a638       0xdc build/dimming_server_nrf52832_xxAA_s132_7.0.1_Release/obj/nrf_mesh.o
                0x000000000002a638                nrf_mesh_init
 .text.nrf_mesh_enable
                0x000000000002a714       0x90 build/dimming_server_nrf52832_xxAA_s132_7.0.1_Release/obj/nrf_mesh.o
                0x000000000002a714                nrf_mesh_enable
 .text.nrf_mesh_disable
                0x000000000002a7a4       0x2c build/dimming_server_nrf52832_xxAA_s132_7.0.1_Release/obj/nrf_mesh.o
                0x000000000002a7a4                nrf_mesh_disable
 .text.nrf_mesh_packet_send
                0x000000000002a7d0        0x4 build/dimming_server_nrf52832_xxAA_s132_7.0.1_Release/obj/nrf_mesh.o
                0x000000000002a7d0                nrf_mesh_packet_send
 .text.nrf_mesh_evt_handler_add
                0x000000000002a7d4        0x4 build/dimming_server_nrf52832_xxAA_s132_7.0.1_Release/obj/nrf_mesh.o
                0x000000000002a7d4                nrf_mesh_evt_handler_add
 .text.nrf_mesh_evt_handler_remove
                0x000000000002a7d8        0x4 build/dimming_server_nrf52832_xxAA_s132_7.0.1_Release/obj/nrf_mesh.o
                0x000000000002a7d8                nrf_mesh_evt_handler_remove
 .text.nrf_mesh_on_sd_evt
                0x000000000002a7dc        0xa build/dimming_server_nrf52832_xxAA_s132_7.0.1_Release/obj/nrf_mesh.o
                0x000000000002a7dc                nrf_mesh_on_sd_evt
 .text.nrf_mesh_subnet_added
                0x000000000002a7e6        0x4 build/dimming_server_nrf52832_xxAA_s132_7.0.1_Release/obj/nrf_mesh.o
                0x000000000002a7e6                nrf_mesh_subnet_added
 *fill*         0x000000000002a7ea        0x2 
 .text.nrf_mesh_unique_token_get
                0x000000000002a7ec       0x18 build/dimming_server_nrf52832_xxAA_s132_7.0.1_Release/obj/nrf_mesh.o
                0x000000000002a7ec                nrf_mesh_unique_token_get
 .text.queue_init
                0x000000000002a804       0x14 build/dimming_server_nrf52832_xxAA_s132_7.0.1_Release/obj/queue.o
                0x000000000002a804                queue_init
 .text.queue_push
                0x000000000002a818       0x34 build/dimming_server_nrf52832_xxAA_s132_7.0.1_Release/obj/queue.o
                0x000000000002a818                queue_push
 .text.queue_pop
                0x000000000002a84c       0x2a build/dimming_server_nrf52832_xxAA_s132_7.0.1_Release/obj/queue.o
                0x000000000002a84c                queue_pop
 .text.queue_peek
                0x000000000002a876       0x10 build/dimming_server_nrf52832_xxAA_s132_7.0.1_Release/obj/queue.o
                0x000000000002a876                queue_peek
 .text.sd_power_reset_reason_clr
                0x000000000002a886        0x4 build/dimming_server_nrf52832_xxAA_s132_7.0.1_Release/obj/hal.o
 .text.sd_power_gpregret_set
                0x000000000002a88a        0x4 build/dimming_server_nrf52832_xxAA_s132_7.0.1_Release/obj/hal.o
 .text.sd_power_gpregret_clr
                0x000000000002a88e        0x4 build/dimming_server_nrf52832_xxAA_s132_7.0.1_Release/obj/hal.o
 *fill*         0x000000000002a892        0x2 
 .text.hal_device_reset
                0x000000000002a894       0x40 build/dimming_server_nrf52832_xxAA_s132_7.0.1_Release/obj/hal.o
                0x000000000002a894                hal_device_reset
 .text.hal_lfclk_ppm_get
                0x000000000002a8d4       0x14 build/dimming_server_nrf52832_xxAA_s132_7.0.1_Release/obj/hal.o
                0x000000000002a8d4                hal_lfclk_ppm_get
 .text.hal_irq_active_get
                0x000000000002a8e8       0x10 build/dimming_server_nrf52832_xxAA_s132_7.0.1_Release/obj/hal.o
                0x000000000002a8e8                hal_irq_active_get
 .text.hal_irq_is_enabled
                0x000000000002a8f8       0x30 build/dimming_server_nrf52832_xxAA_s132_7.0.1_Release/obj/hal.o
                0x000000000002a8f8                hal_irq_is_enabled
 .text.sd_ecb_block_encrypt
                0x000000000002a928        0x4 build/dimming_server_nrf52832_xxAA_s132_7.0.1_Release/obj/aes_cmac.o
 .text.utils_xor.constprop.0
                0x000000000002a92c       0x20 build/dimming_server_nrf52832_xxAA_s132_7.0.1_Release/obj/aes_cmac.o
 .text.aes_cmac
                0x000000000002a94c      0x11e build/dimming_server_nrf52832_xxAA_s132_7.0.1_Release/obj/aes_cmac.o
                0x000000000002a94c                aes_cmac
 *fill*         0x000000000002aa6a        0x2 
 .text.add_evt  0x000000000002aa6c       0x4c build/dimming_server_nrf52832_xxAA_s132_7.0.1_Release/obj/timer_scheduler.o
 .text.remove_evt
                0x000000000002aab8       0x50 build/dimming_server_nrf52832_xxAA_s132_7.0.1_Release/obj/timer_scheduler.o
 .text.timer_cb
                0x000000000002ab08        0xc build/dimming_server_nrf52832_xxAA_s132_7.0.1_Release/obj/timer_scheduler.o
 .text.setup_timeout.isra.0
                0x000000000002ab14       0x1c build/dimming_server_nrf52832_xxAA_s132_7.0.1_Release/obj/timer_scheduler.o
 .text.flag_event_cb
                0x000000000002ab30       0x98 build/dimming_server_nrf52832_xxAA_s132_7.0.1_Release/obj/timer_scheduler.o
 .text.timer_sch_init
                0x000000000002abc8       0x28 build/dimming_server_nrf52832_xxAA_s132_7.0.1_Release/obj/timer_scheduler.o
                0x000000000002abc8                timer_sch_init
 .text.timer_sch_schedule
                0x000000000002abf0       0x44 build/dimming_server_nrf52832_xxAA_s132_7.0.1_Release/obj/timer_scheduler.o
                0x000000000002abf0                timer_sch_schedule
 .text.timer_sch_abort
                0x000000000002ac34       0x2e build/dimming_server_nrf52832_xxAA_s132_7.0.1_Release/obj/timer_scheduler.o
                0x000000000002ac34                timer_sch_abort
 .text.timer_sch_reschedule
                0x000000000002ac62       0x38 build/dimming_server_nrf52832_xxAA_s132_7.0.1_Release/obj/timer_scheduler.o
                0x000000000002ac62                timer_sch_reschedule
 .text.timer_init
                0x000000000002ac9a       0x1a build/dimming_server_nrf52832_xxAA_s132_7.0.1_Release/obj/timer.o
                0x000000000002ac9a                timer_init
 .text.timer_now
                0x000000000002acb4       0x48 build/dimming_server_nrf52832_xxAA_s132_7.0.1_Release/obj/timer.o
                0x000000000002acb4                timer_now
 .text.nrf_mesh_timer_tail_handle
                0x000000000002acfc       0x34 build/dimming_server_nrf52832_xxAA_s132_7.0.1_Release/obj/timer.o
                0x000000000002acfc                nrf_mesh_timer_tail_handle
 .text.nrf_mesh_timer_ovfw_handle
                0x000000000002ad30       0x98 build/dimming_server_nrf52832_xxAA_s132_7.0.1_Release/obj/timer.o
                0x000000000002ad30                nrf_mesh_timer_ovfw_handle
 .text.timer_start
                0x000000000002adc8       0xac build/dimming_server_nrf52832_xxAA_s132_7.0.1_Release/obj/timer.o
                0x000000000002adc8                timer_start
 .text.timer_stop
                0x000000000002ae74       0x30 build/dimming_server_nrf52832_xxAA_s132_7.0.1_Release/obj/timer.o
                0x000000000002ae74                timer_stop
 .text.sd_rand_application_bytes_available_get
                0x000000000002aea4        0x4 build/dimming_server_nrf52832_xxAA_s132_7.0.1_Release/obj/rand.o
 .text.sd_rand_application_vector_get
                0x000000000002aea8        0x4 build/dimming_server_nrf52832_xxAA_s132_7.0.1_Release/obj/rand.o
 .text.rand_prng_get
                0x000000000002aeac       0x24 build/dimming_server_nrf52832_xxAA_s132_7.0.1_Release/obj/rand.o
                0x000000000002aeac                rand_prng_get
 .text.rand_hw_rng_get
                0x000000000002aed0       0x44 build/dimming_server_nrf52832_xxAA_s132_7.0.1_Release/obj/rand.o
                0x000000000002aed0                rand_hw_rng_get
 .text.rand_prng_seed
                0x000000000002af14       0x34 build/dimming_server_nrf52832_xxAA_s132_7.0.1_Release/obj/rand.o
                0x000000000002af14                rand_prng_seed
 .text.mesh_opt_init
                0x000000000002af48        0x2 build/dimming_server_nrf52832_xxAA_s132_7.0.1_Release/obj/mesh_opt.o
                0x000000000002af48                mesh_opt_init
 *fill*         0x000000000002af4a        0x2 
 .text.mesh_opt_clear
                0x000000000002af4c       0xa0 build/dimming_server_nrf52832_xxAA_s132_7.0.1_Release/obj/mesh_opt.o
                0x000000000002af4c                mesh_opt_clear
 .text.sd_radio_session_open
                0x000000000002afec        0x4 build/dimming_server_nrf52832_xxAA_s132_7.0.1_Release/obj/timeslot.o
 .text.sd_radio_session_close
                0x000000000002aff0        0x4 build/dimming_server_nrf52832_xxAA_s132_7.0.1_Release/obj/timeslot.o
 .text.sd_radio_request
                0x000000000002aff4        0x4 build/dimming_server_nrf52832_xxAA_s132_7.0.1_Release/obj/timeslot.o
 .text.end_timer_handler
                0x000000000002aff8       0x28 build/dimming_server_nrf52832_xxAA_s132_7.0.1_Release/obj/timeslot.o
 .text.get_end_time.isra.0
                0x000000000002b020       0x20 build/dimming_server_nrf52832_xxAA_s132_7.0.1_Release/obj/timeslot.o
 .text.on_ts_begin.constprop.0
                0x000000000002b040       0x48 build/dimming_server_nrf52832_xxAA_s132_7.0.1_Release/obj/timeslot.o
 .text.handle_extend_end.constprop.0
                0x000000000002b088       0x88 build/dimming_server_nrf52832_xxAA_s132_7.0.1_Release/obj/timeslot.o
 .text.radio_signal_callback
                0x000000000002b110      0x12c build/dimming_server_nrf52832_xxAA_s132_7.0.1_Release/obj/timeslot.o
 .text.timeslot_sd_event_handler
                0x000000000002b23c       0x60 build/dimming_server_nrf52832_xxAA_s132_7.0.1_Release/obj/timeslot.o
                0x000000000002b23c                timeslot_sd_event_handler
 .text.timeslot_init
                0x000000000002b29c       0x50 build/dimming_server_nrf52832_xxAA_s132_7.0.1_Release/obj/timeslot.o
                0x000000000002b29c                timeslot_init
 .text.timeslot_start
                0x000000000002b2ec       0x44 build/dimming_server_nrf52832_xxAA_s132_7.0.1_Release/obj/timeslot.o
                0x000000000002b2ec                timeslot_start
 .text.timeslot_end_is_pending
                0x000000000002b330       0x28 build/dimming_server_nrf52832_xxAA_s132_7.0.1_Release/obj/timeslot.o
                0x000000000002b330                timeslot_end_is_pending
 .text.timeslot_length_get
                0x000000000002b358        0xc build/dimming_server_nrf52832_xxAA_s132_7.0.1_Release/obj/timeslot.o
                0x000000000002b358                timeslot_length_get
 .text.timeslot_remaining_time_get
                0x000000000002b364       0x24 build/dimming_server_nrf52832_xxAA_s132_7.0.1_Release/obj/timeslot.o
                0x000000000002b364                timeslot_remaining_time_get
 .text.timeslot_is_in_ts
                0x000000000002b388        0xc build/dimming_server_nrf52832_xxAA_s132_7.0.1_Release/obj/timeslot.o
                0x000000000002b388                timeslot_is_in_ts
 .text.timeslot_is_in_cb
                0x000000000002b394        0xc build/dimming_server_nrf52832_xxAA_s132_7.0.1_Release/obj/timeslot.o
                0x000000000002b394                timeslot_is_in_cb
 .text.timeslot_session_is_active
                0x000000000002b3a0       0x10 build/dimming_server_nrf52832_xxAA_s132_7.0.1_Release/obj/timeslot.o
                0x000000000002b3a0                timeslot_session_is_active
 .text.timeslot_trigger
                0x000000000002b3b0       0x24 build/dimming_server_nrf52832_xxAA_s132_7.0.1_Release/obj/timeslot.o
                0x000000000002b3b0                timeslot_trigger
 .text.timeslot_stop
                0x000000000002b3d4       0x1c build/dimming_server_nrf52832_xxAA_s132_7.0.1_Release/obj/timeslot.o
                0x000000000002b3d4                timeslot_stop
 .text.timeslot_restart
                0x000000000002b3f0       0x20 build/dimming_server_nrf52832_xxAA_s132_7.0.1_Release/obj/timeslot.o
                0x000000000002b3f0                timeslot_restart
 .text.timeslot_state_lock
                0x000000000002b410       0x24 build/dimming_server_nrf52832_xxAA_s132_7.0.1_Release/obj/timeslot.o
                0x000000000002b410                timeslot_state_lock
 .text.timer_mut_unlock
                0x000000000002b434       0x10 build/dimming_server_nrf52832_xxAA_s132_7.0.1_Release/obj/timeslot_timer.o
 .text.ts_timer_order_cb
                0x000000000002b444       0x64 build/dimming_server_nrf52832_xxAA_s132_7.0.1_Release/obj/timeslot_timer.o
                0x000000000002b444                ts_timer_order_cb
 .text.ts_timer_now
                0x000000000002b4a8       0x40 build/dimming_server_nrf52832_xxAA_s132_7.0.1_Release/obj/timeslot_timer.o
                0x000000000002b4a8                ts_timer_now
 .text.ts_timer_event_handler
                0x000000000002b4e8       0x6c build/dimming_server_nrf52832_xxAA_s132_7.0.1_Release/obj/timeslot_timer.o
                0x000000000002b4e8                ts_timer_event_handler
 .text.ts_timer_to_device_time
                0x000000000002b554        0xc build/dimming_server_nrf52832_xxAA_s132_7.0.1_Release/obj/timeslot_timer.o
                0x000000000002b554                ts_timer_to_device_time
 .text.ts_timer_on_ts_begin
                0x000000000002b560       0x64 build/dimming_server_nrf52832_xxAA_s132_7.0.1_Release/obj/timeslot_timer.o
                0x000000000002b560                ts_timer_on_ts_begin
 .text.ts_timer_on_ts_end
                0x000000000002b5c4       0x48 build/dimming_server_nrf52832_xxAA_s132_7.0.1_Release/obj/timeslot_timer.o
                0x000000000002b5c4                ts_timer_on_ts_end
 .text.trigger_event_handler
                0x000000000002b60c       0x1c build/dimming_server_nrf52832_xxAA_s132_7.0.1_Release/obj/bearer_event.o
 .text.bearer_event_init
                0x000000000002b628       0x58 build/dimming_server_nrf52832_xxAA_s132_7.0.1_Release/obj/bearer_event.o
                0x000000000002b628                bearer_event_init
 .text.bearer_event_start
                0x000000000002b680       0x44 build/dimming_server_nrf52832_xxAA_s132_7.0.1_Release/obj/bearer_event.o
                0x000000000002b680                bearer_event_start
 .text.bearer_event_critical_section_begin
                0x000000000002b6c4       0x80 build/dimming_server_nrf52832_xxAA_s132_7.0.1_Release/obj/bearer_event.o
                0x000000000002b6c4                bearer_event_critical_section_begin
 .text.bearer_event_critical_section_end
                0x000000000002b744       0x60 build/dimming_server_nrf52832_xxAA_s132_7.0.1_Release/obj/bearer_event.o
                0x000000000002b744                bearer_event_critical_section_end
 .text.bearer_event_flag_add
                0x000000000002b7a4       0x3c build/dimming_server_nrf52832_xxAA_s132_7.0.1_Release/obj/bearer_event.o
                0x000000000002b7a4                bearer_event_flag_add
 .text.bearer_event_flag_set
                0x000000000002b7e0       0x44 build/dimming_server_nrf52832_xxAA_s132_7.0.1_Release/obj/bearer_event.o
                0x000000000002b7e0                bearer_event_flag_set
 .text.bearer_event_sequential_add
                0x000000000002b824       0x2e build/dimming_server_nrf52832_xxAA_s132_7.0.1_Release/obj/bearer_event.o
                0x000000000002b824                bearer_event_sequential_add
 *fill*         0x000000000002b852        0x2 
 .text.bearer_event_sequential_post
                0x000000000002b854       0x44 build/dimming_server_nrf52832_xxAA_s132_7.0.1_Release/obj/bearer_event.o
                0x000000000002b854                bearer_event_sequential_post
 .text.bearer_event_sequential_pending
                0x000000000002b898       0x10 build/dimming_server_nrf52832_xxAA_s132_7.0.1_Release/obj/bearer_event.o
                0x000000000002b898                bearer_event_sequential_pending
 .text.bearer_event_handler
                0x000000000002b8a8       0xec build/dimming_server_nrf52832_xxAA_s132_7.0.1_Release/obj/bearer_event.o
                0x000000000002b8a8                bearer_event_handler
 .text.QDEC_IRQHandler
                0x000000000002b994        0x4 build/dimming_server_nrf52832_xxAA_s132_7.0.1_Release/obj/bearer_event.o
                0x000000000002b994                QDEC_IRQHandler
 .text.bearer_event_in_correct_irq_priority
                0x000000000002b998       0x74 build/dimming_server_nrf52832_xxAA_s132_7.0.1_Release/obj/bearer_event.o
                0x000000000002b998                bearer_event_in_correct_irq_priority
 .text.sd_ecb_block_encrypt
                0x000000000002ba0c        0x4 build/dimming_server_nrf52832_xxAA_s132_7.0.1_Release/obj/enc.o
 .text.enc_aes_encrypt
                0x000000000002ba10       0x5a build/dimming_server_nrf52832_xxAA_s132_7.0.1_Release/obj/enc.o
                0x000000000002ba10                enc_aes_encrypt
 .text.enc_aes_cmac
                0x000000000002ba6a        0x4 build/dimming_server_nrf52832_xxAA_s132_7.0.1_Release/obj/enc.o
                0x000000000002ba6a                enc_aes_cmac
 .text.enc_aes_ccm_encrypt
                0x000000000002ba6e        0x4 build/dimming_server_nrf52832_xxAA_s132_7.0.1_Release/obj/enc.o
                0x000000000002ba6e                enc_aes_ccm_encrypt
 .text.enc_aes_ccm_decrypt
                0x000000000002ba72        0x4 build/dimming_server_nrf52832_xxAA_s132_7.0.1_Release/obj/enc.o
                0x000000000002ba72                enc_aes_ccm_decrypt
 .text.enc_nonce_generate
                0x000000000002ba76       0xc6 build/dimming_server_nrf52832_xxAA_s132_7.0.1_Release/obj/enc.o
                0x000000000002ba76                enc_nonce_generate
 .text.enc_s1   0x000000000002bb3c       0x2c build/dimming_server_nrf52832_xxAA_s132_7.0.1_Release/obj/enc.o
                0x000000000002bb3c                enc_s1
 .text.enc_k1   0x000000000002bb68       0x42 build/dimming_server_nrf52832_xxAA_s132_7.0.1_Release/obj/enc.o
                0x000000000002bb68                enc_k1
 *fill*         0x000000000002bbaa        0x2 
 .text.enc_k2   0x000000000002bbac       0xc8 build/dimming_server_nrf52832_xxAA_s132_7.0.1_Release/obj/enc.o
                0x000000000002bbac                enc_k2
 .text.enc_k3   0x000000000002bc74       0x5c build/dimming_server_nrf52832_xxAA_s132_7.0.1_Release/obj/enc.o
                0x000000000002bc74                enc_k3
 .text.enc_k4   0x000000000002bcd0       0x54 build/dimming_server_nrf52832_xxAA_s132_7.0.1_Release/obj/enc.o
                0x000000000002bcd0                enc_k4
 .text.allocate_packet
                0x000000000002bd24       0x6e build/dimming_server_nrf52832_xxAA_s132_7.0.1_Release/obj/network.o
 *fill*         0x000000000002bd92        0x2 
 .text.network_init
                0x000000000002bd94       0x1c build/dimming_server_nrf52832_xxAA_s132_7.0.1_Release/obj/network.o
                0x000000000002bd94                network_init
 .text.network_enable
                0x000000000002bdb0        0xe build/dimming_server_nrf52832_xxAA_s132_7.0.1_Release/obj/network.o
                0x000000000002bdb0                network_enable
 .text.network_packet_alloc
                0x000000000002bdbe       0x42 build/dimming_server_nrf52832_xxAA_s132_7.0.1_Release/obj/network.o
                0x000000000002bdbe                network_packet_alloc
 .text.network_packet_send
                0x000000000002be00       0xc8 build/dimming_server_nrf52832_xxAA_s132_7.0.1_Release/obj/network.o
                0x000000000002be00                network_packet_send
 .text.network_packet_in
                0x000000000002bec8      0x284 build/dimming_server_nrf52832_xxAA_s132_7.0.1_Release/obj/network.o
                0x000000000002bec8                network_packet_in
 .text.nonce_type_get
                0x000000000002c14c       0x16 build/dimming_server_nrf52832_xxAA_s132_7.0.1_Release/obj/net_packet.o
 .text.header_transfuscate
                0x000000000002c162       0x5a build/dimming_server_nrf52832_xxAA_s132_7.0.1_Release/obj/net_packet.o
 .text.try_decrypt
                0x000000000002c1bc      0x168 build/dimming_server_nrf52832_xxAA_s132_7.0.1_Release/obj/net_packet.o
 .text.net_packet_decrypt
                0x000000000002c324       0x94 build/dimming_server_nrf52832_xxAA_s132_7.0.1_Release/obj/net_packet.o
                0x000000000002c324                net_packet_decrypt
 .text.net_packet_encrypt
                0x000000000002c3b8       0x7e build/dimming_server_nrf52832_xxAA_s132_7.0.1_Release/obj/net_packet.o
                0x000000000002c3b8                net_packet_encrypt
 .text.net_packet_header_set
                0x000000000002c436       0xaa build/dimming_server_nrf52832_xxAA_s132_7.0.1_Release/obj/net_packet.o
                0x000000000002c436                net_packet_header_set
 .text.net_packet_payload_len_get
                0x000000000002c4e0       0x10 build/dimming_server_nrf52832_xxAA_s132_7.0.1_Release/obj/net_packet.o
                0x000000000002c4e0                net_packet_payload_len_get
 .text.net_packet_from_payload
                0x000000000002c4f0        0x4 build/dimming_server_nrf52832_xxAA_s132_7.0.1_Release/obj/net_packet.o
                0x000000000002c4f0                net_packet_from_payload
 .text.net_packet_payload_get
                0x000000000002c4f4        0x4 build/dimming_server_nrf52832_xxAA_s132_7.0.1_Release/obj/net_packet.o
                0x000000000002c4f4                net_packet_payload_get
 .text.net_packet_obfuscation_start_get
                0x000000000002c4f8        0x4 build/dimming_server_nrf52832_xxAA_s132_7.0.1_Release/obj/net_packet.o
                0x000000000002c4f8                net_packet_obfuscation_start_get
 .text.stage_get_available
                0x000000000002c4fc       0x24 build/dimming_server_nrf52832_xxAA_s132_7.0.1_Release/obj/msqueue.o
 .text.msq_get  0x000000000002c520       0x38 build/dimming_server_nrf52832_xxAA_s132_7.0.1_Release/obj/msqueue.o
                0x000000000002c520                msq_get
 .text.msq_move
                0x000000000002c558       0x2e build/dimming_server_nrf52832_xxAA_s132_7.0.1_Release/obj/msqueue.o
                0x000000000002c558                msq_move
 .text.msq_reset
                0x000000000002c586       0x20 build/dimming_server_nrf52832_xxAA_s132_7.0.1_Release/obj/msqueue.o
                0x000000000002c586                msq_reset
 .text.msq_init
                0x000000000002c5a6       0x48 build/dimming_server_nrf52832_xxAA_s132_7.0.1_Release/obj/msqueue.o
                0x000000000002c5a6                msq_init
 .text.msq_available
                0x000000000002c5ee       0x26 build/dimming_server_nrf52832_xxAA_s132_7.0.1_Release/obj/msqueue.o
                0x000000000002c5ee                msq_available
 .text.nrf_mesh_keygen_aid
                0x000000000002c614       0x12 build/dimming_server_nrf52832_xxAA_s132_7.0.1_Release/obj/nrf_mesh_keygen.o
                0x000000000002c614                nrf_mesh_keygen_aid
 .text.nrf_mesh_keygen_network_secmat
                0x000000000002c626       0x22 build/dimming_server_nrf52832_xxAA_s132_7.0.1_Release/obj/nrf_mesh_keygen.o
                0x000000000002c626                nrf_mesh_keygen_network_secmat
 .text.nrf_mesh_keygen_beacon_secmat
                0x000000000002c648       0x50 build/dimming_server_nrf52832_xxAA_s132_7.0.1_Release/obj/nrf_mesh_keygen.o
                0x000000000002c648                nrf_mesh_keygen_beacon_secmat
 .text.nrf_mesh_keygen_identitykey
                0x000000000002c698       0x4c build/dimming_server_nrf52832_xxAA_s132_7.0.1_Release/obj/nrf_mesh_keygen.o
                0x000000000002c698                nrf_mesh_keygen_identitykey
 .text.nrf_mesh_keygen_virtual_address
                0x000000000002c6e4       0x50 build/dimming_server_nrf52832_xxAA_s132_7.0.1_Release/obj/nrf_mesh_keygen.o
                0x000000000002c6e4                nrf_mesh_keygen_virtual_address
 .text.erase_at
                0x000000000002c734       0x14 build/dimming_server_nrf52832_xxAA_s132_7.0.1_Release/obj/cache.o
 .text.cache_init
                0x000000000002c748       0x1e build/dimming_server_nrf52832_xxAA_s132_7.0.1_Release/obj/cache.o
                0x000000000002c748                cache_init
 .text.cache_has_elem
                0x000000000002c766       0x40 build/dimming_server_nrf52832_xxAA_s132_7.0.1_Release/obj/cache.o
                0x000000000002c766                cache_has_elem
 .text.cache_put
                0x000000000002c7a6       0x30 build/dimming_server_nrf52832_xxAA_s132_7.0.1_Release/obj/cache.o
                0x000000000002c7a6                cache_put
 .text.list_insert
                0x000000000002c7d6       0x1c build/dimming_server_nrf52832_xxAA_s132_7.0.1_Release/obj/list.o
 .text.list_add
                0x000000000002c7f2       0x42 build/dimming_server_nrf52832_xxAA_s132_7.0.1_Release/obj/list.o
                0x000000000002c7f2                list_add
 .text.list_remove
                0x000000000002c834       0x3a build/dimming_server_nrf52832_xxAA_s132_7.0.1_Release/obj/list.o
                0x000000000002c834                list_remove
 .text.list_compare_add
                0x000000000002c86e       0x56 build/dimming_server_nrf52832_xxAA_s132_7.0.1_Release/obj/list.o
                0x000000000002c86e                list_compare_add
 .text.log_callback_rtt
                0x000000000002c8c4       0x2c build/dimming_server_nrf52832_xxAA_s132_7.0.1_Release/obj/log.o
                0x000000000002c8c4                log_callback_rtt
 .text.log_init
                0x000000000002c8f0       0x1c build/dimming_server_nrf52832_xxAA_s132_7.0.1_Release/obj/log.o
                0x000000000002c8f0                log_init
 .text.log_vprintf
                0x000000000002c90c       0x1c build/dimming_server_nrf52832_xxAA_s132_7.0.1_Release/obj/log.o
                0x000000000002c90c                log_vprintf
 .text.log_printf
                0x000000000002c928       0x18 build/dimming_server_nrf52832_xxAA_s132_7.0.1_Release/obj/log.o
                0x000000000002c928                log_printf
 .text.get_area_end
                0x000000000002c940        0xc build/dimming_server_nrf52832_xxAA_s132_7.0.1_Release/obj/flash_manager.o
 .text.handle_matches_filter
                0x000000000002c94c       0x26 build/dimming_server_nrf52832_xxAA_s132_7.0.1_Release/obj/flash_manager.o
 .text.flash_area_is_blank
                0x000000000002c972       0x2a build/dimming_server_nrf52832_xxAA_s132_7.0.1_Release/obj/flash_manager.o
 .text.get_packet_buffer
                0x000000000002c99c       0x20 build/dimming_server_nrf52832_xxAA_s132_7.0.1_Release/obj/flash_manager.o
 .text.flash    0x000000000002c9bc       0x1c build/dimming_server_nrf52832_xxAA_s132_7.0.1_Release/obj/flash_manager.o
 .text.free_packet_buffer
                0x000000000002c9d8       0x3c build/dimming_server_nrf52832_xxAA_s132_7.0.1_Release/obj/flash_manager.o
 .text.reserve_action_buffer
                0x000000000002ca14       0x24 build/dimming_server_nrf52832_xxAA_s132_7.0.1_Release/obj/flash_manager.o
 .text.commit_action_buffer
                0x000000000002ca38       0x18 build/dimming_server_nrf52832_xxAA_s132_7.0.1_Release/obj/flash_manager.o
 .text.schedule_processing
                0x000000000002ca50        0xc build/dimming_server_nrf52832_xxAA_s132_7.0.1_Release/obj/flash_manager.o
 .text.get_next_entry
                0x000000000002ca5c       0x38 build/dimming_server_nrf52832_xxAA_s132_7.0.1_Release/obj/flash_manager.o
 .text.get_last_entry.isra.0
                0x000000000002ca94       0x30 build/dimming_server_nrf52832_xxAA_s132_7.0.1_Release/obj/flash_manager.o
 .text.process_action_queue
                0x000000000002cac4      0x3f4 build/dimming_server_nrf52832_xxAA_s132_7.0.1_Release/obj/flash_manager.o
 .text.flash_op_ended_callback
                0x000000000002ceb8       0x24 build/dimming_server_nrf52832_xxAA_s132_7.0.1_Release/obj/flash_manager.o
 .text.flash_manager_init
                0x000000000002cedc       0x68 build/dimming_server_nrf52832_xxAA_s132_7.0.1_Release/obj/flash_manager.o
                0x000000000002cedc                flash_manager_init
 .text.flash_manager_entries_read
                0x000000000002cf44       0xf6 build/dimming_server_nrf52832_xxAA_s132_7.0.1_Release/obj/flash_manager.o
                0x000000000002cf44                flash_manager_entries_read
 .text.flash_manager_entry_count_get
                0x000000000002d03a       0x20 build/dimming_server_nrf52832_xxAA_s132_7.0.1_Release/obj/flash_manager.o
                0x000000000002d03a                flash_manager_entry_count_get
 .text.flash_manager_entry_alloc
                0x000000000002d05a       0x72 build/dimming_server_nrf52832_xxAA_s132_7.0.1_Release/obj/flash_manager.o
                0x000000000002d05a                flash_manager_entry_alloc
 .text.flash_manager_entry_commit
                0x000000000002d0cc       0x2c build/dimming_server_nrf52832_xxAA_s132_7.0.1_Release/obj/flash_manager.o
                0x000000000002d0cc                flash_manager_entry_commit
 .text.flash_manager_entry_invalidate
                0x000000000002d0f8       0x4e build/dimming_server_nrf52832_xxAA_s132_7.0.1_Release/obj/flash_manager.o
                0x000000000002d0f8                flash_manager_entry_invalidate
 *fill*         0x000000000002d146        0x2 
 .text.flash_manager_add
                0x000000000002d148      0x26c build/dimming_server_nrf52832_xxAA_s132_7.0.1_Release/obj/flash_manager.o
                0x000000000002d148                flash_manager_add
 .text.flash_manager_is_stable
                0x000000000002d3b4       0x20 build/dimming_server_nrf52832_xxAA_s132_7.0.1_Release/obj/flash_manager.o
                0x000000000002d3b4                flash_manager_is_stable
 .text.flash_manager_on_defrag_end
                0x000000000002d3d4       0x4c build/dimming_server_nrf52832_xxAA_s132_7.0.1_Release/obj/flash_manager.o
                0x000000000002d3d4                flash_manager_on_defrag_end
 .text.flash_manager_recovery_page_get
                0x000000000002d420        0x4 build/dimming_server_nrf52832_xxAA_s132_7.0.1_Release/obj/flash_manager.o
                0x000000000002d420                flash_manager_recovery_page_get
 .text.flash_manager_action_queue_empty_cb_set
                0x000000000002d424       0x1c build/dimming_server_nrf52832_xxAA_s132_7.0.1_Release/obj/flash_manager.o
                0x000000000002d424                flash_manager_action_queue_empty_cb_set
 .text.utils_xor
                0x000000000002d440       0x14 build/dimming_server_nrf52832_xxAA_s132_7.0.1_Release/obj/ccm_soft.o
 .text.sd_ecb_block_encrypt
                0x000000000002d454        0x4 build/dimming_server_nrf52832_xxAA_s132_7.0.1_Release/obj/ccm_soft.o
 .text.ccm_soft_crypt
                0x000000000002d458       0x4e build/dimming_server_nrf52832_xxAA_s132_7.0.1_Release/obj/ccm_soft.o
 .text.ccm_soft_authenticate_blocks
                0x000000000002d4a6       0x6a build/dimming_server_nrf52832_xxAA_s132_7.0.1_Release/obj/ccm_soft.o
 .text.ccm_soft_authenticate
                0x000000000002d510       0x9e build/dimming_server_nrf52832_xxAA_s132_7.0.1_Release/obj/ccm_soft.o
 .text.ccm_soft_encrypt
                0x000000000002d5ae       0x74 build/dimming_server_nrf52832_xxAA_s132_7.0.1_Release/obj/ccm_soft.o
                0x000000000002d5ae                ccm_soft_encrypt
 .text.ccm_soft_decrypt
                0x000000000002d622       0xc6 build/dimming_server_nrf52832_xxAA_s132_7.0.1_Release/obj/ccm_soft.o
                0x000000000002d622                ccm_soft_decrypt
 .text.transport_sar_first_seq_num_get
                0x000000000002d6e8       0x12 build/dimming_server_nrf52832_xxAA_s132_7.0.1_Release/obj/replay_cache.o
 *fill*         0x000000000002d6fa        0x2 
 .text.iv_index_get.isra.0
                0x000000000002d6fc       0x34 build/dimming_server_nrf52832_xxAA_s132_7.0.1_Release/obj/replay_cache.o
 .text.evt_handler
                0x000000000002d730       0x70 build/dimming_server_nrf52832_xxAA_s132_7.0.1_Release/obj/replay_cache.o
 .text.entry_add
                0x000000000002d7a0       0x98 build/dimming_server_nrf52832_xxAA_s132_7.0.1_Release/obj/replay_cache.o
 .text.seqauth_is_new
                0x000000000002d838       0x64 build/dimming_server_nrf52832_xxAA_s132_7.0.1_Release/obj/replay_cache.o
 .text.replay_cache_enable
                0x000000000002d89c       0x10 build/dimming_server_nrf52832_xxAA_s132_7.0.1_Release/obj/replay_cache.o
                0x000000000002d89c                replay_cache_enable
 .text.replay_cache_add
                0x000000000002d8ac        0x6 build/dimming_server_nrf52832_xxAA_s132_7.0.1_Release/obj/replay_cache.o
                0x000000000002d8ac                replay_cache_add
 *fill*         0x000000000002d8b2        0x2 
 .text.replay_cache_seqauth_add
                0x000000000002d8b4       0x5c build/dimming_server_nrf52832_xxAA_s132_7.0.1_Release/obj/replay_cache.o
                0x000000000002d8b4                replay_cache_seqauth_add
 .text.replay_cache_has_elem
                0x000000000002d910       0x54 build/dimming_server_nrf52832_xxAA_s132_7.0.1_Release/obj/replay_cache.o
                0x000000000002d910                replay_cache_has_elem
 .text.replay_cache_has_seqauth
                0x000000000002d964       0x6c build/dimming_server_nrf52832_xxAA_s132_7.0.1_Release/obj/replay_cache.o
                0x000000000002d964                replay_cache_has_seqauth
 .text.replay_cache_is_seqauth_last
                0x000000000002d9d0       0x9c build/dimming_server_nrf52832_xxAA_s132_7.0.1_Release/obj/replay_cache.o
                0x000000000002d9d0                replay_cache_is_seqauth_last
 .text.replay_cache_clear
                0x000000000002da6c       0x18 build/dimming_server_nrf52832_xxAA_s132_7.0.1_Release/obj/replay_cache.o
                0x000000000002da6c                replay_cache_clear
 .text.replay_cache_init
                0x000000000002da84       0x14 build/dimming_server_nrf52832_xxAA_s132_7.0.1_Release/obj/replay_cache.o
                0x000000000002da84                replay_cache_init
 .text.beacon_packet_in.part.0
                0x000000000002da98       0xd0 build/dimming_server_nrf52832_xxAA_s132_7.0.1_Release/obj/beacon.o
 .text.beacon_packet_in
                0x000000000002db68       0x26 build/dimming_server_nrf52832_xxAA_s132_7.0.1_Release/obj/beacon.o
 .text.beacon_create
                0x000000000002db8e       0x4c build/dimming_server_nrf52832_xxAA_s132_7.0.1_Release/obj/beacon.o
                0x000000000002db8e                beacon_create
 *fill*         0x000000000002dbda        0x2 
 .text.entry_get
                0x000000000002dbdc       0x78 build/dimming_server_nrf52832_xxAA_s132_7.0.1_Release/obj/flash_manager_internal.o
                0x000000000002dbdc                entry_get
 .text.core_tx_complete_cb_set
                0x000000000002dc54        0xc build/dimming_server_nrf52832_xxAA_s132_7.0.1_Release/obj/core_tx.o
                0x000000000002dc54                core_tx_complete_cb_set
 .text.core_tx_packet_alloc
                0x000000000002dc60       0xa8 build/dimming_server_nrf52832_xxAA_s132_7.0.1_Release/obj/core_tx.o
                0x000000000002dc60                core_tx_packet_alloc
 .text.core_tx_packet_send
                0x000000000002dd08       0x4c build/dimming_server_nrf52832_xxAA_s132_7.0.1_Release/obj/core_tx.o
                0x000000000002dd08                core_tx_packet_send
 .text.core_tx_packet_discard
                0x000000000002dd54       0x40 build/dimming_server_nrf52832_xxAA_s132_7.0.1_Release/obj/core_tx.o
                0x000000000002dd54                core_tx_packet_discard
 .text.core_tx_complete
                0x000000000002dd94       0x34 build/dimming_server_nrf52832_xxAA_s132_7.0.1_Release/obj/core_tx.o
                0x000000000002dd94                core_tx_complete
 .text.core_tx_bearer_add
                0x000000000002ddc8       0x74 build/dimming_server_nrf52832_xxAA_s132_7.0.1_Release/obj/core_tx.o
                0x000000000002ddc8                core_tx_bearer_add
 .text.hb_pub_deleter
                0x000000000002de3c       0x28 build/dimming_server_nrf52832_xxAA_s132_7.0.1_Release/obj/heartbeat.o
 .text.hb_pub_getter
                0x000000000002de64       0x3c build/dimming_server_nrf52832_xxAA_s132_7.0.1_Release/obj/heartbeat.o
 .text.heartbeat_opcode_handle
                0x000000000002dea0       0x88 build/dimming_server_nrf52832_xxAA_s132_7.0.1_Release/obj/heartbeat.o
 .text.hb_pub_setter
                0x000000000002df28       0xd0 build/dimming_server_nrf52832_xxAA_s132_7.0.1_Release/obj/heartbeat.o
 .text.heartbeat_subscription_timer_cb
                0x000000000002dff8       0x3c build/dimming_server_nrf52832_xxAA_s132_7.0.1_Release/obj/heartbeat.o
 .text.heartbeat_publish
                0x000000000002e034       0xa4 build/dimming_server_nrf52832_xxAA_s132_7.0.1_Release/obj/heartbeat.o
 .text.on_feature_update
                0x000000000002e0d8       0x34 build/dimming_server_nrf52832_xxAA_s132_7.0.1_Release/obj/heartbeat.o
 .text.heartbeat_relay_listener_cb
                0x000000000002e10c       0x1c build/dimming_server_nrf52832_xxAA_s132_7.0.1_Release/obj/heartbeat.o
 .text.heartbeat_proxy_listener_cb
                0x000000000002e128       0x14 build/dimming_server_nrf52832_xxAA_s132_7.0.1_Release/obj/heartbeat.o
 .text.heartbeat_core_evt_cb
                0x000000000002e13c       0x18 build/dimming_server_nrf52832_xxAA_s132_7.0.1_Release/obj/heartbeat.o
 .text.heartbeat_publication_timer_cb
                0x000000000002e154       0x54 build/dimming_server_nrf52832_xxAA_s132_7.0.1_Release/obj/heartbeat.o
 .text.heartbeat_init
                0x000000000002e1a8       0x58 build/dimming_server_nrf52832_xxAA_s132_7.0.1_Release/obj/heartbeat.o
                0x000000000002e1a8                heartbeat_init
 .text.heartbeat_subscription_set
                0x000000000002e200       0xd0 build/dimming_server_nrf52832_xxAA_s132_7.0.1_Release/obj/heartbeat.o
                0x000000000002e200                heartbeat_subscription_set
 .text.heartbeat_subscription_get
                0x000000000002e2d0        0x8 build/dimming_server_nrf52832_xxAA_s132_7.0.1_Release/obj/heartbeat.o
                0x000000000002e2d0                heartbeat_subscription_get
 .text.heartbeat_publication_get
                0x000000000002e2d8        0x8 build/dimming_server_nrf52832_xxAA_s132_7.0.1_Release/obj/heartbeat.o
                0x000000000002e2d8                heartbeat_publication_get
 .text.heartbeat_publication_set
                0x000000000002e2e0       0x18 build/dimming_server_nrf52832_xxAA_s132_7.0.1_Release/obj/heartbeat.o
                0x000000000002e2e0                heartbeat_publication_set
 .text.heartbeat_public_info_getter_register
                0x000000000002e2f8       0x14 build/dimming_server_nrf52832_xxAA_s132_7.0.1_Release/obj/heartbeat.o
                0x000000000002e2f8                heartbeat_public_info_getter_register
 .text.beacon_deleter
                0x000000000002e30c       0x34 build/dimming_server_nrf52832_xxAA_s132_7.0.1_Release/obj/net_beacon.o
 .text.beacon_getter
                0x000000000002e340       0x24 build/dimming_server_nrf52832_xxAA_s132_7.0.1_Release/obj/net_beacon.o
 .text.beacon_setter
                0x000000000002e364       0x5c build/dimming_server_nrf52832_xxAA_s132_7.0.1_Release/obj/net_beacon.o
 .text.make_network_beacon_packet
                0x000000000002e3c0       0x44 build/dimming_server_nrf52832_xxAA_s132_7.0.1_Release/obj/net_beacon.o
 .text.beacon_tx
                0x000000000002e404      0x150 build/dimming_server_nrf52832_xxAA_s132_7.0.1_Release/obj/net_beacon.o
 .text.tx_complete_cb
                0x000000000002e554        0xe build/dimming_server_nrf52832_xxAA_s132_7.0.1_Release/obj/net_beacon.o
 .text.beacon_tx_timeout
                0x000000000002e562        0x4 build/dimming_server_nrf52832_xxAA_s132_7.0.1_Release/obj/net_beacon.o
 .text.is_valid_beacon_pkt.part.0
                0x000000000002e566       0x30 build/dimming_server_nrf52832_xxAA_s132_7.0.1_Release/obj/net_beacon.o
 *fill*         0x000000000002e596        0x2 
 .text.net_beacon_init
                0x000000000002e598       0x7c build/dimming_server_nrf52832_xxAA_s132_7.0.1_Release/obj/net_beacon.o
                0x000000000002e598                net_beacon_init
 .text.net_beacon_enable
                0x000000000002e614       0x28 build/dimming_server_nrf52832_xxAA_s132_7.0.1_Release/obj/net_beacon.o
                0x000000000002e614                net_beacon_enable
 .text.net_beacon_state_set
                0x000000000002e63c       0x24 build/dimming_server_nrf52832_xxAA_s132_7.0.1_Release/obj/net_beacon.o
                0x000000000002e63c                net_beacon_state_set
 .text.net_beacon_state_get
                0x000000000002e660       0x24 build/dimming_server_nrf52832_xxAA_s132_7.0.1_Release/obj/net_beacon.o
                0x000000000002e660                net_beacon_state_get
 .text.net_beacon_build
                0x000000000002e684       0x24 build/dimming_server_nrf52832_xxAA_s132_7.0.1_Release/obj/net_beacon.o
                0x000000000002e684                net_beacon_build
 .text.net_beacon_packet_in
                0x000000000002e6a8      0x144 build/dimming_server_nrf52832_xxAA_s132_7.0.1_Release/obj/net_beacon.o
                0x000000000002e6a8                net_beacon_packet_in
 .text.file_params_find
                0x000000000002e7ec       0x20 build/dimming_server_nrf52832_xxAA_s132_7.0.1_Release/obj/mesh_config.o
 .text.listeners_notify
                0x000000000002e80c       0x50 build/dimming_server_nrf52832_xxAA_s132_7.0.1_Release/obj/mesh_config.o
 .text.dirty_entries_process
                0x000000000002e85c       0xb4 build/dimming_server_nrf52832_xxAA_s132_7.0.1_Release/obj/mesh_config.o
 .text.entry_flags_get.isra.0
                0x000000000002e910       0x1c build/dimming_server_nrf52832_xxAA_s132_7.0.1_Release/obj/mesh_config.o
 .text.entry_params_find
                0x000000000002e92c       0x38 build/dimming_server_nrf52832_xxAA_s132_7.0.1_Release/obj/mesh_config.o
 .text.restore_callback
                0x000000000002e964       0x94 build/dimming_server_nrf52832_xxAA_s132_7.0.1_Release/obj/mesh_config.o
 .text.mesh_config_init
                0x000000000002e9f8       0x8c build/dimming_server_nrf52832_xxAA_s132_7.0.1_Release/obj/mesh_config.o
                0x000000000002e9f8                mesh_config_init
 .text.mesh_config_load
                0x000000000002ea84        0xc build/dimming_server_nrf52832_xxAA_s132_7.0.1_Release/obj/mesh_config.o
                0x000000000002ea84                mesh_config_load
 .text.mesh_config_is_busy
                0x000000000002ea90       0x6c build/dimming_server_nrf52832_xxAA_s132_7.0.1_Release/obj/mesh_config.o
                0x000000000002ea90                mesh_config_is_busy
 .text.backend_evt_handler
                0x000000000002eafc       0x9c build/dimming_server_nrf52832_xxAA_s132_7.0.1_Release/obj/mesh_config.o
 .text.mesh_config_entry_set
                0x000000000002eb98       0x68 build/dimming_server_nrf52832_xxAA_s132_7.0.1_Release/obj/mesh_config.o
                0x000000000002eb98                mesh_config_entry_set
 .text.mesh_config_entry_get
                0x000000000002ec00       0x3c build/dimming_server_nrf52832_xxAA_s132_7.0.1_Release/obj/mesh_config.o
                0x000000000002ec00                mesh_config_entry_get
 .text.mesh_config_entry_delete
                0x000000000002ec3c       0x4a build/dimming_server_nrf52832_xxAA_s132_7.0.1_Release/obj/mesh_config.o
                0x000000000002ec3c                mesh_config_entry_delete
 .text.fsm_event_post_try
                0x000000000002ec86       0xaa build/dimming_server_nrf52832_xxAA_s132_7.0.1_Release/obj/fsm.o
 .text.fsm_init
                0x000000000002ed30       0x62 build/dimming_server_nrf52832_xxAA_s132_7.0.1_Release/obj/fsm.o
                0x000000000002ed30                fsm_init
 .text.fsm_event_post
                0x000000000002ed92       0x46 build/dimming_server_nrf52832_xxAA_s132_7.0.1_Release/obj/fsm.o
                0x000000000002ed92                fsm_event_post
 .text.fsm_is_processing
                0x000000000002edd8        0xa build/dimming_server_nrf52832_xxAA_s132_7.0.1_Release/obj/fsm.o
                0x000000000002edd8                fsm_is_processing
 .text.dummy_event
                0x000000000002ede2        0x2 build/dimming_server_nrf52832_xxAA_s132_7.0.1_Release/obj/mesh_config_backend.o
 .text.file_get
                0x000000000002ede4       0x34 build/dimming_server_nrf52832_xxAA_s132_7.0.1_Release/obj/mesh_config_backend.o
 .text.mesh_config_backend_init
                0x000000000002ee18      0x114 build/dimming_server_nrf52832_xxAA_s132_7.0.1_Release/obj/mesh_config_backend.o
                0x000000000002ee18                mesh_config_backend_init
 .text.mesh_config_backend_store
                0x000000000002ef2c       0x4c build/dimming_server_nrf52832_xxAA_s132_7.0.1_Release/obj/mesh_config_backend.o
                0x000000000002ef2c                mesh_config_backend_store
 .text.mesh_config_backend_erase
                0x000000000002ef78       0x32 build/dimming_server_nrf52832_xxAA_s132_7.0.1_Release/obj/mesh_config_backend.o
                0x000000000002ef78                mesh_config_backend_erase
 *fill*         0x000000000002efaa        0x2 
 .text.mesh_config_backend_read_all
                0x000000000002efac       0x38 build/dimming_server_nrf52832_xxAA_s132_7.0.1_Release/obj/mesh_config_backend.o
                0x000000000002efac                mesh_config_backend_read_all
 .text.entry_read_cb
                0x000000000002efe4       0x34 build/dimming_server_nrf52832_xxAA_s132_7.0.1_Release/obj/mesh_config_flashman_glue.o
 .text.write_complete_cb
                0x000000000002f018       0x2c build/dimming_server_nrf52832_xxAA_s132_7.0.1_Release/obj/mesh_config_flashman_glue.o
 .text.invalidate_complete_cb
                0x000000000002f044       0x2c build/dimming_server_nrf52832_xxAA_s132_7.0.1_Release/obj/mesh_config_flashman_glue.o
 .text.remove_complete_cb
                0x000000000002f070        0x2 build/dimming_server_nrf52832_xxAA_s132_7.0.1_Release/obj/mesh_config_flashman_glue.o
 .text.flash_stable_cb
                0x000000000002f072       0x20 build/dimming_server_nrf52832_xxAA_s132_7.0.1_Release/obj/mesh_config_flashman_glue.o
 *fill*         0x000000000002f092        0x2 
 .text.mesh_config_backend_glue_init
                0x000000000002f094       0x28 build/dimming_server_nrf52832_xxAA_s132_7.0.1_Release/obj/mesh_config_flashman_glue.o
                0x000000000002f094                mesh_config_backend_glue_init
 .text.mesh_config_backend_file_create
                0x000000000002f0bc       0x98 build/dimming_server_nrf52832_xxAA_s132_7.0.1_Release/obj/mesh_config_flashman_glue.o
                0x000000000002f0bc                mesh_config_backend_file_create
 .text.mesh_config_backend_record_write
                0x000000000002f154       0x2c build/dimming_server_nrf52832_xxAA_s132_7.0.1_Release/obj/mesh_config_flashman_glue.o
                0x000000000002f154                mesh_config_backend_record_write
 .text.mesh_config_backend_record_erase